
> movie-discovery-platform@0.1.0 test
> jest

node.exe : PASS src/features/movies/components/TrendingMovies.test.tsx
At line:1 char:1
+ & "D:\/node.exe" "D:\/node_modules/npm/bin/npm-cli.js" test
+ ~~~~~~~~~~~~~~~~~~~~~~~~~~~~~~~~~~~~~~~~~~~~~~~~~~~~~~~~~~~
    + CategoryInfo          : NotSpecified: (PASS src/featur...Movies.test.tsx:String) [ 
   ], RemoteException
    + FullyQualifiedErrorId : NativeCommandError
 
FAIL src/lib/parsers/movie-parser.test.ts
  ΓùÅ Movie Parser ΓÇ║ parseMovieDetails ΓÇ║ should handle missing optional fields with 
defaults

    expect(received).toBe(expected) // Object.is equality

    Expected: ""
    Received: undefined

    [0m [90m 143 |[39m       [36mconst[39m result [33m=[39m 
parseMovieDetails(minimalData)[33m;[39m
     [90m 144 |[39m
    [31m[1m>[22m[39m[90m 145 |[39m       
expect(result[33m.[39moverview)[33m.[39mtoBe([32m''[39m)[33m;[39m
     [90m     |[39m                               [31m[1m^[22m[39m
     [90m 146 |[39m       
expect(result[33m.[39mgenres)[33m.[39mtoEqual([])[33m;[39m
     [90m 147 |[39m       
expect(result[33m.[39mruntime)[33m.[39mtoBe([35m0[39m)[33m;[39m
     [90m 148 |[39m       
expect(result[33m.[39mvote_average)[33m.[39mtoBe([35m0[39m)[33m;[39m[0m

      at Object.toBe (src/lib/parsers/movie-parser.test.ts:145:31)

PASS src/features/movies/components/RelatedMovies.test.tsx
PASS src/features/search/components/SearchBar.test.tsx
PASS src/features/vidsrc-streaming/components/VidsrcStreamingPlayer.security.test.tsx
PASS src/features/vidsrc-streaming/services/VidsrcConfigurationManager.test.ts
  ΓùÅ Console

    console.log
      [Vidsrc] Domain failure recorded: vidsrc-embed.ru (failures: 1/3)

      at VidsrcConfigurationManager.log [as markDomainFailed] 
(src/features/vidsrc-streaming/services/VidsrcConfigurationManager.ts:102:15)
          at Array.forEach (<anonymous>)

    console.log
      [Vidsrc] Domain failure recorded: vidsrc-embed.ru (failures: 2/3)

      at VidsrcConfigurationManager.log [as markDomainFailed] 
(src/features/vidsrc-streaming/services/VidsrcConfigurationManager.ts:102:15)
          at Array.forEach (<anonymous>)

    console.log
      [Vidsrc] Domain failure recorded: vidsrc-embed.ru (failures: 3/3)

      at VidsrcConfigurationManager.log [as markDomainFailed] 
(src/features/vidsrc-streaming/services/VidsrcConfigurationManager.ts:102:15)
          at Array.forEach (<anonymous>)

    console.log
      [Vidsrc] Domain marked as unhealthy: vidsrc-embed.ru (failures: 4)

      at VidsrcConfigurationManager.log [as markDomainFailed] 
(src/features/vidsrc-streaming/services/VidsrcConfigurationManager.ts:98:15)
          at Array.forEach (<anonymous>)

    console.log
      [Vidsrc] Domain failure recorded: vidsrc-embed.su (failures: 1/3)

      at VidsrcConfigurationManager.log [as markDomainFailed] 
(src/features/vidsrc-streaming/services/VidsrcConfigurationManager.ts:102:15)
          at Array.forEach (<anonymous>)

    console.log
      [Vidsrc] Domain failure recorded: vidsrc-embed.su (failures: 2/3)

      at VidsrcConfigurationManager.log [as markDomainFailed] 
(src/features/vidsrc-streaming/services/VidsrcConfigurationManager.ts:102:15)
          at Array.forEach (<anonymous>)

    console.log
      [Vidsrc] Domain failure recorded: vidsrc-embed.su (failures: 3/3)

      at VidsrcConfigurationManager.log [as markDomainFailed] 
(src/features/vidsrc-streaming/services/VidsrcConfigurationManager.ts:102:15)
          at Array.forEach (<anonymous>)

    console.log
      [Vidsrc] Domain marked as unhealthy: vidsrc-embed.su (failures: 4)

      at VidsrcConfigurationManager.log [as markDomainFailed] 
(src/features/vidsrc-streaming/services/VidsrcConfigurationManager.ts:98:15)
          at Array.forEach (<anonymous>)

    console.log
      [Vidsrc] Domain failure recorded: vidsrcme.su (failures: 1/3)

      at VidsrcConfigurationManager.log [as markDomainFailed] 
(src/features/vidsrc-streaming/services/VidsrcConfigurationManager.ts:102:15)
          at Array.forEach (<anonymous>)

    console.log
      [Vidsrc] Domain failure recorded: vidsrcme.su (failures: 2/3)

      at VidsrcConfigurationManager.log [as markDomainFailed] 
(src/features/vidsrc-streaming/services/VidsrcConfigurationManager.ts:102:15)
          at Array.forEach (<anonymous>)

    console.log
      [Vidsrc] Domain failure recorded: vidsrcme.su (failures: 3/3)

      at VidsrcConfigurationManager.log [as markDomainFailed] 
(src/features/vidsrc-streaming/services/VidsrcConfigurationManager.ts:102:15)
          at Array.forEach (<anonymous>)

    console.log
      [Vidsrc] Domain marked as unhealthy: vidsrcme.su (failures: 4)

      at VidsrcConfigurationManager.log [as markDomainFailed] 
(src/features/vidsrc-streaming/services/VidsrcConfigurationManager.ts:98:15)
          at Array.forEach (<anonymous>)

    console.log
      [Vidsrc] Domain failure recorded: vsrc.su (failures: 1/3)

      at VidsrcConfigurationManager.log [as markDomainFailed] 
(src/features/vidsrc-streaming/services/VidsrcConfigurationManager.ts:102:15)
          at Array.forEach (<anonymous>)

    console.log
      [Vidsrc] Domain failure recorded: vsrc.su (failures: 2/3)

      at VidsrcConfigurationManager.log [as markDomainFailed] 
(src/features/vidsrc-streaming/services/VidsrcConfigurationManager.ts:102:15)
          at Array.forEach (<anonymous>)

    console.log
      [Vidsrc] Domain failure recorded: vsrc.su (failures: 3/3)

      at VidsrcConfigurationManager.log [as markDomainFailed] 
(src/features/vidsrc-streaming/services/VidsrcConfigurationManager.ts:102:15)
          at Array.forEach (<anonymous>)

    console.log
      [Vidsrc] Domain marked as unhealthy: vsrc.su (failures: 4)

      at VidsrcConfigurationManager.log [as markDomainFailed] 
(src/features/vidsrc-streaming/services/VidsrcConfigurationManager.ts:98:15)
          at Array.forEach (<anonymous>)

    console.log
      [Vidsrc] Domain failure recorded: vidsrc-embed.ru (failures: 1/3)

      at VidsrcConfigurationManager.log [as markDomainFailed] 
(src/features/vidsrc-streaming/services/VidsrcConfigurationManager.ts:102:15)

    console.log
      [Vidsrc] Domain failure recorded: vidsrc-embed.ru (failures: 2/3)

      at VidsrcConfigurationManager.log [as markDomainFailed] 
(src/features/vidsrc-streaming/services/VidsrcConfigurationManager.ts:102:15)

    console.log
      [Vidsrc] Domain failure recorded: vidsrc-embed.ru (failures: 3/3)

      at VidsrcConfigurationManager.log [as markDomainFailed] 
(src/features/vidsrc-streaming/services/VidsrcConfigurationManager.ts:102:15)

    console.log
      [Vidsrc] Domain marked as unhealthy: vidsrc-embed.ru (failures: 4)

      at VidsrcConfigurationManager.log [as markDomainFailed] 
(src/features/vidsrc-streaming/services/VidsrcConfigurationManager.ts:98:15)

    console.log
      [Vidsrc] Domain failure recorded: vidsrc-embed.ru (failures: 1/3)

      at VidsrcConfigurationManager.log [as markDomainFailed] 
(src/features/vidsrc-streaming/services/VidsrcConfigurationManager.ts:102:15)

    console.log
      [Vidsrc] Domain failure recorded: vidsrc-embed.ru (failures: 2/3)

      at VidsrcConfigurationManager.log [as markDomainFailed] 
(src/features/vidsrc-streaming/services/VidsrcConfigurationManager.ts:102:15)

    console.log
      [Vidsrc] Domain failure recorded: vidsrc-embed.su (failures: 1/3)

      at VidsrcConfigurationManager.log [as markDomainFailed] 
(src/features/vidsrc-streaming/services/VidsrcConfigurationManager.ts:102:15)

    console.log
      [Vidsrc] Domain failure recorded: vidsrc-embed.ru (failures: 1/3)

      at VidsrcConfigurationManager.log [as markDomainFailed] 
(src/features/vidsrc-streaming/services/VidsrcConfigurationManager.ts:102:15)

    console.log
      [Vidsrc] Domain failure recorded: vidsrc-embed.ru (failures: 1/3)

      at VidsrcConfigurationManager.log [as markDomainFailed] 
(src/features/vidsrc-streaming/services/VidsrcConfigurationManager.ts:102:15)

    console.log
      [Vidsrc] Domain failure recorded: vidsrc-embed.ru (failures: 1/3)

      at VidsrcConfigurationManager.log [as markDomainFailed] 
(src/features/vidsrc-streaming/services/VidsrcConfigurationManager.ts:102:15)

    console.log
      [Vidsrc] Domain failure recorded: vidsrc-embed.ru (failures: 2/3)

      at VidsrcConfigurationManager.log [as markDomainFailed] 
(src/features/vidsrc-streaming/services/VidsrcConfigurationManager.ts:102:15)

    console.log
      [Vidsrc] Domain failure recorded: vidsrc-embed.ru (failures: 3/3)

      at VidsrcConfigurationManager.log [as markDomainFailed] 
(src/features/vidsrc-streaming/services/VidsrcConfigurationManager.ts:102:15)

    console.log
      [Vidsrc] Domain marked as unhealthy: vidsrc-embed.ru (failures: 4)

      at VidsrcConfigurationManager.log [as markDomainFailed] 
(src/features/vidsrc-streaming/services/VidsrcConfigurationManager.ts:98:15)

    console.log
      [Vidsrc] Domain failure recorded: vidsrc-embed.ru (failures: 1/3)

      at VidsrcConfigurationManager.log [as markDomainFailed] 
(src/features/vidsrc-streaming/services/VidsrcConfigurationManager.ts:102:15)

    console.log
      [Vidsrc] Domain failure recorded: vidsrc-embed.ru (failures: 2/3)

      at VidsrcConfigurationManager.log [as markDomainFailed] 
(src/features/vidsrc-streaming/services/VidsrcConfigurationManager.ts:102:15)

    console.log
      [Vidsrc] Domain failure recorded: vidsrc-embed.ru (failures: 3/3)

      at VidsrcConfigurationManager.log [as markDomainFailed] 
(src/features/vidsrc-streaming/services/VidsrcConfigurationManager.ts:102:15)

    console.log
      [Vidsrc] Domain failure recorded: vidsrc-embed.ru (failures: 1/3)

      at VidsrcConfigurationManager.log [as markDomainFailed] 
(src/features/vidsrc-streaming/services/VidsrcConfigurationManager.ts:102:15)

    console.log
      [Vidsrc] Domain failure recorded: vidsrc-embed.ru (failures: 2/3)

      at VidsrcConfigurationManager.log [as markDomainFailed] 
(src/features/vidsrc-streaming/services/VidsrcConfigurationManager.ts:102:15)

    console.log
      [Vidsrc] Domain failure recorded: vidsrc-embed.ru (failures: 3/3)

      at VidsrcConfigurationManager.log [as markDomainFailed] 
(src/features/vidsrc-streaming/services/VidsrcConfigurationManager.ts:102:15)

    console.log
      [Vidsrc] Domain marked as unhealthy: vidsrc-embed.ru (failures: 4)

      at VidsrcConfigurationManager.log [as markDomainFailed] 
(src/features/vidsrc-streaming/services/VidsrcConfigurationManager.ts:98:15)

    console.log
      [Vidsrc] All domains reset to healthy state

      at VidsrcConfigurationManager.log [as resetDomains] 
(src/features/vidsrc-streaming/services/VidsrcConfigurationManager.ts:123:13)

    console.log
      [Vidsrc] Domain failure recorded: vidsrc-embed.ru (failures: 1/3)

      at VidsrcConfigurationManager.log [as markDomainFailed] 
(src/features/vidsrc-streaming/services/VidsrcConfigurationManager.ts:102:15)

    console.log
      [Vidsrc] Domain failure recorded: vidsrc-embed.ru (failures: 2/3)

      at VidsrcConfigurationManager.log [as markDomainFailed] 
(src/features/vidsrc-streaming/services/VidsrcConfigurationManager.ts:102:15)

    console.log
      [Vidsrc] All domains reset to healthy state

      at VidsrcConfigurationManager.log [as resetDomains] 
(src/features/vidsrc-streaming/services/VidsrcConfigurationManager.ts:123:13)

    console.log
      [Vidsrc] Domain failure recorded: vidsrc-embed.ru (failures: 1/3)

      at VidsrcConfigurationManager.log [as markDomainFailed] 
(src/features/vidsrc-streaming/services/VidsrcConfigurationManager.ts:102:15)

    console.log
      [Vidsrc] Domain failure recorded: vidsrc-embed.ru (failures: 2/3)

      at VidsrcConfigurationManager.log [as markDomainFailed] 
(src/features/vidsrc-streaming/services/VidsrcConfigurationManager.ts:102:15)

    console.log
      [Vidsrc] Domain failure recorded: vidsrc-embed.ru (failures: 3/3)

      at VidsrcConfigurationManager.log [as markDomainFailed] 
(src/features/vidsrc-streaming/services/VidsrcConfigurationManager.ts:102:15)

    console.log
      [Vidsrc] Domain marked as unhealthy: vidsrc-embed.ru (failures: 4)

      at VidsrcConfigurationManager.log [as markDomainFailed] 
(src/features/vidsrc-streaming/services/VidsrcConfigurationManager.ts:98:15)

    console.log
      [Vidsrc] All domains reset to healthy state

      at VidsrcConfigurationManager.log [as resetDomains] 
(src/features/vidsrc-streaming/services/VidsrcConfigurationManager.ts:123:13)

    console.log
      [Vidsrc] Domain failure recorded: vidsrc-embed.ru (failures: 1/3)

      at VidsrcConfigurationManager.log [as markDomainFailed] 
(src/features/vidsrc-streaming/services/VidsrcConfigurationManager.ts:102:15)

    console.log
      [Vidsrc] All domains reset to healthy state

      at VidsrcConfigurationManager.log [as resetDomains] 
(src/features/vidsrc-streaming/services/VidsrcConfigurationManager.ts:123:13)

    console.log
      [Vidsrc] Domain failure recorded: vidsrc-embed.ru (failures: 1/3)

      at VidsrcConfigurationManager.log [as markDomainFailed] 
(src/features/vidsrc-streaming/services/VidsrcConfigurationManager.ts:102:15)
          at Array.forEach (<anonymous>)

    console.log
      [Vidsrc] Domain failure recorded: vidsrc-embed.ru (failures: 2/3)

      at VidsrcConfigurationManager.log [as markDomainFailed] 
(src/features/vidsrc-streaming/services/VidsrcConfigurationManager.ts:102:15)
          at Array.forEach (<anonymous>)

    console.log
      [Vidsrc] Domain failure recorded: vidsrc-embed.ru (failures: 3/3)

      at VidsrcConfigurationManager.log [as markDomainFailed] 
(src/features/vidsrc-streaming/services/VidsrcConfigurationManager.ts:102:15)
          at Array.forEach (<anonymous>)

    console.log
      [Vidsrc] Domain marked as unhealthy: vidsrc-embed.ru (failures: 4)

      at VidsrcConfigurationManager.log [as markDomainFailed] 
(src/features/vidsrc-streaming/services/VidsrcConfigurationManager.ts:98:15)
          at Array.forEach (<anonymous>)

    console.log
      [Vidsrc] Domain failure recorded: vidsrc-embed.su (failures: 1/3)

      at VidsrcConfigurationManager.log [as markDomainFailed] 
(src/features/vidsrc-streaming/services/VidsrcConfigurationManager.ts:102:15)
          at Array.forEach (<anonymous>)

    console.log
      [Vidsrc] Domain failure recorded: vidsrc-embed.su (failures: 2/3)

      at VidsrcConfigurationManager.log [as markDomainFailed] 
(src/features/vidsrc-streaming/services/VidsrcConfigurationManager.ts:102:15)
          at Array.forEach (<anonymous>)

    console.log
      [Vidsrc] Domain failure recorded: vidsrc-embed.su (failures: 3/3)

      at VidsrcConfigurationManager.log [as markDomainFailed] 
(src/features/vidsrc-streaming/services/VidsrcConfigurationManager.ts:102:15)
          at Array.forEach (<anonymous>)

    console.log
      [Vidsrc] Domain marked as unhealthy: vidsrc-embed.su (failures: 4)

      at VidsrcConfigurationManager.log [as markDomainFailed] 
(src/features/vidsrc-streaming/services/VidsrcConfigurationManager.ts:98:15)
          at Array.forEach (<anonymous>)

    console.log
      [Vidsrc] Domain failure recorded: vidsrcme.su (failures: 1/3)

      at VidsrcConfigurationManager.log [as markDomainFailed] 
(src/features/vidsrc-streaming/services/VidsrcConfigurationManager.ts:102:15)
          at Array.forEach (<anonymous>)

    console.log
      [Vidsrc] Domain failure recorded: vidsrcme.su (failures: 2/3)

      at VidsrcConfigurationManager.log [as markDomainFailed] 
(src/features/vidsrc-streaming/services/VidsrcConfigurationManager.ts:102:15)
          at Array.forEach (<anonymous>)

    console.log
      [Vidsrc] Domain failure recorded: vidsrcme.su (failures: 3/3)

      at VidsrcConfigurationManager.log [as markDomainFailed] 
(src/features/vidsrc-streaming/services/VidsrcConfigurationManager.ts:102:15)
          at Array.forEach (<anonymous>)

    console.log
      [Vidsrc] Domain marked as unhealthy: vidsrcme.su (failures: 4)

      at VidsrcConfigurationManager.log [as markDomainFailed] 
(src/features/vidsrc-streaming/services/VidsrcConfigurationManager.ts:98:15)
          at Array.forEach (<anonymous>)

    console.log
      [Vidsrc] Domain failure recorded: vsrc.su (failures: 1/3)

      at VidsrcConfigurationManager.log [as markDomainFailed] 
(src/features/vidsrc-streaming/services/VidsrcConfigurationManager.ts:102:15)
          at Array.forEach (<anonymous>)

    console.log
      [Vidsrc] Domain failure recorded: vsrc.su (failures: 2/3)

      at VidsrcConfigurationManager.log [as markDomainFailed] 
(src/features/vidsrc-streaming/services/VidsrcConfigurationManager.ts:102:15)
          at Array.forEach (<anonymous>)

    console.log
      [Vidsrc] Domain failure recorded: vsrc.su (failures: 3/3)

      at VidsrcConfigurationManager.log [as markDomainFailed] 
(src/features/vidsrc-streaming/services/VidsrcConfigurationManager.ts:102:15)
          at Array.forEach (<anonymous>)

    console.log
      [Vidsrc] Domain marked as unhealthy: vsrc.su (failures: 4)

      at VidsrcConfigurationManager.log [as markDomainFailed] 
(src/features/vidsrc-streaming/services/VidsrcConfigurationManager.ts:98:15)
          at Array.forEach (<anonymous>)

    console.log
      [Vidsrc] Domain failure recorded: vidsrc-embed.ru (failures: 1/3)

      at VidsrcConfigurationManager.log [as markDomainFailed] 
(src/features/vidsrc-streaming/services/VidsrcConfigurationManager.ts:102:15)

    console.log
      [Vidsrc] Domain failure recorded: vidsrc-embed.ru (failures: 2/3)

      at VidsrcConfigurationManager.log [as markDomainFailed] 
(src/features/vidsrc-streaming/services/VidsrcConfigurationManager.ts:102:15)

    console.log
      [Vidsrc] Domain failure recorded: vidsrc-embed.ru (failures: 3/3)

      at VidsrcConfigurationManager.log [as markDomainFailed] 
(src/features/vidsrc-streaming/services/VidsrcConfigurationManager.ts:102:15)

    console.log
      [Vidsrc] Domain marked as unhealthy: vidsrc-embed.ru (failures: 4)

      at VidsrcConfigurationManager.log [as markDomainFailed] 
(src/features/vidsrc-streaming/services/VidsrcConfigurationManager.ts:98:15)

    console.log
      [Vidsrc] Domain failure recorded: vidsrc-embed.ru (failures: 1/3)

      at VidsrcConfigurationManager.log [as markDomainFailed] 
(src/features/vidsrc-streaming/services/VidsrcConfigurationManager.ts:102:15)

    console.log
      [Vidsrc] Domain failure recorded: vidsrc-embed.ru (failures: 2/3)

      at VidsrcConfigurationManager.log [as markDomainFailed] 
(src/features/vidsrc-streaming/services/VidsrcConfigurationManager.ts:102:15)

    console.log
      [Vidsrc] Domain failure recorded: vidsrc-embed.ru (failures: 3/3)

      at VidsrcConfigurationManager.log [as markDomainFailed] 
(src/features/vidsrc-streaming/services/VidsrcConfigurationManager.ts:102:15)

    console.log
      [Vidsrc] Domain marked as unhealthy: vidsrc-embed.ru (failures: 4)

      at VidsrcConfigurationManager.log [as markDomainFailed] 
(src/features/vidsrc-streaming/services/VidsrcConfigurationManager.ts:98:15)

    console.log
      [Vidsrc] Starting health check for all domains

      at VidsrcConfigurationManager.log [as performHealthCheck] 
(src/features/vidsrc-streaming/services/VidsrcConfigurationManager.ts:176:13)

    console.log
      [Vidsrc] Health check passed: vidsrc-embed.ru

      at log 
(src/features/vidsrc-streaming/services/VidsrcConfigurationManager.ts:206:21)
          at async Promise.all (index 0)

    console.log
      [Vidsrc] Health check error: vidsrc-embed.su (Cannot read properties of undefined 
(reading 'status'))

      at log 
(src/features/vidsrc-streaming/services/VidsrcConfigurationManager.ts:235:19)
          at async Promise.all (index 1)

    console.log
      [Vidsrc] Health check error: vidsrcme.su (Cannot read properties of undefined 
(reading 'status'))

      at log 
(src/features/vidsrc-streaming/services/VidsrcConfigurationManager.ts:235:19)
          at async Promise.all (index 2)

    console.log
      [Vidsrc] Health check error: vsrc.su (Cannot read properties of undefined (reading 
'status'))

      at log 
(src/features/vidsrc-streaming/services/VidsrcConfigurationManager.ts:235:19)
          at async Promise.all (index 3)

    console.log
      [Vidsrc] Domain failure recorded: vidsrc-embed.ru (failures: 1/3)

      at VidsrcConfigurationManager.log [as markDomainFailed] 
(src/features/vidsrc-streaming/services/VidsrcConfigurationManager.ts:102:15)

    console.log
      [Vidsrc] Starting health check for all domains

      at VidsrcConfigurationManager.log [as performHealthCheck] 
(src/features/vidsrc-streaming/services/VidsrcConfigurationManager.ts:176:13)

    console.log
      [Vidsrc] Health check passed: vidsrc-embed.ru

      at log 
(src/features/vidsrc-streaming/services/VidsrcConfigurationManager.ts:206:21)
          at async Promise.all (index 0)

    console.log
      [Vidsrc] Health check error: vidsrc-embed.su (Cannot read properties of undefined 
(reading 'status'))

      at log 
(src/features/vidsrc-streaming/services/VidsrcConfigurationManager.ts:235:19)
          at async Promise.all (index 1)

    console.log
      [Vidsrc] Health check error: vidsrcme.su (Cannot read properties of undefined 
(reading 'status'))

      at log 
(src/features/vidsrc-streaming/services/VidsrcConfigurationManager.ts:235:19)
          at async Promise.all (index 2)

    console.log
      [Vidsrc] Health check error: vsrc.su (Cannot read properties of undefined (reading 
'status'))

      at log 
(src/features/vidsrc-streaming/services/VidsrcConfigurationManager.ts:235:19)
          at async Promise.all (index 3)

    console.log
      [Vidsrc] Starting health check for all domains

      at VidsrcConfigurationManager.log [as performHealthCheck] 
(src/features/vidsrc-streaming/services/VidsrcConfigurationManager.ts:176:13)

    console.log
      [Vidsrc] Health check failed: vidsrc-embed.ru (status: 500)

      at log 
(src/features/vidsrc-streaming/services/VidsrcConfigurationManager.ts:216:21)
          at async Promise.all (index 0)

    console.log
      [Vidsrc] Health check error: vidsrc-embed.su (Cannot read properties of undefined 
(reading 'status'))

      at log 
(src/features/vidsrc-streaming/services/VidsrcConfigurationManager.ts:235:19)
          at async Promise.all (index 1)

    console.log
      [Vidsrc] Health check error: vidsrcme.su (Cannot read properties of undefined 
(reading 'status'))

      at log 
(src/features/vidsrc-streaming/services/VidsrcConfigurationManager.ts:235:19)
          at async Promise.all (index 2)

    console.log
      [Vidsrc] Health check error: vsrc.su (Cannot read properties of undefined (reading 
'status'))

      at log 
(src/features/vidsrc-streaming/services/VidsrcConfigurationManager.ts:235:19)
          at async Promise.all (index 3)

    console.log
      [Vidsrc] Starting health check for all domains

      at VidsrcConfigurationManager.log [as performHealthCheck] 
(src/features/vidsrc-streaming/services/VidsrcConfigurationManager.ts:176:13)

    console.log
      [Vidsrc] Health check failed: vidsrc-embed.ru (status: 500)

      at log 
(src/features/vidsrc-streaming/services/VidsrcConfigurationManager.ts:216:21)
          at async Promise.all (index 0)

    console.log
      [Vidsrc] Health check failed: vidsrc-embed.su (status: 500)

      at log 
(src/features/vidsrc-streaming/services/VidsrcConfigurationManager.ts:216:21)
          at async Promise.all (index 1)

    console.log
      [Vidsrc] Health check failed: vidsrcme.su (status: 500)

      at log 
(src/features/vidsrc-streaming/services/VidsrcConfigurationManager.ts:216:21)
          at async Promise.all (index 2)

    console.log
      [Vidsrc] Health check failed: vsrc.su (status: 500)

      at log 
(src/features/vidsrc-streaming/services/VidsrcConfigurationManager.ts:216:21)
          at async Promise.all (index 3)

    console.log
      [Vidsrc] Starting health check for all domains

      at VidsrcConfigurationManager.log [as performHealthCheck] 
(src/features/vidsrc-streaming/services/VidsrcConfigurationManager.ts:176:13)

    console.log
      [Vidsrc] Health check failed: vidsrc-embed.ru (status: 500)

      at log 
(src/features/vidsrc-streaming/services/VidsrcConfigurationManager.ts:216:21)
          at async Promise.all (index 0)

    console.log
      [Vidsrc] Health check failed: vidsrc-embed.su (status: 500)

      at log 
(src/features/vidsrc-streaming/services/VidsrcConfigurationManager.ts:216:21)
          at async Promise.all (index 1)

    console.log
      [Vidsrc] Health check failed: vidsrcme.su (status: 500)

      at log 
(src/features/vidsrc-streaming/services/VidsrcConfigurationManager.ts:216:21)
          at async Promise.all (index 2)

    console.log
      [Vidsrc] Health check failed: vsrc.su (status: 500)

      at log 
(src/features/vidsrc-streaming/services/VidsrcConfigurationManager.ts:216:21)
          at async Promise.all (index 3)

    console.log
      [Vidsrc] Starting health check for all domains

      at VidsrcConfigurationManager.log [as performHealthCheck] 
(src/features/vidsrc-streaming/services/VidsrcConfigurationManager.ts:176:13)

    console.log
      [Vidsrc] Health check failed: vidsrc-embed.ru (status: 500)

      at log 
(src/features/vidsrc-streaming/services/VidsrcConfigurationManager.ts:216:21)
          at async Promise.all (index 0)

    console.log
      [Vidsrc] Health check failed: vidsrc-embed.su (status: 500)

      at log 
(src/features/vidsrc-streaming/services/VidsrcConfigurationManager.ts:216:21)
          at async Promise.all (index 1)

    console.log
      [Vidsrc] Health check failed: vidsrcme.su (status: 500)

      at log 
(src/features/vidsrc-streaming/services/VidsrcConfigurationManager.ts:216:21)
          at async Promise.all (index 2)

    console.log
      [Vidsrc] Health check failed: vsrc.su (status: 500)

      at log 
(src/features/vidsrc-streaming/services/VidsrcConfigurationManager.ts:216:21)
          at async Promise.all (index 3)

    console.log
      [Vidsrc] Starting health check for all domains

      at VidsrcConfigurationManager.log [as performHealthCheck] 
(src/features/vidsrc-streaming/services/VidsrcConfigurationManager.ts:176:13)

    console.log
      [Vidsrc] Health check failed: vidsrc-embed.ru (status: 500)

      at log 
(src/features/vidsrc-streaming/services/VidsrcConfigurationManager.ts:216:21)
          at async Promise.all (index 0)

    console.log
      [Vidsrc] Health check failed: vidsrc-embed.su (status: 500)

      at log 
(src/features/vidsrc-streaming/services/VidsrcConfigurationManager.ts:216:21)
          at async Promise.all (index 1)

    console.log
      [Vidsrc] Health check failed: vidsrcme.su (status: 500)

      at log 
(src/features/vidsrc-streaming/services/VidsrcConfigurationManager.ts:216:21)
          at async Promise.all (index 2)

    console.log
      [Vidsrc] Health check failed: vsrc.su (status: 500)

      at log 
(src/features/vidsrc-streaming/services/VidsrcConfigurationManager.ts:216:21)
          at async Promise.all (index 3)

    console.log
      [Vidsrc] Starting health check for all domains

      at VidsrcConfigurationManager.log [as performHealthCheck] 
(src/features/vidsrc-streaming/services/VidsrcConfigurationManager.ts:176:13)

    console.log
      [Vidsrc] Health check error: vidsrc-embed.ru (Timeout)

      at log 
(src/features/vidsrc-streaming/services/VidsrcConfigurationManager.ts:235:19)
          at Array.map (<anonymous>)

    console.log
      [Vidsrc] Health check error: vidsrc-embed.su (Cannot read properties of undefined 
(reading 'status'))

      at log 
(src/features/vidsrc-streaming/services/VidsrcConfigurationManager.ts:235:19)
          at async Promise.all (index 1)

    console.log
      [Vidsrc] Health check error: vidsrcme.su (Cannot read properties of undefined 
(reading 'status'))

      at log 
(src/features/vidsrc-streaming/services/VidsrcConfigurationManager.ts:235:19)
          at async Promise.all (index 2)

    console.log
      [Vidsrc] Health check error: vsrc.su (Cannot read properties of undefined (reading 
'status'))

      at log 
(src/features/vidsrc-streaming/services/VidsrcConfigurationManager.ts:235:19)
          at async Promise.all (index 3)

    console.log
      [Vidsrc] Starting health check for all domains

      at VidsrcConfigurationManager.log [as performHealthCheck] 
(src/features/vidsrc-streaming/services/VidsrcConfigurationManager.ts:176:13)

    console.log
      [Vidsrc] Health check passed: vidsrc-embed.ru

      at log 
(src/features/vidsrc-streaming/services/VidsrcConfigurationManager.ts:206:21)
          at async Promise.all (index 0)

    console.log
      [Vidsrc] Health check error: vidsrc-embed.su (Cannot read properties of undefined 
(reading 'status'))

      at log 
(src/features/vidsrc-streaming/services/VidsrcConfigurationManager.ts:235:19)
          at async Promise.all (index 1)

    console.log
      [Vidsrc] Health check error: vidsrcme.su (Cannot read properties of undefined 
(reading 'status'))

      at log 
(src/features/vidsrc-streaming/services/VidsrcConfigurationManager.ts:235:19)
          at async Promise.all (index 2)

    console.log
      [Vidsrc] Health check error: vsrc.su (Cannot read properties of undefined (reading 
'status'))

      at log 
(src/features/vidsrc-streaming/services/VidsrcConfigurationManager.ts:235:19)
          at async Promise.all (index 3)

    console.log
      [Vidsrc] Starting health check for all domains

      at VidsrcConfigurationManager.log [as performHealthCheck] 
(src/features/vidsrc-streaming/services/VidsrcConfigurationManager.ts:176:13)

    console.log
      [Vidsrc] Health check passed: vidsrc-embed.ru

      at log 
(src/features/vidsrc-streaming/services/VidsrcConfigurationManager.ts:206:21)
          at async Promise.all (index 0)

    console.log
      [Vidsrc] Health check passed: vidsrc-embed.su

      at log 
(src/features/vidsrc-streaming/services/VidsrcConfigurationManager.ts:206:21)
          at async Promise.all (index 1)

    console.log
      [Vidsrc] Health check passed: vidsrcme.su

      at log 
(src/features/vidsrc-streaming/services/VidsrcConfigurationManager.ts:206:21)
          at async Promise.all (index 2)

    console.log
      [Vidsrc] Health check passed: vsrc.su

      at log 
(src/features/vidsrc-streaming/services/VidsrcConfigurationManager.ts:206:21)
          at async Promise.all (index 3)

    console.log
      [Vidsrc] Starting health check for all domains

      at VidsrcConfigurationManager.log [as performHealthCheck] 
(src/features/vidsrc-streaming/services/VidsrcConfigurationManager.ts:176:13)

    console.log
      [Vidsrc] Health check passed: vidsrc-embed.ru

      at log 
(src/features/vidsrc-streaming/services/VidsrcConfigurationManager.ts:206:21)
          at async Promise.all (index 0)

    console.log
      [Vidsrc] Health check passed: vidsrc-embed.su

      at log 
(src/features/vidsrc-streaming/services/VidsrcConfigurationManager.ts:206:21)
          at async Promise.all (index 1)

    console.log
      [Vidsrc] Health check passed: vidsrcme.su

      at log 
(src/features/vidsrc-streaming/services/VidsrcConfigurationManager.ts:206:21)
          at async Promise.all (index 2)

    console.log
      [Vidsrc] Health check passed: vsrc.su

      at log 
(src/features/vidsrc-streaming/services/VidsrcConfigurationManager.ts:206:21)
          at async Promise.all (index 3)

    console.log
      [Vidsrc] Domain failure recorded: vidsrc-embed.ru (failures: 1/3)

      at VidsrcConfigurationManager.log [as markDomainFailed] 
(src/features/vidsrc-streaming/services/VidsrcConfigurationManager.ts:102:15)

    console.log
      [Vidsrc] Domain failure recorded: vidsrc-embed.ru (failures: 2/3)

      at VidsrcConfigurationManager.log [as markDomainFailed] 
(src/features/vidsrc-streaming/services/VidsrcConfigurationManager.ts:102:15)

    console.log
      [Vidsrc] Domain failure recorded: vidsrc-embed.ru (failures: 3/3)

      at VidsrcConfigurationManager.log [as markDomainFailed] 
(src/features/vidsrc-streaming/services/VidsrcConfigurationManager.ts:102:15)

    console.log
      [Vidsrc] Domain marked as unhealthy: vidsrc-embed.ru (failures: 4)

      at VidsrcConfigurationManager.log [as markDomainFailed] 
(src/features/vidsrc-streaming/services/VidsrcConfigurationManager.ts:98:15)

    console.log
      [Vidsrc] All domains reset to healthy state

      at VidsrcConfigurationManager.log [as resetDomains] 
(src/features/vidsrc-streaming/services/VidsrcConfigurationManager.ts:123:13)

    console.log
      [Vidsrc] Domain failure recorded: vidsrc-embed.ru (failures: 1/3)

      at VidsrcConfigurationManager.log [as markDomainFailed] 
(src/features/vidsrc-streaming/services/VidsrcConfigurationManager.ts:102:15)

    console.log
      [Vidsrc] Domain failure recorded: vidsrc-embed.ru (failures: 2/3)

      at VidsrcConfigurationManager.log [as markDomainFailed] 
(src/features/vidsrc-streaming/services/VidsrcConfigurationManager.ts:102:15)

    console.log
      [Vidsrc] Domain failure recorded: vidsrc-embed.ru (failures: 3/3)

      at VidsrcConfigurationManager.log [as markDomainFailed] 
(src/features/vidsrc-streaming/services/VidsrcConfigurationManager.ts:102:15)

    console.log
      [Vidsrc] Domain marked as unhealthy: vidsrc-embed.ru (failures: 4)

      at VidsrcConfigurationManager.log [as markDomainFailed] 
(src/features/vidsrc-streaming/services/VidsrcConfigurationManager.ts:98:15)

    console.log
      [Vidsrc] Domain failure recorded: vidsrc-embed.su (failures: 1/3)

      at VidsrcConfigurationManager.log [as markDomainFailed] 
(src/features/vidsrc-streaming/services/VidsrcConfigurationManager.ts:102:15)

    console.log
      [Vidsrc] Domain failure recorded: vidsrc-embed.su (failures: 2/3)

      at VidsrcConfigurationManager.log [as markDomainFailed] 
(src/features/vidsrc-streaming/services/VidsrcConfigurationManager.ts:102:15)

    console.log
      [Vidsrc] Domain failure recorded: vidsrc-embed.su (failures: 3/3)

      at VidsrcConfigurationManager.log [as markDomainFailed] 
(src/features/vidsrc-streaming/services/VidsrcConfigurationManager.ts:102:15)

    console.log
      [Vidsrc] Domain marked as unhealthy: vidsrc-embed.su (failures: 4)

      at VidsrcConfigurationManager.log [as markDomainFailed] 
(src/features/vidsrc-streaming/services/VidsrcConfigurationManager.ts:98:15)

PASS src/features/vidsrc-streaming/components/SubtitleLanguageSelector.test.tsx
PASS src/features/vidsrc-streaming/components/VidsrcStreamingPlayer.responsive.test.tsx
PASS src/features/vidsrc-streaming/hooks/useVidsrcPlayer.test.ts
PASS src/features/vidsrc-streaming/components/VidsrcStreamingPlayer.test.tsx
PASS src/features/vidsrc-streaming/hooks/useHealthCheck.test.ts
  ΓùÅ Console

    console.error
      An update to TestComponent inside a test was not wrapped in act(...).
      
      When testing, code that causes React state updates should be wrapped into act(...):
      
      act(() => {
        /* fire events that update state */
      });
      /* assert on the output */
      
      This ensures that you're testing the behavior the user would see in the browser. 
Learn more at https://react.dev/link/wrap-tests-with-act

    [0m [90m 36 |[39m
     [90m 37 |[39m           [36mif[39m (isMounted) {
    [31m[1m>[22m[39m[90m 38 |[39m             
setLastCheckTime([33mDate[39m[33m.[39mnow())[33m;[39m
     [90m    |[39m             [31m[1m^[22m[39m
     [90m 39 |[39m
     [90m 40 |[39m             [90m// Check if any domains are healthy[39m
     [90m 41 |[39m             [36mconst[39m statuses [33m=[39m 
managerRef[33m.[39mcurrent[33m.[39mgetDomainStatuses()[33m;[39m[0m

      at node_modules/react-dom/cjs/react-dom-client.development.js:18758:19
      at runWithFiberInDEV 
(node_modules/react-dom/cjs/react-dom-client.development.js:874:13)
      at warnIfUpdatesNotWrappedWithActDEV 
(node_modules/react-dom/cjs/react-dom-client.development.js:18757:9)
      at scheduleUpdateOnFiber 
(node_modules/react-dom/cjs/react-dom-client.development.js:16409:11)
      at dispatchSetStateInternal 
(node_modules/react-dom/cjs/react-dom-client.development.js:9170:13)
      at dispatchSetState 
(node_modules/react-dom/cjs/react-dom-client.development.js:9127:7)
      at setLastCheckTime (src/features/vidsrc-streaming/hooks/useHealthCheck.ts:38:13)

    console.error
      An update to TestComponent inside a test was not wrapped in act(...).
      
      When testing, code that causes React state updates should be wrapped into act(...):
      
      act(() => {
        /* fire events that update state */
      });
      /* assert on the output */
      
      This ensures that you're testing the behavior the user would see in the browser. 
Learn more at https://react.dev/link/wrap-tests-with-act

    [0m [90m 41 |[39m             [36mconst[39m statuses [33m=[39m 
managerRef[33m.[39mcurrent[33m.[39mgetDomainStatuses()[33m;[39m
     [90m 42 |[39m             [36mconst[39m anyHealthy [33m=[39m 
statuses[33m.[39msome((status) [33m=>[39m status[33m.[39misHealthy)[33m;[39m
    [31m[1m>[22m[39m[90m 43 |[39m             setIsHealthy(anyHealthy)[33m;[39m
     [90m    |[39m             [31m[1m^[22m[39m
     [90m 44 |[39m           }
     [90m 45 |[39m         }
     [90m 46 |[39m       } [36mcatch[39m (error) {[0m

      at node_modules/react-dom/cjs/react-dom-client.development.js:18758:19
      at runWithFiberInDEV 
(node_modules/react-dom/cjs/react-dom-client.development.js:874:13)
      at warnIfUpdatesNotWrappedWithActDEV 
(node_modules/react-dom/cjs/react-dom-client.development.js:18757:9)
      at scheduleUpdateOnFiber 
(node_modules/react-dom/cjs/react-dom-client.development.js:16409:11)
      at dispatchSetStateInternal 
(node_modules/react-dom/cjs/react-dom-client.development.js:9170:13)
      at dispatchSetState 
(node_modules/react-dom/cjs/react-dom-client.development.js:9127:7)
      at setIsHealthy (src/features/vidsrc-streaming/hooks/useHealthCheck.ts:43:13)

PASS src/features/vidsrc-streaming/components/StreamErrorBoundary.test.tsx
PASS src/features/vidsrc-streaming/hooks/useSubtitlePreference.test.ts
PASS src/lib/validation/validation.test.ts
PASS src/features/watchlist/components/AddToWatchlistButton.test.tsx
PASS src/features/ui/components/ErrorBoundary.test.tsx
PASS src/lib/parsers/movie-parser.fail-function.exploration.test.ts
PASS src/features/watchlist/components/WatchlistItem.test.tsx
PASS src/features/vidsrc-streaming/utils/url-validation.test.ts
PASS src/features/vidsrc-streaming/services/VidsrcEmbedURLGenerator.test.ts
PASS src/features/vidsrc-streaming/utils/logging.test.ts
PASS src/features/movies/components/MovieCarousel.test.tsx
PASS src/features/ui/components/LoadingSkeleton.test.tsx
PASS src/lib/printers/movie-printer.test.ts
PASS src/features/movies/components/MoviePoster.test.tsx
PASS src/features/movies/components/RelatedMoviesSuspense.test.tsx
PASS src/features/watchlist/components/WatchlistContent.test.tsx
PASS src/features/movies/components/TrendingMoviesSuspense.test.tsx
PASS src/features/search/hooks/useSearchParams.test.ts
PASS src/features/movies/components/MovieCard.test.tsx
  ΓùÅ Console

    console.error
      Received `true` for a non-boolean attribute `fill`.
      
      If you want to write it to the DOM, pass a string instead: fill="true" or 
fill={value.toString()}.

    [0m [90m 50 |[39m   describe([32m'Component Rendering'[39m[33m,[39m () 
[33m=>[39m {
     [90m 51 |[39m     it([32m'should render without crashing'[39m[33m,[39m () 
[33m=>[39m {
    [31m[1m>[22m[39m[90m 52 |[39m       render([33m<[39m[33mMovieCard[39m 
movie[33m=[39m{mockMovie} onClick[33m=[39m{mockOnClick} 
[33m/[39m[33m>[39m)[33m;[39m
     [90m    |[39m             [31m[1m^[22m[39m
     [90m 53 |[39m       expect(screen[33m.[39mgetByRole([32m'article'[39m))[33m.
[39mtoBeInTheDocument()[33m;[39m
     [90m 54 |[39m     })[33m;[39m
     [90m 55 |[39m[0m

      at validateProperty 
(node_modules/react-dom/cjs/react-dom-client.development.js:3070:27)
      at warnUnknownProperties 
(node_modules/react-dom/cjs/react-dom-client.development.js:3146:9)
      at validatePropertiesInDevelopment 
(node_modules/react-dom/cjs/react-dom-client.development.js:19868:9)
      at setInitialProperties 
(node_modules/react-dom/cjs/react-dom-client.development.js:20491:7)
      at completeWork 
(node_modules/react-dom/cjs/react-dom-client.development.js:12662:18)
      at runWithFiberInDEV 
(node_modules/react-dom/cjs/react-dom-client.development.js:874:13)
      at completeUnitOfWork 
(node_modules/react-dom/cjs/react-dom-client.development.js:17777:19)
      at performUnitOfWork 
(node_modules/react-dom/cjs/react-dom-client.development.js:17658:11)
      at workLoopSync 
(node_modules/react-dom/cjs/react-dom-client.development.js:17469:41)
      at renderRootSync 
(node_modules/react-dom/cjs/react-dom-client.development.js:17450:11)
      at performWorkOnRoot 
(node_modules/react-dom/cjs/react-dom-client.development.js:16504:11)
      at performWorkOnRootViaSchedulerTask 
(node_modules/react-dom/cjs/react-dom-client.development.js:18957:7)
      at flushActQueue (node_modules/react/cjs/react.development.js:590:34)
      at process.env.NODE_ENV.exports.act 
(node_modules/react/cjs/react.development.js:884:10)
      at node_modules/@testing-library/react/dist/act-compat.js:46:25
      at renderRoot (node_modules/@testing-library/react/dist/pure.js:189:26)
      at render (node_modules/@testing-library/react/dist/pure.js:291:10)
      at Object.<anonymous> (src/features/movies/components/MovieCard.test.tsx:52:13)

    console.error
      Received `false` for a non-boolean attribute `priority`.
      
      If you want to write it to the DOM, pass a string instead: priority="false" or 
priority={value.toString()}.
      
      If you used to conditionally omit it with priority={condition && value}, pass 
priority={condition ? value : undefined} instead.

    [0m [90m 50 |[39m   describe([32m'Component Rendering'[39m[33m,[39m () 
[33m=>[39m {
     [90m 51 |[39m     it([32m'should render without crashing'[39m[33m,[39m () 
[33m=>[39m {
    [31m[1m>[22m[39m[90m 52 |[39m       render([33m<[39m[33mMovieCard[39m 
movie[33m=[39m{mockMovie} onClick[33m=[39m{mockOnClick} 
[33m/[39m[33m>[39m)[33m;[39m
     [90m    |[39m             [31m[1m^[22m[39m
     [90m 53 |[39m       expect(screen[33m.[39mgetByRole([32m'article'[39m))[33m.
[39mtoBeInTheDocument()[33m;[39m
     [90m 54 |[39m     })[33m;[39m
     [90m 55 |[39m[0m

      at validateProperty 
(node_modules/react-dom/cjs/react-dom-client.development.js:3078:27)
      at warnUnknownProperties 
(node_modules/react-dom/cjs/react-dom-client.development.js:3146:9)
      at validatePropertiesInDevelopment 
(node_modules/react-dom/cjs/react-dom-client.development.js:19868:9)
      at setInitialProperties 
(node_modules/react-dom/cjs/react-dom-client.development.js:20491:7)
      at completeWork 
(node_modules/react-dom/cjs/react-dom-client.development.js:12662:18)
      at runWithFiberInDEV 
(node_modules/react-dom/cjs/react-dom-client.development.js:874:13)
      at completeUnitOfWork 
(node_modules/react-dom/cjs/react-dom-client.development.js:17777:19)
      at performUnitOfWork 
(node_modules/react-dom/cjs/react-dom-client.development.js:17658:11)
      at workLoopSync 
(node_modules/react-dom/cjs/react-dom-client.development.js:17469:41)
      at renderRootSync 
(node_modules/react-dom/cjs/react-dom-client.development.js:17450:11)
      at performWorkOnRoot 
(node_modules/react-dom/cjs/react-dom-client.development.js:16504:11)
      at performWorkOnRootViaSchedulerTask 
(node_modules/react-dom/cjs/react-dom-client.development.js:18957:7)
      at flushActQueue (node_modules/react/cjs/react.development.js:590:34)
      at process.env.NODE_ENV.exports.act 
(node_modules/react/cjs/react.development.js:884:10)
      at node_modules/@testing-library/react/dist/act-compat.js:46:25
      at renderRoot (node_modules/@testing-library/react/dist/pure.js:189:26)
      at render (node_modules/@testing-library/react/dist/pure.js:291:10)
      at Object.<anonymous> (src/features/movies/components/MovieCard.test.tsx:52:13)

PASS src/lib/api/tmdb-client.test.ts
  ΓùÅ Console

    console.error
      [TMDb API Error] ValidationError: Invalid API response format: [
        {
          "expected": "string",
          "code": "invalid_type",
          "path": [
            "results",
            0,
            "poster_path"
          ],
          "message": "Invalid input: expected string, received undefined"
        },
        {
          "expected": "string",
          "code": "invalid_type",
          "path": [
            "results",
            0,
            "release_date"
          ],
          "message": "Invalid input: expected string, received undefined"
        }
      ]

    [0m [90m 74 |[39m [90m */[39m
     [90m 75 |[39m [36mfunction[39m logError(error[33m:[39m 
[33mError[39m[33m,[39m endpoint[33m?[39m[33m:[39m string[33m,[39m 
retryAttempt[33m?[39m[33m:[39m number)[33m:[39m [36mvoid[39m {
    [31m[1m>[22m[39m[90m 76 |[39m   console[33m.[39merror([32m`[TMDb API Error] 
${error.name}: ${error.message}`[39m)[33m;[39m
     [90m    |[39m           [31m[1m^[22m[39m
     [90m 77 |[39m   [36mif[39m (endpoint) {
     [90m 78 |[39m     console[33m.[39merror([32m`[TMDb API Error] Endpoint: 
${endpoint}`[39m)[33m;[39m
     [90m 79 |[39m   }[0m

      at error (src/lib/api/tmdb-client.ts:76:11)
      at logError (src/lib/api/tmdb-client.ts:211:7)
      at Object.<anonymous> (src/lib/api/tmdb-client.test.ts:83:7)

    console.error
      [TMDb API Error] Endpoint: /trending/movie/day?page=1

    [0m [90m 76 |[39m   console[33m.[39merror([32m`[TMDb API Error] ${error.name}: 
${error.message}`[39m)[33m;[39m
     [90m 77 |[39m   [36mif[39m (endpoint) {
    [31m[1m>[22m[39m[90m 78 |[39m     console[33m.[39merror([32m`[TMDb API 
Error] Endpoint: ${endpoint}`[39m)[33m;[39m
     [90m    |[39m             [31m[1m^[22m[39m
     [90m 79 |[39m   }
     [90m 80 |[39m   [36mif[39m (retryAttempt [33m!==[39m undefined) {
     [90m 81 |[39m     console[33m.[39merror([32m`[TMDb API Error] Retry Attempt: 
${retryAttempt}`[39m)[33m;[39m[0m

      at error (src/lib/api/tmdb-client.ts:78:13)
      at logError (src/lib/api/tmdb-client.ts:211:7)
      at Object.<anonymous> (src/lib/api/tmdb-client.test.ts:83:7)

    console.error
      [TMDb API Error] ValidationError: Invalid API response format: [
        {
          "expected": "string",
          "code": "invalid_type",
          "path": [
            "results",
            0,
            "title"
          ],
          "message": "Invalid input: expected string, received undefined"
        },
        {
          "expected": "string",
          "code": "invalid_type",
          "path": [
            "results",
            0,
            "poster_path"
          ],
          "message": "Invalid input: expected string, received undefined"
        },
        {
          "expected": "string",
          "code": "invalid_type",
          "path": [
            "results",
            0,
            "release_date"
          ],
          "message": "Invalid input: expected string, received undefined"
        }
      ]

    [0m [90m 74 |[39m [90m */[39m
     [90m 75 |[39m [36mfunction[39m logError(error[33m:[39m 
[33mError[39m[33m,[39m endpoint[33m?[39m[33m:[39m string[33m,[39m 
retryAttempt[33m?[39m[33m:[39m number)[33m:[39m [36mvoid[39m {
    [31m[1m>[22m[39m[90m 76 |[39m   console[33m.[39merror([32m`[TMDb API Error] 
${error.name}: ${error.message}`[39m)[33m;[39m
     [90m    |[39m           [31m[1m^[22m[39m
     [90m 77 |[39m   [36mif[39m (endpoint) {
     [90m 78 |[39m     console[33m.[39merror([32m`[TMDb API Error] Endpoint: 
${endpoint}`[39m)[33m;[39m
     [90m 79 |[39m   }[0m

      at error (src/lib/api/tmdb-client.ts:76:11)
      at logError (src/lib/api/tmdb-client.ts:244:7)
      at Object.<anonymous> (src/lib/api/tmdb-client.test.ts:148:7)

    console.error
      [TMDb API Error] Endpoint: /search/movie?query=test&page=1

    [0m [90m 76 |[39m   console[33m.[39merror([32m`[TMDb API Error] ${error.name}: 
${error.message}`[39m)[33m;[39m
     [90m 77 |[39m   [36mif[39m (endpoint) {
    [31m[1m>[22m[39m[90m 78 |[39m     console[33m.[39merror([32m`[TMDb API 
Error] Endpoint: ${endpoint}`[39m)[33m;[39m
     [90m    |[39m             [31m[1m^[22m[39m
     [90m 79 |[39m   }
     [90m 80 |[39m   [36mif[39m (retryAttempt [33m!==[39m undefined) {
     [90m 81 |[39m     console[33m.[39merror([32m`[TMDb API Error] Retry Attempt: 
${retryAttempt}`[39m)[33m;[39m[0m

      at error (src/lib/api/tmdb-client.ts:78:13)
      at logError (src/lib/api/tmdb-client.ts:244:7)
      at Object.<anonymous> (src/lib/api/tmdb-client.test.ts:148:7)

    console.error
      [TMDb API Error] ValidationError: Invalid API response format: [
        {
          "expected": "string",
          "code": "invalid_type",
          "path": [
            "poster_path"
          ],
          "message": "Invalid input: expected string, received undefined"
        },
        {
          "expected": "string",
          "code": "invalid_type",
          "path": [
            "release_date"
          ],
          "message": "Invalid input: expected string, received undefined"
        }
      ]

    [0m [90m 74 |[39m [90m */[39m
     [90m 75 |[39m [36mfunction[39m logError(error[33m:[39m 
[33mError[39m[33m,[39m endpoint[33m?[39m[33m:[39m string[33m,[39m 
retryAttempt[33m?[39m[33m:[39m number)[33m:[39m [36mvoid[39m {
    [31m[1m>[22m[39m[90m 76 |[39m   console[33m.[39merror([32m`[TMDb API Error] 
${error.name}: ${error.message}`[39m)[33m;[39m
     [90m    |[39m           [31m[1m^[22m[39m
     [90m 77 |[39m   [36mif[39m (endpoint) {
     [90m 78 |[39m     console[33m.[39merror([32m`[TMDb API Error] Endpoint: 
${endpoint}`[39m)[33m;[39m
     [90m 79 |[39m   }[0m

      at error (src/lib/api/tmdb-client.ts:76:11)
      at logError (src/lib/api/tmdb-client.ts:272:7)
      at Object.<anonymous> (src/lib/api/tmdb-client.test.ts:211:7)

    console.error
      [TMDb API Error] Endpoint: /movie/550

    [0m [90m 76 |[39m   console[33m.[39merror([32m`[TMDb API Error] ${error.name}: 
${error.message}`[39m)[33m;[39m
     [90m 77 |[39m   [36mif[39m (endpoint) {
    [31m[1m>[22m[39m[90m 78 |[39m     console[33m.[39merror([32m`[TMDb API 
Error] Endpoint: ${endpoint}`[39m)[33m;[39m
     [90m    |[39m             [31m[1m^[22m[39m
     [90m 79 |[39m   }
     [90m 80 |[39m   [36mif[39m (retryAttempt [33m!==[39m undefined) {
     [90m 81 |[39m     console[33m.[39merror([32m`[TMDb API Error] Retry Attempt: 
${retryAttempt}`[39m)[33m;[39m[0m

      at error (src/lib/api/tmdb-client.ts:78:13)
      at logError (src/lib/api/tmdb-client.ts:272:7)
      at Object.<anonymous> (src/lib/api/tmdb-client.test.ts:211:7)

    console.error
      [TMDb API Error] APIResponseError: Invalid API key

    [0m [90m 74 |[39m [90m */[39m
     [90m 75 |[39m [36mfunction[39m logError(error[33m:[39m 
[33mError[39m[33m,[39m endpoint[33m?[39m[33m:[39m string[33m,[39m 
retryAttempt[33m?[39m[33m:[39m number)[33m:[39m [36mvoid[39m {
    [31m[1m>[22m[39m[90m 76 |[39m   console[33m.[39merror([32m`[TMDb API Error] 
${error.name}: ${error.message}`[39m)[33m;[39m
     [90m    |[39m           [31m[1m^[22m[39m
     [90m 77 |[39m   [36mif[39m (endpoint) {
     [90m 78 |[39m     console[33m.[39merror([32m`[TMDb API Error] Endpoint: 
${endpoint}`[39m)[33m;[39m
     [90m 79 |[39m   }[0m

      at error (src/lib/api/tmdb-client.ts:76:11)
      at logError (src/lib/api/tmdb-client.ts:136:7)
      at getMoviesByTrending (src/lib/api/tmdb-client.ts:198:18)
      at Object.<anonymous> (src/lib/api/tmdb-client.test.ts:275:7)

    console.error
      [TMDb API Error] Endpoint: /trending/movie/day?page=1

    [0m [90m 76 |[39m   console[33m.[39merror([32m`[TMDb API Error] ${error.name}: 
${error.message}`[39m)[33m;[39m
     [90m 77 |[39m   [36mif[39m (endpoint) {
    [31m[1m>[22m[39m[90m 78 |[39m     console[33m.[39merror([32m`[TMDb API 
Error] Endpoint: ${endpoint}`[39m)[33m;[39m
     [90m    |[39m             [31m[1m^[22m[39m
     [90m 79 |[39m   }
     [90m 80 |[39m   [36mif[39m (retryAttempt [33m!==[39m undefined) {
     [90m 81 |[39m     console[33m.[39merror([32m`[TMDb API Error] Retry Attempt: 
${retryAttempt}`[39m)[33m;[39m[0m

      at error (src/lib/api/tmdb-client.ts:78:13)
      at logError (src/lib/api/tmdb-client.ts:136:7)
      at getMoviesByTrending (src/lib/api/tmdb-client.ts:198:18)
      at Object.<anonymous> (src/lib/api/tmdb-client.test.ts:275:7)

    console.error
      [TMDb API Error] Retry Attempt: 0

    [0m [90m 79 |[39m   }
     [90m 80 |[39m   [36mif[39m (retryAttempt [33m!==[39m undefined) {
    [31m[1m>[22m[39m[90m 81 |[39m     console[33m.[39merror([32m`[TMDb API 
Error] Retry Attempt: ${retryAttempt}`[39m)[33m;[39m
     [90m    |[39m             [31m[1m^[22m[39m
     [90m 82 |[39m   }
     [90m 83 |[39m
     [90m 84 |[39m   [90m// Send to monitoring service[39m[0m

      at error (src/lib/api/tmdb-client.ts:81:13)
      at logError (src/lib/api/tmdb-client.ts:136:7)
      at getMoviesByTrending (src/lib/api/tmdb-client.ts:198:18)
      at Object.<anonymous> (src/lib/api/tmdb-client.test.ts:275:7)

    console.error
      [TMDb API Error] APIResponseError: Service Unavailable

    [0m [90m 74 |[39m [90m */[39m
     [90m 75 |[39m [36mfunction[39m logError(error[33m:[39m 
[33mError[39m[33m,[39m endpoint[33m?[39m[33m:[39m string[33m,[39m 
retryAttempt[33m?[39m[33m:[39m number)[33m:[39m [36mvoid[39m {
    [31m[1m>[22m[39m[90m 76 |[39m   console[33m.[39merror([32m`[TMDb API Error] 
${error.name}: ${error.message}`[39m)[33m;[39m
     [90m    |[39m           [31m[1m^[22m[39m
     [90m 77 |[39m   [36mif[39m (endpoint) {
     [90m 78 |[39m     console[33m.[39merror([32m`[TMDb API Error] Endpoint: 
${endpoint}`[39m)[33m;[39m
     [90m 79 |[39m   }[0m

      at error (src/lib/api/tmdb-client.ts:76:11)
      at logError (src/lib/api/tmdb-client.ts:136:7)
      at getMoviesByTrending (src/lib/api/tmdb-client.ts:198:18)
      at Object.<anonymous> (src/lib/api/tmdb-client.test.ts:320:22)

    console.error
      [TMDb API Error] Endpoint: /trending/movie/day?page=1

    [0m [90m 76 |[39m   console[33m.[39merror([32m`[TMDb API Error] ${error.name}: 
${error.message}`[39m)[33m;[39m
     [90m 77 |[39m   [36mif[39m (endpoint) {
    [31m[1m>[22m[39m[90m 78 |[39m     console[33m.[39merror([32m`[TMDb API 
Error] Endpoint: ${endpoint}`[39m)[33m;[39m
     [90m    |[39m             [31m[1m^[22m[39m
     [90m 79 |[39m   }
     [90m 80 |[39m   [36mif[39m (retryAttempt [33m!==[39m undefined) {
     [90m 81 |[39m     console[33m.[39merror([32m`[TMDb API Error] Retry Attempt: 
${retryAttempt}`[39m)[33m;[39m[0m

      at error (src/lib/api/tmdb-client.ts:78:13)
      at logError (src/lib/api/tmdb-client.ts:136:7)
      at getMoviesByTrending (src/lib/api/tmdb-client.ts:198:18)
      at Object.<anonymous> (src/lib/api/tmdb-client.test.ts:320:22)

    console.error
      [TMDb API Error] Retry Attempt: 0

    [0m [90m 79 |[39m   }
     [90m 80 |[39m   [36mif[39m (retryAttempt [33m!==[39m undefined) {
    [31m[1m>[22m[39m[90m 81 |[39m     console[33m.[39merror([32m`[TMDb API 
Error] Retry Attempt: ${retryAttempt}`[39m)[33m;[39m
     [90m    |[39m             [31m[1m^[22m[39m
     [90m 82 |[39m   }
     [90m 83 |[39m
     [90m 84 |[39m   [90m// Send to monitoring service[39m[0m

      at error (src/lib/api/tmdb-client.ts:81:13)
      at logError (src/lib/api/tmdb-client.ts:136:7)
      at getMoviesByTrending (src/lib/api/tmdb-client.ts:198:18)
      at Object.<anonymous> (src/lib/api/tmdb-client.test.ts:320:22)

    console.log
      [TMDb API] Retrying after 107.36343239487536ms (attempt 1/3)

      at log (src/lib/api/tmdb-client.ts:141:17)

    console.error
      [TMDb API Error] NetworkError: Network error: Network timeout

    [0m [90m 74 |[39m [90m */[39m
     [90m 75 |[39m [36mfunction[39m logError(error[33m:[39m 
[33mError[39m[33m,[39m endpoint[33m?[39m[33m:[39m string[33m,[39m 
retryAttempt[33m?[39m[33m:[39m number)[33m:[39m [36mvoid[39m {
    [31m[1m>[22m[39m[90m 76 |[39m   console[33m.[39merror([32m`[TMDb API Error] 
${error.name}: ${error.message}`[39m)[33m;[39m
     [90m    |[39m           [31m[1m^[22m[39m
     [90m 77 |[39m   [36mif[39m (endpoint) {
     [90m 78 |[39m     console[33m.[39merror([32m`[TMDb API Error] Endpoint: 
${endpoint}`[39m)[33m;[39m
     [90m 79 |[39m   }[0m

      at error (src/lib/api/tmdb-client.ts:76:11)
      at logError (src/lib/api/tmdb-client.ts:170:5)
      at getMoviesByTrending (src/lib/api/tmdb-client.ts:198:18)
      at Object.<anonymous> (src/lib/api/tmdb-client.test.ts:350:22)

    console.error
      [TMDb API Error] Endpoint: /trending/movie/day?page=1

    [0m [90m 76 |[39m   console[33m.[39merror([32m`[TMDb API Error] ${error.name}: 
${error.message}`[39m)[33m;[39m
     [90m 77 |[39m   [36mif[39m (endpoint) {
    [31m[1m>[22m[39m[90m 78 |[39m     console[33m.[39merror([32m`[TMDb API 
Error] Endpoint: ${endpoint}`[39m)[33m;[39m
     [90m    |[39m             [31m[1m^[22m[39m
     [90m 79 |[39m   }
     [90m 80 |[39m   [36mif[39m (retryAttempt [33m!==[39m undefined) {
     [90m 81 |[39m     console[33m.[39merror([32m`[TMDb API Error] Retry Attempt: 
${retryAttempt}`[39m)[33m;[39m[0m

      at error (src/lib/api/tmdb-client.ts:78:13)
      at logError (src/lib/api/tmdb-client.ts:170:5)
      at getMoviesByTrending (src/lib/api/tmdb-client.ts:198:18)
      at Object.<anonymous> (src/lib/api/tmdb-client.test.ts:350:22)

    console.error
      [TMDb API Error] Retry Attempt: 0

    [0m [90m 79 |[39m   }
     [90m 80 |[39m   [36mif[39m (retryAttempt [33m!==[39m undefined) {
    [31m[1m>[22m[39m[90m 81 |[39m     console[33m.[39merror([32m`[TMDb API 
Error] Retry Attempt: ${retryAttempt}`[39m)[33m;[39m
     [90m    |[39m             [31m[1m^[22m[39m
     [90m 82 |[39m   }
     [90m 83 |[39m
     [90m 84 |[39m   [90m// Send to monitoring service[39m[0m

      at error (src/lib/api/tmdb-client.ts:81:13)
      at logError (src/lib/api/tmdb-client.ts:170:5)
      at getMoviesByTrending (src/lib/api/tmdb-client.ts:198:18)
      at Object.<anonymous> (src/lib/api/tmdb-client.test.ts:350:22)

    console.log
      [TMDb API] Retrying after 103.85076667630739ms (attempt 1/3)

      at log (src/lib/api/tmdb-client.ts:175:15)

    console.error
      [TMDb API Error] APIResponseError: Invalid API key

    [0m [90m 74 |[39m [90m */[39m
     [90m 75 |[39m [36mfunction[39m logError(error[33m:[39m 
[33mError[39m[33m,[39m endpoint[33m?[39m[33m:[39m string[33m,[39m 
retryAttempt[33m?[39m[33m:[39m number)[33m:[39m [36mvoid[39m {
    [31m[1m>[22m[39m[90m 76 |[39m   console[33m.[39merror([32m`[TMDb API Error] 
${error.name}: ${error.message}`[39m)[33m;[39m
     [90m    |[39m           [31m[1m^[22m[39m
     [90m 77 |[39m   [36mif[39m (endpoint) {
     [90m 78 |[39m     console[33m.[39merror([32m`[TMDb API Error] Endpoint: 
${endpoint}`[39m)[33m;[39m
     [90m 79 |[39m   }[0m

      at error (src/lib/api/tmdb-client.ts:76:11)
      at logError (src/lib/api/tmdb-client.ts:136:7)
      at getMoviesByTrending (src/lib/api/tmdb-client.ts:198:18)
      at Object.<anonymous> (src/lib/api/tmdb-client.test.ts:368:7)

    console.error
      [TMDb API Error] Endpoint: /trending/movie/day?page=1

    [0m [90m 76 |[39m   console[33m.[39merror([32m`[TMDb API Error] ${error.name}: 
${error.message}`[39m)[33m;[39m
     [90m 77 |[39m   [36mif[39m (endpoint) {
    [31m[1m>[22m[39m[90m 78 |[39m     console[33m.[39merror([32m`[TMDb API 
Error] Endpoint: ${endpoint}`[39m)[33m;[39m
     [90m    |[39m             [31m[1m^[22m[39m
     [90m 79 |[39m   }
     [90m 80 |[39m   [36mif[39m (retryAttempt [33m!==[39m undefined) {
     [90m 81 |[39m     console[33m.[39merror([32m`[TMDb API Error] Retry Attempt: 
${retryAttempt}`[39m)[33m;[39m[0m

      at error (src/lib/api/tmdb-client.ts:78:13)
      at logError (src/lib/api/tmdb-client.ts:136:7)
      at getMoviesByTrending (src/lib/api/tmdb-client.ts:198:18)
      at Object.<anonymous> (src/lib/api/tmdb-client.test.ts:368:7)

    console.error
      [TMDb API Error] Retry Attempt: 0

    [0m [90m 79 |[39m   }
     [90m 80 |[39m   [36mif[39m (retryAttempt [33m!==[39m undefined) {
    [31m[1m>[22m[39m[90m 81 |[39m     console[33m.[39merror([32m`[TMDb API 
Error] Retry Attempt: ${retryAttempt}`[39m)[33m;[39m
     [90m    |[39m             [31m[1m^[22m[39m
     [90m 82 |[39m   }
     [90m 83 |[39m
     [90m 84 |[39m   [90m// Send to monitoring service[39m[0m

      at error (src/lib/api/tmdb-client.ts:81:13)
      at logError (src/lib/api/tmdb-client.ts:136:7)
      at getMoviesByTrending (src/lib/api/tmdb-client.ts:198:18)
      at Object.<anonymous> (src/lib/api/tmdb-client.test.ts:368:7)

    console.error
      [TMDb API Error] APIResponseError: Too Many Requests

    [0m [90m 74 |[39m [90m */[39m
     [90m 75 |[39m [36mfunction[39m logError(error[33m:[39m 
[33mError[39m[33m,[39m endpoint[33m?[39m[33m:[39m string[33m,[39m 
retryAttempt[33m?[39m[33m:[39m number)[33m:[39m [36mvoid[39m {
    [31m[1m>[22m[39m[90m 76 |[39m   console[33m.[39merror([32m`[TMDb API Error] 
${error.name}: ${error.message}`[39m)[33m;[39m
     [90m    |[39m           [31m[1m^[22m[39m
     [90m 77 |[39m   [36mif[39m (endpoint) {
     [90m 78 |[39m     console[33m.[39merror([32m`[TMDb API Error] Endpoint: 
${endpoint}`[39m)[33m;[39m
     [90m 79 |[39m   }[0m

      at error (src/lib/api/tmdb-client.ts:76:11)
      at logError (src/lib/api/tmdb-client.ts:136:7)
      at getMoviesByTrending (src/lib/api/tmdb-client.ts:198:18)
      at Object.<anonymous> (src/lib/api/tmdb-client.test.ts:401:22)

    console.error
      [TMDb API Error] Endpoint: /trending/movie/day?page=1

    [0m [90m 76 |[39m   console[33m.[39merror([32m`[TMDb API Error] ${error.name}: 
${error.message}`[39m)[33m;[39m
     [90m 77 |[39m   [36mif[39m (endpoint) {
    [31m[1m>[22m[39m[90m 78 |[39m     console[33m.[39merror([32m`[TMDb API 
Error] Endpoint: ${endpoint}`[39m)[33m;[39m
     [90m    |[39m             [31m[1m^[22m[39m
     [90m 79 |[39m   }
     [90m 80 |[39m   [36mif[39m (retryAttempt [33m!==[39m undefined) {
     [90m 81 |[39m     console[33m.[39merror([32m`[TMDb API Error] Retry Attempt: 
${retryAttempt}`[39m)[33m;[39m[0m

      at error (src/lib/api/tmdb-client.ts:78:13)
      at logError (src/lib/api/tmdb-client.ts:136:7)
      at getMoviesByTrending (src/lib/api/tmdb-client.ts:198:18)
      at Object.<anonymous> (src/lib/api/tmdb-client.test.ts:401:22)

    console.error
      [TMDb API Error] Retry Attempt: 0

    [0m [90m 79 |[39m   }
     [90m 80 |[39m   [36mif[39m (retryAttempt [33m!==[39m undefined) {
    [31m[1m>[22m[39m[90m 81 |[39m     console[33m.[39merror([32m`[TMDb API 
Error] Retry Attempt: ${retryAttempt}`[39m)[33m;[39m
     [90m    |[39m             [31m[1m^[22m[39m
     [90m 82 |[39m   }
     [90m 83 |[39m
     [90m 84 |[39m   [90m// Send to monitoring service[39m[0m

      at error (src/lib/api/tmdb-client.ts:81:13)
      at logError (src/lib/api/tmdb-client.ts:136:7)
      at getMoviesByTrending (src/lib/api/tmdb-client.ts:198:18)
      at Object.<anonymous> (src/lib/api/tmdb-client.test.ts:401:22)

    console.log
      [TMDb API] Retrying after 109.39617059481512ms (attempt 1/3)

      at log (src/lib/api/tmdb-client.ts:141:17)

    console.error
      [TMDb API Error] APIResponseError: Service Unavailable

    [0m [90m 74 |[39m [90m */[39m
     [90m 75 |[39m [36mfunction[39m logError(error[33m:[39m 
[33mError[39m[33m,[39m endpoint[33m?[39m[33m:[39m string[33m,[39m 
retryAttempt[33m?[39m[33m:[39m number)[33m:[39m [36mvoid[39m {
    [31m[1m>[22m[39m[90m 76 |[39m   console[33m.[39merror([32m`[TMDb API Error] 
${error.name}: ${error.message}`[39m)[33m;[39m
     [90m    |[39m           [31m[1m^[22m[39m
     [90m 77 |[39m   [36mif[39m (endpoint) {
     [90m 78 |[39m     console[33m.[39merror([32m`[TMDb API Error] Endpoint: 
${endpoint}`[39m)[33m;[39m
     [90m 79 |[39m   }[0m

      at error (src/lib/api/tmdb-client.ts:76:11)
      at logError (src/lib/api/tmdb-client.ts:136:7)
      at getMoviesByTrending (src/lib/api/tmdb-client.ts:198:18)
      at Object.<anonymous> (src/lib/api/tmdb-client.test.ts:416:7)

    console.error
      [TMDb API Error] Endpoint: /trending/movie/day?page=1

    [0m [90m 76 |[39m   console[33m.[39merror([32m`[TMDb API Error] ${error.name}: 
${error.message}`[39m)[33m;[39m
     [90m 77 |[39m   [36mif[39m (endpoint) {
    [31m[1m>[22m[39m[90m 78 |[39m     console[33m.[39merror([32m`[TMDb API 
Error] Endpoint: ${endpoint}`[39m)[33m;[39m
     [90m    |[39m             [31m[1m^[22m[39m
     [90m 79 |[39m   }
     [90m 80 |[39m   [36mif[39m (retryAttempt [33m!==[39m undefined) {
     [90m 81 |[39m     console[33m.[39merror([32m`[TMDb API Error] Retry Attempt: 
${retryAttempt}`[39m)[33m;[39m[0m

      at error (src/lib/api/tmdb-client.ts:78:13)
      at logError (src/lib/api/tmdb-client.ts:136:7)
      at getMoviesByTrending (src/lib/api/tmdb-client.ts:198:18)
      at Object.<anonymous> (src/lib/api/tmdb-client.test.ts:416:7)

    console.error
      [TMDb API Error] Retry Attempt: 0

    [0m [90m 79 |[39m   }
     [90m 80 |[39m   [36mif[39m (retryAttempt [33m!==[39m undefined) {
    [31m[1m>[22m[39m[90m 81 |[39m     console[33m.[39merror([32m`[TMDb API 
Error] Retry Attempt: ${retryAttempt}`[39m)[33m;[39m
     [90m    |[39m             [31m[1m^[22m[39m
     [90m 82 |[39m   }
     [90m 83 |[39m
     [90m 84 |[39m   [90m// Send to monitoring service[39m[0m

      at error (src/lib/api/tmdb-client.ts:81:13)
      at logError (src/lib/api/tmdb-client.ts:136:7)
      at getMoviesByTrending (src/lib/api/tmdb-client.ts:198:18)
      at Object.<anonymous> (src/lib/api/tmdb-client.test.ts:416:7)

    console.log
      [TMDb API] Retrying after 100.47429158459211ms (attempt 1/3)

      at log (src/lib/api/tmdb-client.ts:141:17)

    console.error
      [TMDb API Error] APIResponseError: Service Unavailable

    [0m [90m 74 |[39m [90m */[39m
     [90m 75 |[39m [36mfunction[39m logError(error[33m:[39m 
[33mError[39m[33m,[39m endpoint[33m?[39m[33m:[39m string[33m,[39m 
retryAttempt[33m?[39m[33m:[39m number)[33m:[39m [36mvoid[39m {
    [31m[1m>[22m[39m[90m 76 |[39m   console[33m.[39merror([32m`[TMDb API Error] 
${error.name}: ${error.message}`[39m)[33m;[39m
     [90m    |[39m           [31m[1m^[22m[39m
     [90m 77 |[39m   [36mif[39m (endpoint) {
     [90m 78 |[39m     console[33m.[39merror([32m`[TMDb API Error] Endpoint: 
${endpoint}`[39m)[33m;[39m
     [90m 79 |[39m   }[0m

      at error (src/lib/api/tmdb-client.ts:76:11)
      at logError (src/lib/api/tmdb-client.ts:136:7)
      at getMoviesByTrending (src/lib/api/tmdb-client.ts:198:18)
      at Object.<anonymous> (src/lib/api/tmdb-client.test.ts:416:7)

    console.error
      [TMDb API Error] Endpoint: /trending/movie/day?page=1

    [0m [90m 76 |[39m   console[33m.[39merror([32m`[TMDb API Error] ${error.name}: 
${error.message}`[39m)[33m;[39m
     [90m 77 |[39m   [36mif[39m (endpoint) {
    [31m[1m>[22m[39m[90m 78 |[39m     console[33m.[39merror([32m`[TMDb API 
Error] Endpoint: ${endpoint}`[39m)[33m;[39m
     [90m    |[39m             [31m[1m^[22m[39m
     [90m 79 |[39m   }
     [90m 80 |[39m   [36mif[39m (retryAttempt [33m!==[39m undefined) {
     [90m 81 |[39m     console[33m.[39merror([32m`[TMDb API Error] Retry Attempt: 
${retryAttempt}`[39m)[33m;[39m[0m

      at error (src/lib/api/tmdb-client.ts:78:13)
      at logError (src/lib/api/tmdb-client.ts:136:7)
      at getMoviesByTrending (src/lib/api/tmdb-client.ts:198:18)
      at Object.<anonymous> (src/lib/api/tmdb-client.test.ts:416:7)

    console.error
      [TMDb API Error] Retry Attempt: 1

    [0m [90m 79 |[39m   }
     [90m 80 |[39m   [36mif[39m (retryAttempt [33m!==[39m undefined) {
    [31m[1m>[22m[39m[90m 81 |[39m     console[33m.[39merror([32m`[TMDb API 
Error] Retry Attempt: ${retryAttempt}`[39m)[33m;[39m
     [90m    |[39m             [31m[1m^[22m[39m
     [90m 82 |[39m   }
     [90m 83 |[39m
     [90m 84 |[39m   [90m// Send to monitoring service[39m[0m

      at error (src/lib/api/tmdb-client.ts:81:13)
      at logError (src/lib/api/tmdb-client.ts:136:7)
      at getMoviesByTrending (src/lib/api/tmdb-client.ts:198:18)
      at Object.<anonymous> (src/lib/api/tmdb-client.test.ts:416:7)

    console.log
      [TMDb API] Retrying after 211.25117879991393ms (attempt 2/3)

      at log (src/lib/api/tmdb-client.ts:141:17)

    console.error
      [TMDb API Error] APIResponseError: Service Unavailable

    [0m [90m 74 |[39m [90m */[39m
     [90m 75 |[39m [36mfunction[39m logError(error[33m:[39m 
[33mError[39m[33m,[39m endpoint[33m?[39m[33m:[39m string[33m,[39m 
retryAttempt[33m?[39m[33m:[39m number)[33m:[39m [36mvoid[39m {
    [31m[1m>[22m[39m[90m 76 |[39m   console[33m.[39merror([32m`[TMDb API Error] 
${error.name}: ${error.message}`[39m)[33m;[39m
     [90m    |[39m           [31m[1m^[22m[39m
     [90m 77 |[39m   [36mif[39m (endpoint) {
     [90m 78 |[39m     console[33m.[39merror([32m`[TMDb API Error] Endpoint: 
${endpoint}`[39m)[33m;[39m
     [90m 79 |[39m   }[0m

      at error (src/lib/api/tmdb-client.ts:76:11)
      at logError (src/lib/api/tmdb-client.ts:136:7)
      at getMoviesByTrending (src/lib/api/tmdb-client.ts:198:18)
      at Object.<anonymous> (src/lib/api/tmdb-client.test.ts:416:7)

    console.error
      [TMDb API Error] Endpoint: /trending/movie/day?page=1

    [0m [90m 76 |[39m   console[33m.[39merror([32m`[TMDb API Error] ${error.name}: 
${error.message}`[39m)[33m;[39m
     [90m 77 |[39m   [36mif[39m (endpoint) {
    [31m[1m>[22m[39m[90m 78 |[39m     console[33m.[39merror([32m`[TMDb API 
Error] Endpoint: ${endpoint}`[39m)[33m;[39m
     [90m    |[39m             [31m[1m^[22m[39m
     [90m 79 |[39m   }
     [90m 80 |[39m   [36mif[39m (retryAttempt [33m!==[39m undefined) {
     [90m 81 |[39m     console[33m.[39merror([32m`[TMDb API Error] Retry Attempt: 
${retryAttempt}`[39m)[33m;[39m[0m

      at error (src/lib/api/tmdb-client.ts:78:13)
      at logError (src/lib/api/tmdb-client.ts:136:7)
      at getMoviesByTrending (src/lib/api/tmdb-client.ts:198:18)
      at Object.<anonymous> (src/lib/api/tmdb-client.test.ts:416:7)

    console.error
      [TMDb API Error] Retry Attempt: 2

    [0m [90m 79 |[39m   }
     [90m 80 |[39m   [36mif[39m (retryAttempt [33m!==[39m undefined) {
    [31m[1m>[22m[39m[90m 81 |[39m     console[33m.[39merror([32m`[TMDb API 
Error] Retry Attempt: ${retryAttempt}`[39m)[33m;[39m
     [90m    |[39m             [31m[1m^[22m[39m
     [90m 82 |[39m   }
     [90m 83 |[39m
     [90m 84 |[39m   [90m// Send to monitoring service[39m[0m

      at error (src/lib/api/tmdb-client.ts:81:13)
      at logError (src/lib/api/tmdb-client.ts:136:7)
      at getMoviesByTrending (src/lib/api/tmdb-client.ts:198:18)
      at Object.<anonymous> (src/lib/api/tmdb-client.test.ts:416:7)

    console.log
      [TMDb API] Retrying after 401.38413706765476ms (attempt 3/3)

      at log (src/lib/api/tmdb-client.ts:141:17)

    console.error
      [TMDb API Error] APIResponseError: Service Unavailable

    [0m [90m 74 |[39m [90m */[39m
     [90m 75 |[39m [36mfunction[39m logError(error[33m:[39m 
[33mError[39m[33m,[39m endpoint[33m?[39m[33m:[39m string[33m,[39m 
retryAttempt[33m?[39m[33m:[39m number)[33m:[39m [36mvoid[39m {
    [31m[1m>[22m[39m[90m 76 |[39m   console[33m.[39merror([32m`[TMDb API Error] 
${error.name}: ${error.message}`[39m)[33m;[39m
     [90m    |[39m           [31m[1m^[22m[39m
     [90m 77 |[39m   [36mif[39m (endpoint) {
     [90m 78 |[39m     console[33m.[39merror([32m`[TMDb API Error] Endpoint: 
${endpoint}`[39m)[33m;[39m
     [90m 79 |[39m   }[0m

      at error (src/lib/api/tmdb-client.ts:76:11)
      at logError (src/lib/api/tmdb-client.ts:136:7)
      at getMoviesByTrending (src/lib/api/tmdb-client.ts:198:18)
      at Object.<anonymous> (src/lib/api/tmdb-client.test.ts:416:7)

    console.error
      [TMDb API Error] Endpoint: /trending/movie/day?page=1

    [0m [90m 76 |[39m   console[33m.[39merror([32m`[TMDb API Error] ${error.name}: 
${error.message}`[39m)[33m;[39m
     [90m 77 |[39m   [36mif[39m (endpoint) {
    [31m[1m>[22m[39m[90m 78 |[39m     console[33m.[39merror([32m`[TMDb API 
Error] Endpoint: ${endpoint}`[39m)[33m;[39m
     [90m    |[39m             [31m[1m^[22m[39m
     [90m 79 |[39m   }
     [90m 80 |[39m   [36mif[39m (retryAttempt [33m!==[39m undefined) {
     [90m 81 |[39m     console[33m.[39merror([32m`[TMDb API Error] Retry Attempt: 
${retryAttempt}`[39m)[33m;[39m[0m

      at error (src/lib/api/tmdb-client.ts:78:13)
      at logError (src/lib/api/tmdb-client.ts:136:7)
      at getMoviesByTrending (src/lib/api/tmdb-client.ts:198:18)
      at Object.<anonymous> (src/lib/api/tmdb-client.test.ts:416:7)

    console.error
      [TMDb API Error] Retry Attempt: 3

    [0m [90m 79 |[39m   }
     [90m 80 |[39m   [36mif[39m (retryAttempt [33m!==[39m undefined) {
    [31m[1m>[22m[39m[90m 81 |[39m     console[33m.[39merror([32m`[TMDb API 
Error] Retry Attempt: ${retryAttempt}`[39m)[33m;[39m
     [90m    |[39m             [31m[1m^[22m[39m
     [90m 82 |[39m   }
     [90m 83 |[39m
     [90m 84 |[39m   [90m// Send to monitoring service[39m[0m

      at error (src/lib/api/tmdb-client.ts:81:13)
      at logError (src/lib/api/tmdb-client.ts:136:7)
      at getMoviesByTrending (src/lib/api/tmdb-client.ts:198:18)
      at Object.<anonymous> (src/lib/api/tmdb-client.test.ts:416:7)

    console.error
      [TMDb API Error] APIResponseError: Service Unavailable

    [0m [90m 74 |[39m [90m */[39m
     [90m 75 |[39m [36mfunction[39m logError(error[33m:[39m 
[33mError[39m[33m,[39m endpoint[33m?[39m[33m:[39m string[33m,[39m 
retryAttempt[33m?[39m[33m:[39m number)[33m:[39m [36mvoid[39m {
    [31m[1m>[22m[39m[90m 76 |[39m   console[33m.[39merror([32m`[TMDb API Error] 
${error.name}: ${error.message}`[39m)[33m;[39m
     [90m    |[39m           [31m[1m^[22m[39m
     [90m 77 |[39m   [36mif[39m (endpoint) {
     [90m 78 |[39m     console[33m.[39merror([32m`[TMDb API Error] Endpoint: 
${endpoint}`[39m)[33m;[39m
     [90m 79 |[39m   }[0m

      at error (src/lib/api/tmdb-client.ts:76:11)
      at logError (src/lib/api/tmdb-client.ts:136:7)
      at getMoviesByTrending (src/lib/api/tmdb-client.ts:198:18)
      at Object.<anonymous> (src/lib/api/tmdb-client.test.ts:442:22)

    console.error
      [TMDb API Error] Endpoint: /trending/movie/day?page=1

    [0m [90m 76 |[39m   console[33m.[39merror([32m`[TMDb API Error] ${error.name}: 
${error.message}`[39m)[33m;[39m
     [90m 77 |[39m   [36mif[39m (endpoint) {
    [31m[1m>[22m[39m[90m 78 |[39m     console[33m.[39merror([32m`[TMDb API 
Error] Endpoint: ${endpoint}`[39m)[33m;[39m
     [90m    |[39m             [31m[1m^[22m[39m
     [90m 79 |[39m   }
     [90m 80 |[39m   [36mif[39m (retryAttempt [33m!==[39m undefined) {
     [90m 81 |[39m     console[33m.[39merror([32m`[TMDb API Error] Retry Attempt: 
${retryAttempt}`[39m)[33m;[39m[0m

      at error (src/lib/api/tmdb-client.ts:78:13)
      at logError (src/lib/api/tmdb-client.ts:136:7)
      at getMoviesByTrending (src/lib/api/tmdb-client.ts:198:18)
      at Object.<anonymous> (src/lib/api/tmdb-client.test.ts:442:22)

    console.error
      [TMDb API Error] Retry Attempt: 0

    [0m [90m 79 |[39m   }
     [90m 80 |[39m   [36mif[39m (retryAttempt [33m!==[39m undefined) {
    [31m[1m>[22m[39m[90m 81 |[39m     console[33m.[39merror([32m`[TMDb API 
Error] Retry Attempt: ${retryAttempt}`[39m)[33m;[39m
     [90m    |[39m             [31m[1m^[22m[39m
     [90m 82 |[39m   }
     [90m 83 |[39m
     [90m 84 |[39m   [90m// Send to monitoring service[39m[0m

      at error (src/lib/api/tmdb-client.ts:81:13)
      at logError (src/lib/api/tmdb-client.ts:136:7)
      at getMoviesByTrending (src/lib/api/tmdb-client.ts:198:18)
      at Object.<anonymous> (src/lib/api/tmdb-client.test.ts:442:22)

    console.log
      [TMDb API] Retrying after 103.49601835783376ms (attempt 1/3)

      at log (src/lib/api/tmdb-client.ts:141:17)


Summary of all failing tests
FAIL src/lib/parsers/movie-parser.test.ts
  ΓùÅ Movie Parser ΓÇ║ parseMovieDetails ΓÇ║ should handle missing optional fields with 
defaults

    expect(received).toBe(expected) // Object.is equality

    Expected: ""
    Received: undefined

    [0m [90m 143 |[39m       [36mconst[39m result [33m=[39m 
parseMovieDetails(minimalData)[33m;[39m
     [90m 144 |[39m
    [31m[1m>[22m[39m[90m 145 |[39m       
expect(result[33m.[39moverview)[33m.[39mtoBe([32m''[39m)[33m;[39m
     [90m     |[39m                               [31m[1m^[22m[39m
     [90m 146 |[39m       
expect(result[33m.[39mgenres)[33m.[39mtoEqual([])[33m;[39m
     [90m 147 |[39m       
expect(result[33m.[39mruntime)[33m.[39mtoBe([35m0[39m)[33m;[39m
     [90m 148 |[39m       
expect(result[33m.[39mvote_average)[33m.[39mtoBe([35m0[39m)[33m;[39m[0m

      at Object.toBe (src/lib/parsers/movie-parser.test.ts:145:31)


Test Suites: 1 failed, 30 passed, 31 total
Tests:       1 failed, 805 passed, 806 total
Snapshots:   0 total
Time:        3.988 s
Ran all test suites.
