
> movie-discovery-platform@0.1.0 test
> jest --run

node.exe : ΓùÅ Unrecognized CLI Parameter:
At line:1 char:1
+ & "D:\/node.exe" "D:\/node_modules/npm/bin/npm-cli.js" test -- --run
+ ~~~~~~~~~~~~~~~~~~~~~~~~~~~~~~~~~~~~~~~~~~~~~~~~~~~~~~~~~~~~~~~~~~~~
    + CategoryInfo          : NotSpecified: (ΓùÅ Unrecognized CLI Parameter::String) [], RemoteException
    + FullyQualifiedErrorId : NativeCommandError
 

  Unrecognized option "run". Did you mean "u"?

  CLI Options Documentation:
  https://jestjs.io/docs/cli

