
> movie-discovery-platform@0.1.0 test
> jest

node.exe : FAIL src/lib/api/tmdb-client.exploration.test.ts
At line:1 char:1
+ & "D:\/node.exe" "D:\/node_modules/npm/bin/npm-cli.js" test
+ ~~~~~~~~~~~~~~~~~~~~~~~~~~~~~~~~~~~~~~~~~~~~~~~~~~~~~~~~~~~
    + CategoryInfo          : NotSpecified: (FAIL src/lib/ap...oration.test.ts:String) [], RemoteException
    + FullyQualifiedErrorId : NativeCommandError
 
  ΓùÅ searchMovies - Bug Condition Exploration: Excessive API Requests ΓÇ║ Property: Typing Simulation - Character by Character ΓÇ║ should 
not make API calls for each character typed

    expect(jest.fn()).toHaveBeenCalledTimes(expected)

    Expected number of calls: 1
    Received number of calls: 9

    [0m [90m 247 |[39m       [90m// On unfixed code, this will be 9 calls (one for each character)[39m
     [90m 248 |[39m       [90m// This demonstrates the bug: multiple API calls for typing[39m
    [31m[1m>[22m[39m[90m 249 |[39m       expect(mockFetch)[33m.[39mtoHaveBeenCalledTimes([35m1[39m)[33m;[39m
     [90m     |[39m                         [31m[1m^[22m[39m
     [90m 250 |[39m     })[33m;[39m
     [90m 251 |[39m
     [90m 252 |[39m     it([32m'should cache intermediate queries and final query'[39m[33m,[39m [36masync[39m () [33m=>[39m {[0m

      at Object.toHaveBeenCalledTimes (src/lib/api/tmdb-client.exploration.test.ts:249:25)

  ΓùÅ searchMovies - Bug Condition Exploration: Excessive API Requests ΓÇ║ Property: Typing Simulation - Character by Character ΓÇ║ should 
cache intermediate queries and final query

    expect(jest.fn()).toHaveBeenCalledTimes(expected)

    Expected number of calls: 1
    Received number of calls: 9

    [0m [90m 265 |[39m       [90m// EXPECTED: Only one API call total[39m
     [90m 266 |[39m       [90m// On unfixed code, this will be 10 calls (9 for typing + 1 for final)[39m
    [31m[1m>[22m[39m[90m 267 |[39m       expect(mockFetch)[33m.[39mtoHaveBeenCalledTimes([35m1[39m)[33m;[39m
     [90m     |[39m                         [31m[1m^[22m[39m
     [90m 268 |[39m     })[33m;[39m
     [90m 269 |[39m
     [90m 270 |[39m     it([32m'should handle typing with backspace (character removal)'[39m[33m,[39m [36masync[39m () [33m=>[39m 
{[0m

      at Object.toHaveBeenCalledTimes (src/lib/api/tmdb-client.exploration.test.ts:267:25)

  ΓùÅ searchMovies - Bug Condition Exploration: Excessive API Requests ΓÇ║ Property: Typing Simulation - Character by Character ΓÇ║ should 
demonstrate the bug: multiple calls for typing

    expect(jest.fn()).toHaveBeenCalledTimes(expected)

    Expected number of calls: 1
    Received number of calls: 4

    [0m [90m 310 |[39m       [90m// On unfixed code, this will be 4 calls (one for each character)[39m
     [90m 311 |[39m       [90m// This is the core of the bug - each keystroke makes an API call[39m
    [31m[1m>[22m[39m[90m 312 |[39m       expect(mockFetch)[33m.[39mtoHaveBeenCalledTimes([35m1[39m)[33m;[39m
     [90m     |[39m                         [31m[1m^[22m[39m
     [90m 313 |[39m     })[33m;[39m
     [90m 314 |[39m   })[33m;[39m
     [90m 315 |[39m[0m

      at Object.toHaveBeenCalledTimes (src/lib/api/tmdb-client.exploration.test.ts:312:25)

  ΓùÅ searchMovies - Bug Condition Exploration: Excessive API Requests ΓÇ║ Property: Cache Behavior Across Different Scenarios ΓÇ║ should 
demonstrate the bug: excessive API calls without caching

    expect(jest.fn()).toHaveBeenCalledTimes(expected)

    Expected number of calls: 1
    Received number of calls: 9

    [0m [90m 379 |[39m       [90m// On unfixed code, this will be 11 calls (9 for typing + 2 for duplicates)[39m
     [90m 380 |[39m       [90m// This demonstrates the bug: excessive API calls for realistic user behavior[39m
    [31m[1m>[22m[39m[90m 381 |[39m       expect(mockFetch)[33m.[39mtoHaveBeenCalledTimes([35m1[39m)[33m;[39m
     [90m     |[39m                         [31m[1m^[22m[39m
     [90m 382 |[39m     })[33m;[39m
     [90m 383 |[39m   })[33m;[39m
     [90m 384 |[39m[0m

      at Object.toHaveBeenCalledTimes (src/lib/api/tmdb-client.exploration.test.ts:381:25)

PASS src/features/vidsrc-streaming/components/VidsrcStreamingPlayer.security.test.tsx
PASS src/features/vidsrc-streaming/services/VidsrcConfigurationManager.test.ts
  ΓùÅ Console

    console.log
      [Vidsrc] Domain failure recorded: vidsrc.in (failures: 1/3)

      at VidsrcConfigurationManager.log [as markDomainFailed] (src/features/vidsrc-streaming/services/VidsrcConfigurationManager.ts:102:15)
          at Array.forEach (<anonymous>)

    console.log
      [Vidsrc] Domain failure recorded: vidsrc.in (failures: 2/3)

      at VidsrcConfigurationManager.log [as markDomainFailed] (src/features/vidsrc-streaming/services/VidsrcConfigurationManager.ts:102:15)
          at Array.forEach (<anonymous>)

    console.log
      [Vidsrc] Domain failure recorded: vidsrc.in (failures: 3/3)

      at VidsrcConfigurationManager.log [as markDomainFailed] (src/features/vidsrc-streaming/services/VidsrcConfigurationManager.ts:102:15)
          at Array.forEach (<anonymous>)

    console.log
      [Vidsrc] Domain marked as unhealthy: vidsrc.in (failures: 4)

      at VidsrcConfigurationManager.log [as markDomainFailed] (src/features/vidsrc-streaming/services/VidsrcConfigurationManager.ts:98:15)
          at Array.forEach (<anonymous>)

    console.log
      [Vidsrc] Domain failure recorded: vidsrc.to (failures: 1/3)

      at VidsrcConfigurationManager.log [as markDomainFailed] (src/features/vidsrc-streaming/services/VidsrcConfigurationManager.ts:102:15)
          at Array.forEach (<anonymous>)

    console.log
      [Vidsrc] Domain failure recorded: vidsrc.to (failures: 2/3)

      at VidsrcConfigurationManager.log [as markDomainFailed] (src/features/vidsrc-streaming/services/VidsrcConfigurationManager.ts:102:15)
          at Array.forEach (<anonymous>)

    console.log
      [Vidsrc] Domain failure recorded: vidsrc.to (failures: 3/3)

      at VidsrcConfigurationManager.log [as markDomainFailed] (src/features/vidsrc-streaming/services/VidsrcConfigurationManager.ts:102:15)
          at Array.forEach (<anonymous>)

    console.log
      [Vidsrc] Domain marked as unhealthy: vidsrc.to (failures: 4)

      at VidsrcConfigurationManager.log [as markDomainFailed] (src/features/vidsrc-streaming/services/VidsrcConfigurationManager.ts:98:15)
          at Array.forEach (<anonymous>)

    console.log
      [Vidsrc] Domain failure recorded: vidsrc.xyz (failures: 1/3)

      at VidsrcConfigurationManager.log [as markDomainFailed] (src/features/vidsrc-streaming/services/VidsrcConfigurationManager.ts:102:15)
          at Array.forEach (<anonymous>)

    console.log
      [Vidsrc] Domain failure recorded: vidsrc.xyz (failures: 2/3)

      at VidsrcConfigurationManager.log [as markDomainFailed] (src/features/vidsrc-streaming/services/VidsrcConfigurationManager.ts:102:15)
          at Array.forEach (<anonymous>)

    console.log
      [Vidsrc] Domain failure recorded: vidsrc.xyz (failures: 3/3)

      at VidsrcConfigurationManager.log [as markDomainFailed] (src/features/vidsrc-streaming/services/VidsrcConfigurationManager.ts:102:15)
          at Array.forEach (<anonymous>)

    console.log
      [Vidsrc] Domain marked as unhealthy: vidsrc.xyz (failures: 4)

      at VidsrcConfigurationManager.log [as markDomainFailed] (src/features/vidsrc-streaming/services/VidsrcConfigurationManager.ts:98:15)
          at Array.forEach (<anonymous>)

    console.log
      [Vidsrc] Domain failure recorded: vidsrc.net (failures: 1/3)

      at VidsrcConfigurationManager.log [as markDomainFailed] (src/features/vidsrc-streaming/services/VidsrcConfigurationManager.ts:102:15)
          at Array.forEach (<anonymous>)

    console.log
      [Vidsrc] Domain failure recorded: vidsrc.net (failures: 2/3)

      at VidsrcConfigurationManager.log [as markDomainFailed] (src/features/vidsrc-streaming/services/VidsrcConfigurationManager.ts:102:15)
          at Array.forEach (<anonymous>)

    console.log
      [Vidsrc] Domain failure recorded: vidsrc.net (failures: 3/3)

      at VidsrcConfigurationManager.log [as markDomainFailed] (src/features/vidsrc-streaming/services/VidsrcConfigurationManager.ts:102:15)
          at Array.forEach (<anonymous>)

    console.log
      [Vidsrc] Domain marked as unhealthy: vidsrc.net (failures: 4)

      at VidsrcConfigurationManager.log [as markDomainFailed] (src/features/vidsrc-streaming/services/VidsrcConfigurationManager.ts:98:15)
          at Array.forEach (<anonymous>)

    console.log
      [Vidsrc] Domain failure recorded: vidsrc.pm (failures: 1/3)

      at VidsrcConfigurationManager.log [as markDomainFailed] (src/features/vidsrc-streaming/services/VidsrcConfigurationManager.ts:102:15)
          at Array.forEach (<anonymous>)

    console.log
      [Vidsrc] Domain failure recorded: vidsrc.pm (failures: 2/3)

      at VidsrcConfigurationManager.log [as markDomainFailed] (src/features/vidsrc-streaming/services/VidsrcConfigurationManager.ts:102:15)
          at Array.forEach (<anonymous>)

    console.log
      [Vidsrc] Domain failure recorded: vidsrc.pm (failures: 3/3)

      at VidsrcConfigurationManager.log [as markDomainFailed] (src/features/vidsrc-streaming/services/VidsrcConfigurationManager.ts:102:15)
          at Array.forEach (<anonymous>)

    console.log
      [Vidsrc] Domain marked as unhealthy: vidsrc.pm (failures: 4)

      at VidsrcConfigurationManager.log [as markDomainFailed] (src/features/vidsrc-streaming/services/VidsrcConfigurationManager.ts:98:15)
          at Array.forEach (<anonymous>)

    console.log
      [Vidsrc] Domain failure recorded: vidsrc.icu (failures: 1/3)

      at VidsrcConfigurationManager.log [as markDomainFailed] (src/features/vidsrc-streaming/services/VidsrcConfigurationManager.ts:102:15)
          at Array.forEach (<anonymous>)

    console.log
      [Vidsrc] Domain failure recorded: vidsrc.icu (failures: 2/3)

      at VidsrcConfigurationManager.log [as markDomainFailed] (src/features/vidsrc-streaming/services/VidsrcConfigurationManager.ts:102:15)
          at Array.forEach (<anonymous>)

    console.log
      [Vidsrc] Domain failure recorded: vidsrc.icu (failures: 3/3)

      at VidsrcConfigurationManager.log [as markDomainFailed] (src/features/vidsrc-streaming/services/VidsrcConfigurationManager.ts:102:15)
          at Array.forEach (<anonymous>)

    console.log
      [Vidsrc] Domain marked as unhealthy: vidsrc.icu (failures: 4)

      at VidsrcConfigurationManager.log [as markDomainFailed] (src/features/vidsrc-streaming/services/VidsrcConfigurationManager.ts:98:15)
          at Array.forEach (<anonymous>)

    console.log
      [Vidsrc] Domain failure recorded: vidsrc.me (failures: 1/3)

      at VidsrcConfigurationManager.log [as markDomainFailed] (src/features/vidsrc-streaming/services/VidsrcConfigurationManager.ts:102:15)
          at Array.forEach (<anonymous>)

    console.log
      [Vidsrc] Domain failure recorded: vidsrc.me (failures: 2/3)

      at VidsrcConfigurationManager.log [as markDomainFailed] (src/features/vidsrc-streaming/services/VidsrcConfigurationManager.ts:102:15)
          at Array.forEach (<anonymous>)

    console.log
      [Vidsrc] Domain failure recorded: vidsrc.me (failures: 3/3)

      at VidsrcConfigurationManager.log [as markDomainFailed] (src/features/vidsrc-streaming/services/VidsrcConfigurationManager.ts:102:15)
          at Array.forEach (<anonymous>)

    console.log
      [Vidsrc] Domain marked as unhealthy: vidsrc.me (failures: 4)

      at VidsrcConfigurationManager.log [as markDomainFailed] (src/features/vidsrc-streaming/services/VidsrcConfigurationManager.ts:98:15)
          at Array.forEach (<anonymous>)

    console.log
      [Vidsrc] Domain failure recorded: vidsrc.in (failures: 1/3)

      at VidsrcConfigurationManager.log [as markDomainFailed] (src/features/vidsrc-streaming/services/VidsrcConfigurationManager.ts:102:15)

    console.log
      [Vidsrc] Domain failure recorded: vidsrc.in (failures: 2/3)

      at VidsrcConfigurationManager.log [as markDomainFailed] (src/features/vidsrc-streaming/services/VidsrcConfigurationManager.ts:102:15)

    console.log
      [Vidsrc] Domain failure recorded: vidsrc.in (failures: 3/3)

      at VidsrcConfigurationManager.log [as markDomainFailed] (src/features/vidsrc-streaming/services/VidsrcConfigurationManager.ts:102:15)

    console.log
      [Vidsrc] Domain marked as unhealthy: vidsrc.in (failures: 4)

      at VidsrcConfigurationManager.log [as markDomainFailed] (src/features/vidsrc-streaming/services/VidsrcConfigurationManager.ts:98:15)

    console.log
      [Vidsrc] Domain failure recorded: vidsrc.in (failures: 1/3)

      at VidsrcConfigurationManager.log [as markDomainFailed] (src/features/vidsrc-streaming/services/VidsrcConfigurationManager.ts:102:15)

    console.log
      [Vidsrc] Domain failure recorded: vidsrc.in (failures: 2/3)

      at VidsrcConfigurationManager.log [as markDomainFailed] (src/features/vidsrc-streaming/services/VidsrcConfigurationManager.ts:102:15)

    console.log
      [Vidsrc] Domain failure recorded: vidsrc.to (failures: 1/3)

      at VidsrcConfigurationManager.log [as markDomainFailed] (src/features/vidsrc-streaming/services/VidsrcConfigurationManager.ts:102:15)

    console.log
      [Vidsrc] Domain failure recorded: vidsrc.in (failures: 1/3)

      at VidsrcConfigurationManager.log [as markDomainFailed] (src/features/vidsrc-streaming/services/VidsrcConfigurationManager.ts:102:15)

    console.log
      [Vidsrc] Domain failure recorded: vidsrc.in (failures: 1/3)

      at VidsrcConfigurationManager.log [as markDomainFailed] (src/features/vidsrc-streaming/services/VidsrcConfigurationManager.ts:102:15)

    console.log
      [Vidsrc] Domain failure recorded: vidsrc.in (failures: 1/3)

      at VidsrcConfigurationManager.log [as markDomainFailed] (src/features/vidsrc-streaming/services/VidsrcConfigurationManager.ts:102:15)

    console.log
      [Vidsrc] Domain failure recorded: vidsrc.in (failures: 2/3)

      at VidsrcConfigurationManager.log [as markDomainFailed] (src/features/vidsrc-streaming/services/VidsrcConfigurationManager.ts:102:15)

    console.log
      [Vidsrc] Domain failure recorded: vidsrc.in (failures: 3/3)

      at VidsrcConfigurationManager.log [as markDomainFailed] (src/features/vidsrc-streaming/services/VidsrcConfigurationManager.ts:102:15)

    console.log
      [Vidsrc] Domain marked as unhealthy: vidsrc.in (failures: 4)

      at VidsrcConfigurationManager.log [as markDomainFailed] (src/features/vidsrc-streaming/services/VidsrcConfigurationManager.ts:98:15)

    console.log
      [Vidsrc] Domain failure recorded: vidsrc.in (failures: 1/3)

      at VidsrcConfigurationManager.log [as markDomainFailed] (src/features/vidsrc-streaming/services/VidsrcConfigurationManager.ts:102:15)

    console.log
      [Vidsrc] Domain failure recorded: vidsrc.in (failures: 2/3)

      at VidsrcConfigurationManager.log [as markDomainFailed] (src/features/vidsrc-streaming/services/VidsrcConfigurationManager.ts:102:15)

    console.log
      [Vidsrc] Domain failure recorded: vidsrc.in (failures: 3/3)

      at VidsrcConfigurationManager.log [as markDomainFailed] (src/features/vidsrc-streaming/services/VidsrcConfigurationManager.ts:102:15)

    console.log
      [Vidsrc] Domain failure recorded: vidsrc.in (failures: 1/3)

      at VidsrcConfigurationManager.log [as markDomainFailed] (src/features/vidsrc-streaming/services/VidsrcConfigurationManager.ts:102:15)

    console.log
      [Vidsrc] Domain failure recorded: vidsrc.in (failures: 2/3)

      at VidsrcConfigurationManager.log [as markDomainFailed] (src/features/vidsrc-streaming/services/VidsrcConfigurationManager.ts:102:15)

    console.log
      [Vidsrc] Domain failure recorded: vidsrc.in (failures: 3/3)

      at VidsrcConfigurationManager.log [as markDomainFailed] (src/features/vidsrc-streaming/services/VidsrcConfigurationManager.ts:102:15)

    console.log
      [Vidsrc] Domain marked as unhealthy: vidsrc.in (failures: 4)

      at VidsrcConfigurationManager.log [as markDomainFailed] (src/features/vidsrc-streaming/services/VidsrcConfigurationManager.ts:98:15)

    console.log
      [Vidsrc] All domains reset to healthy state

      at VidsrcConfigurationManager.log [as resetDomains] (src/features/vidsrc-streaming/services/VidsrcConfigurationManager.ts:123:13)

    console.log
      [Vidsrc] Domain failure recorded: vidsrc.in (failures: 1/3)

      at VidsrcConfigurationManager.log [as markDomainFailed] (src/features/vidsrc-streaming/services/VidsrcConfigurationManager.ts:102:15)

    console.log
      [Vidsrc] Domain failure recorded: vidsrc.in (failures: 2/3)

      at VidsrcConfigurationManager.log [as markDomainFailed] (src/features/vidsrc-streaming/services/VidsrcConfigurationManager.ts:102:15)

    console.log
      [Vidsrc] All domains reset to healthy state

      at VidsrcConfigurationManager.log [as resetDomains] (src/features/vidsrc-streaming/services/VidsrcConfigurationManager.ts:123:13)

    console.log
      [Vidsrc] Domain failure recorded: vidsrc.in (failures: 1/3)

      at VidsrcConfigurationManager.log [as markDomainFailed] (src/features/vidsrc-streaming/services/VidsrcConfigurationManager.ts:102:15)

    console.log
      [Vidsrc] Domain failure recorded: vidsrc.in (failures: 2/3)

      at VidsrcConfigurationManager.log [as markDomainFailed] (src/features/vidsrc-streaming/services/VidsrcConfigurationManager.ts:102:15)

    console.log
      [Vidsrc] Domain failure recorded: vidsrc.in (failures: 3/3)

      at VidsrcConfigurationManager.log [as markDomainFailed] (src/features/vidsrc-streaming/services/VidsrcConfigurationManager.ts:102:15)

    console.log
      [Vidsrc] Domain marked as unhealthy: vidsrc.in (failures: 4)

      at VidsrcConfigurationManager.log [as markDomainFailed] (src/features/vidsrc-streaming/services/VidsrcConfigurationManager.ts:98:15)

    console.log
      [Vidsrc] All domains reset to healthy state

      at VidsrcConfigurationManager.log [as resetDomains] (src/features/vidsrc-streaming/services/VidsrcConfigurationManager.ts:123:13)

    console.log
      [Vidsrc] Domain failure recorded: vidsrc.in (failures: 1/3)

      at VidsrcConfigurationManager.log [as markDomainFailed] (src/features/vidsrc-streaming/services/VidsrcConfigurationManager.ts:102:15)

    console.log
      [Vidsrc] All domains reset to healthy state

      at VidsrcConfigurationManager.log [as resetDomains] (src/features/vidsrc-streaming/services/VidsrcConfigurationManager.ts:123:13)

    console.log
      [Vidsrc] Domain failure recorded: vidsrc.in (failures: 1/3)

      at VidsrcConfigurationManager.log [as markDomainFailed] (src/features/vidsrc-streaming/services/VidsrcConfigurationManager.ts:102:15)
          at Array.forEach (<anonymous>)

    console.log
      [Vidsrc] Domain failure recorded: vidsrc.in (failures: 2/3)

      at VidsrcConfigurationManager.log [as markDomainFailed] (src/features/vidsrc-streaming/services/VidsrcConfigurationManager.ts:102:15)
          at Array.forEach (<anonymous>)

    console.log
      [Vidsrc] Domain failure recorded: vidsrc.in (failures: 3/3)

      at VidsrcConfigurationManager.log [as markDomainFailed] (src/features/vidsrc-streaming/services/VidsrcConfigurationManager.ts:102:15)
          at Array.forEach (<anonymous>)

    console.log
      [Vidsrc] Domain marked as unhealthy: vidsrc.in (failures: 4)

      at VidsrcConfigurationManager.log [as markDomainFailed] (src/features/vidsrc-streaming/services/VidsrcConfigurationManager.ts:98:15)
          at Array.forEach (<anonymous>)

    console.log
      [Vidsrc] Domain failure recorded: vidsrc.to (failures: 1/3)

      at VidsrcConfigurationManager.log [as markDomainFailed] (src/features/vidsrc-streaming/services/VidsrcConfigurationManager.ts:102:15)
          at Array.forEach (<anonymous>)

    console.log
      [Vidsrc] Domain failure recorded: vidsrc.to (failures: 2/3)

      at VidsrcConfigurationManager.log [as markDomainFailed] (src/features/vidsrc-streaming/services/VidsrcConfigurationManager.ts:102:15)
          at Array.forEach (<anonymous>)

    console.log
      [Vidsrc] Domain failure recorded: vidsrc.to (failures: 3/3)

      at VidsrcConfigurationManager.log [as markDomainFailed] (src/features/vidsrc-streaming/services/VidsrcConfigurationManager.ts:102:15)
          at Array.forEach (<anonymous>)

    console.log
      [Vidsrc] Domain marked as unhealthy: vidsrc.to (failures: 4)

      at VidsrcConfigurationManager.log [as markDomainFailed] (src/features/vidsrc-streaming/services/VidsrcConfigurationManager.ts:98:15)
          at Array.forEach (<anonymous>)

    console.log
      [Vidsrc] Domain failure recorded: vidsrc.xyz (failures: 1/3)

      at VidsrcConfigurationManager.log [as markDomainFailed] (src/features/vidsrc-streaming/services/VidsrcConfigurationManager.ts:102:15)
          at Array.forEach (<anonymous>)

    console.log
      [Vidsrc] Domain failure recorded: vidsrc.xyz (failures: 2/3)

      at VidsrcConfigurationManager.log [as markDomainFailed] (src/features/vidsrc-streaming/services/VidsrcConfigurationManager.ts:102:15)
          at Array.forEach (<anonymous>)

    console.log
      [Vidsrc] Domain failure recorded: vidsrc.xyz (failures: 3/3)

      at VidsrcConfigurationManager.log [as markDomainFailed] (src/features/vidsrc-streaming/services/VidsrcConfigurationManager.ts:102:15)
          at Array.forEach (<anonymous>)

    console.log
      [Vidsrc] Domain marked as unhealthy: vidsrc.xyz (failures: 4)

      at VidsrcConfigurationManager.log [as markDomainFailed] (src/features/vidsrc-streaming/services/VidsrcConfigurationManager.ts:98:15)
          at Array.forEach (<anonymous>)

    console.log
      [Vidsrc] Domain failure recorded: vidsrc.net (failures: 1/3)

      at VidsrcConfigurationManager.log [as markDomainFailed] (src/features/vidsrc-streaming/services/VidsrcConfigurationManager.ts:102:15)
          at Array.forEach (<anonymous>)

    console.log
      [Vidsrc] Domain failure recorded: vidsrc.net (failures: 2/3)

      at VidsrcConfigurationManager.log [as markDomainFailed] (src/features/vidsrc-streaming/services/VidsrcConfigurationManager.ts:102:15)
          at Array.forEach (<anonymous>)

    console.log
      [Vidsrc] Domain failure recorded: vidsrc.net (failures: 3/3)

      at VidsrcConfigurationManager.log [as markDomainFailed] (src/features/vidsrc-streaming/services/VidsrcConfigurationManager.ts:102:15)
          at Array.forEach (<anonymous>)

    console.log
      [Vidsrc] Domain marked as unhealthy: vidsrc.net (failures: 4)

      at VidsrcConfigurationManager.log [as markDomainFailed] (src/features/vidsrc-streaming/services/VidsrcConfigurationManager.ts:98:15)
          at Array.forEach (<anonymous>)

    console.log
      [Vidsrc] Domain failure recorded: vidsrc.pm (failures: 1/3)

      at VidsrcConfigurationManager.log [as markDomainFailed] (src/features/vidsrc-streaming/services/VidsrcConfigurationManager.ts:102:15)
          at Array.forEach (<anonymous>)

    console.log
      [Vidsrc] Domain failure recorded: vidsrc.pm (failures: 2/3)

      at VidsrcConfigurationManager.log [as markDomainFailed] (src/features/vidsrc-streaming/services/VidsrcConfigurationManager.ts:102:15)
          at Array.forEach (<anonymous>)

    console.log
      [Vidsrc] Domain failure recorded: vidsrc.pm (failures: 3/3)

      at VidsrcConfigurationManager.log [as markDomainFailed] (src/features/vidsrc-streaming/services/VidsrcConfigurationManager.ts:102:15)
          at Array.forEach (<anonymous>)

    console.log
      [Vidsrc] Domain marked as unhealthy: vidsrc.pm (failures: 4)

      at VidsrcConfigurationManager.log [as markDomainFailed] (src/features/vidsrc-streaming/services/VidsrcConfigurationManager.ts:98:15)
          at Array.forEach (<anonymous>)

    console.log
      [Vidsrc] Domain failure recorded: vidsrc.icu (failures: 1/3)

      at VidsrcConfigurationManager.log [as markDomainFailed] (src/features/vidsrc-streaming/services/VidsrcConfigurationManager.ts:102:15)
          at Array.forEach (<anonymous>)

    console.log
      [Vidsrc] Domain failure recorded: vidsrc.icu (failures: 2/3)

      at VidsrcConfigurationManager.log [as markDomainFailed] (src/features/vidsrc-streaming/services/VidsrcConfigurationManager.ts:102:15)
          at Array.forEach (<anonymous>)

    console.log
      [Vidsrc] Domain failure recorded: vidsrc.icu (failures: 3/3)

      at VidsrcConfigurationManager.log [as markDomainFailed] (src/features/vidsrc-streaming/services/VidsrcConfigurationManager.ts:102:15)
          at Array.forEach (<anonymous>)

    console.log
      [Vidsrc] Domain marked as unhealthy: vidsrc.icu (failures: 4)

      at VidsrcConfigurationManager.log [as markDomainFailed] (src/features/vidsrc-streaming/services/VidsrcConfigurationManager.ts:98:15)
          at Array.forEach (<anonymous>)

    console.log
      [Vidsrc] Domain failure recorded: vidsrc.me (failures: 1/3)

      at VidsrcConfigurationManager.log [as markDomainFailed] (src/features/vidsrc-streaming/services/VidsrcConfigurationManager.ts:102:15)
          at Array.forEach (<anonymous>)

    console.log
      [Vidsrc] Domain failure recorded: vidsrc.me (failures: 2/3)

      at VidsrcConfigurationManager.log [as markDomainFailed] (src/features/vidsrc-streaming/services/VidsrcConfigurationManager.ts:102:15)
          at Array.forEach (<anonymous>)

    console.log
      [Vidsrc] Domain failure recorded: vidsrc.me (failures: 3/3)

      at VidsrcConfigurationManager.log [as markDomainFailed] (src/features/vidsrc-streaming/services/VidsrcConfigurationManager.ts:102:15)
          at Array.forEach (<anonymous>)

    console.log
      [Vidsrc] Domain marked as unhealthy: vidsrc.me (failures: 4)

      at VidsrcConfigurationManager.log [as markDomainFailed] (src/features/vidsrc-streaming/services/VidsrcConfigurationManager.ts:98:15)
          at Array.forEach (<anonymous>)

    console.log
      [Vidsrc] Domain failure recorded: vidsrc.in (failures: 1/3)

      at VidsrcConfigurationManager.log [as markDomainFailed] (src/features/vidsrc-streaming/services/VidsrcConfigurationManager.ts:102:15)

    console.log
      [Vidsrc] Domain failure recorded: vidsrc.in (failures: 2/3)

      at VidsrcConfigurationManager.log [as markDomainFailed] (src/features/vidsrc-streaming/services/VidsrcConfigurationManager.ts:102:15)

    console.log
      [Vidsrc] Domain failure recorded: vidsrc.in (failures: 3/3)

      at VidsrcConfigurationManager.log [as markDomainFailed] (src/features/vidsrc-streaming/services/VidsrcConfigurationManager.ts:102:15)

    console.log
      [Vidsrc] Domain marked as unhealthy: vidsrc.in (failures: 4)

      at VidsrcConfigurationManager.log [as markDomainFailed] (src/features/vidsrc-streaming/services/VidsrcConfigurationManager.ts:98:15)

    console.log
      [Vidsrc] Domain failure recorded: vidsrc.in (failures: 1/3)

      at VidsrcConfigurationManager.log [as markDomainFailed] (src/features/vidsrc-streaming/services/VidsrcConfigurationManager.ts:102:15)

    console.log
      [Vidsrc] Domain failure recorded: vidsrc.in (failures: 2/3)

      at VidsrcConfigurationManager.log [as markDomainFailed] (src/features/vidsrc-streaming/services/VidsrcConfigurationManager.ts:102:15)

    console.log
      [Vidsrc] Domain failure recorded: vidsrc.in (failures: 3/3)

      at VidsrcConfigurationManager.log [as markDomainFailed] (src/features/vidsrc-streaming/services/VidsrcConfigurationManager.ts:102:15)

    console.log
      [Vidsrc] Domain marked as unhealthy: vidsrc.in (failures: 4)

      at VidsrcConfigurationManager.log [as markDomainFailed] (src/features/vidsrc-streaming/services/VidsrcConfigurationManager.ts:98:15)

    console.log
      [Vidsrc] Starting health check for all domains

      at VidsrcConfigurationManager.log [as performHealthCheck] (src/features/vidsrc-streaming/services/VidsrcConfigurationManager.ts:176:13)

    console.log
      [Vidsrc] Health check passed: vidsrc.in

      at log (src/features/vidsrc-streaming/services/VidsrcConfigurationManager.ts:206:21)
          at async Promise.all (index 0)

    console.log
      [Vidsrc] Health check error: vidsrc.to (Cannot read properties of undefined (reading 'status'))

      at log (src/features/vidsrc-streaming/services/VidsrcConfigurationManager.ts:235:19)
          at async Promise.all (index 1)

    console.log
      [Vidsrc] Health check error: vidsrc.xyz (Cannot read properties of undefined (reading 'status'))

      at log (src/features/vidsrc-streaming/services/VidsrcConfigurationManager.ts:235:19)
          at async Promise.all (index 2)

    console.log
      [Vidsrc] Health check error: vidsrc.net (Cannot read properties of undefined (reading 'status'))

      at log (src/features/vidsrc-streaming/services/VidsrcConfigurationManager.ts:235:19)
          at async Promise.all (index 3)

    console.log
      [Vidsrc] Health check error: vidsrc.pm (Cannot read properties of undefined (reading 'status'))

      at log (src/features/vidsrc-streaming/services/VidsrcConfigurationManager.ts:235:19)
          at async Promise.all (index 4)

    console.log
      [Vidsrc] Health check error: vidsrc.icu (Cannot read properties of undefined (reading 'status'))

      at log (src/features/vidsrc-streaming/services/VidsrcConfigurationManager.ts:235:19)
          at async Promise.all (index 5)

    console.log
      [Vidsrc] Health check error: vidsrc.me (Cannot read properties of undefined (reading 'status'))

      at log (src/features/vidsrc-streaming/services/VidsrcConfigurationManager.ts:235:19)
          at async Promise.all (index 6)

    console.log
      [Vidsrc] Domain failure recorded: vidsrc.in (failures: 1/3)

      at VidsrcConfigurationManager.log [as markDomainFailed] (src/features/vidsrc-streaming/services/VidsrcConfigurationManager.ts:102:15)

    console.log
      [Vidsrc] Starting health check for all domains

      at VidsrcConfigurationManager.log [as performHealthCheck] (src/features/vidsrc-streaming/services/VidsrcConfigurationManager.ts:176:13)

    console.log
      [Vidsrc] Health check passed: vidsrc.in

      at log (src/features/vidsrc-streaming/services/VidsrcConfigurationManager.ts:206:21)
          at async Promise.all (index 0)

    console.log
      [Vidsrc] Health check error: vidsrc.to (Cannot read properties of undefined (reading 'status'))

      at log (src/features/vidsrc-streaming/services/VidsrcConfigurationManager.ts:235:19)
          at async Promise.all (index 1)

    console.log
      [Vidsrc] Health check error: vidsrc.xyz (Cannot read properties of undefined (reading 'status'))

      at log (src/features/vidsrc-streaming/services/VidsrcConfigurationManager.ts:235:19)
          at async Promise.all (index 2)

    console.log
      [Vidsrc] Health check error: vidsrc.net (Cannot read properties of undefined (reading 'status'))

      at log (src/features/vidsrc-streaming/services/VidsrcConfigurationManager.ts:235:19)
          at async Promise.all (index 3)

    console.log
      [Vidsrc] Health check error: vidsrc.pm (Cannot read properties of undefined (reading 'status'))

      at log (src/features/vidsrc-streaming/services/VidsrcConfigurationManager.ts:235:19)
          at async Promise.all (index 4)

    console.log
      [Vidsrc] Health check error: vidsrc.icu (Cannot read properties of undefined (reading 'status'))

      at log (src/features/vidsrc-streaming/services/VidsrcConfigurationManager.ts:235:19)
          at async Promise.all (index 5)

    console.log
      [Vidsrc] Health check error: vidsrc.me (Cannot read properties of undefined (reading 'status'))

      at log (src/features/vidsrc-streaming/services/VidsrcConfigurationManager.ts:235:19)
          at async Promise.all (index 6)

    console.log
      [Vidsrc] Starting health check for all domains

      at VidsrcConfigurationManager.log [as performHealthCheck] (src/features/vidsrc-streaming/services/VidsrcConfigurationManager.ts:176:13)

    console.log
      [Vidsrc] Health check failed: vidsrc.in (status: 500)

      at log (src/features/vidsrc-streaming/services/VidsrcConfigurationManager.ts:216:21)
          at async Promise.all (index 0)

    console.log
      [Vidsrc] Health check error: vidsrc.to (Cannot read properties of undefined (reading 'status'))

      at log (src/features/vidsrc-streaming/services/VidsrcConfigurationManager.ts:235:19)
          at async Promise.all (index 1)

    console.log
      [Vidsrc] Health check error: vidsrc.xyz (Cannot read properties of undefined (reading 'status'))

      at log (src/features/vidsrc-streaming/services/VidsrcConfigurationManager.ts:235:19)
          at async Promise.all (index 2)

    console.log
      [Vidsrc] Health check error: vidsrc.net (Cannot read properties of undefined (reading 'status'))

      at log (src/features/vidsrc-streaming/services/VidsrcConfigurationManager.ts:235:19)
          at async Promise.all (index 3)

    console.log
      [Vidsrc] Health check error: vidsrc.pm (Cannot read properties of undefined (reading 'status'))

      at log (src/features/vidsrc-streaming/services/VidsrcConfigurationManager.ts:235:19)
          at async Promise.all (index 4)

    console.log
      [Vidsrc] Health check error: vidsrc.icu (Cannot read properties of undefined (reading 'status'))

      at log (src/features/vidsrc-streaming/services/VidsrcConfigurationManager.ts:235:19)
          at async Promise.all (index 5)

    console.log
      [Vidsrc] Health check error: vidsrc.me (Cannot read properties of undefined (reading 'status'))

      at log (src/features/vidsrc-streaming/services/VidsrcConfigurationManager.ts:235:19)
          at async Promise.all (index 6)

    console.log
      [Vidsrc] Starting health check for all domains

      at VidsrcConfigurationManager.log [as performHealthCheck] (src/features/vidsrc-streaming/services/VidsrcConfigurationManager.ts:176:13)

    console.log
      [Vidsrc] Health check failed: vidsrc.in (status: 500)

      at log (src/features/vidsrc-streaming/services/VidsrcConfigurationManager.ts:216:21)
          at async Promise.all (index 0)

    console.log
      [Vidsrc] Health check failed: vidsrc.to (status: 500)

      at log (src/features/vidsrc-streaming/services/VidsrcConfigurationManager.ts:216:21)
          at async Promise.all (index 1)

    console.log
      [Vidsrc] Health check failed: vidsrc.xyz (status: 500)

      at log (src/features/vidsrc-streaming/services/VidsrcConfigurationManager.ts:216:21)
          at async Promise.all (index 2)

    console.log
      [Vidsrc] Health check failed: vidsrc.net (status: 500)

      at log (src/features/vidsrc-streaming/services/VidsrcConfigurationManager.ts:216:21)
          at async Promise.all (index 3)

    console.log
      [Vidsrc] Health check failed: vidsrc.pm (status: 500)

      at log (src/features/vidsrc-streaming/services/VidsrcConfigurationManager.ts:216:21)
          at async Promise.all (index 4)

    console.log
      [Vidsrc] Health check failed: vidsrc.icu (status: 500)

      at log (src/features/vidsrc-streaming/services/VidsrcConfigurationManager.ts:216:21)
          at async Promise.all (index 5)

    console.log
      [Vidsrc] Health check failed: vidsrc.me (status: 500)

      at log (src/features/vidsrc-streaming/services/VidsrcConfigurationManager.ts:216:21)
          at async Promise.all (index 6)

    console.log
      [Vidsrc] Starting health check for all domains

      at VidsrcConfigurationManager.log [as performHealthCheck] (src/features/vidsrc-streaming/services/VidsrcConfigurationManager.ts:176:13)

    console.log
      [Vidsrc] Health check failed: vidsrc.in (status: 500)

      at log (src/features/vidsrc-streaming/services/VidsrcConfigurationManager.ts:216:21)
          at async Promise.all (index 0)

    console.log
      [Vidsrc] Health check failed: vidsrc.to (status: 500)

      at log (src/features/vidsrc-streaming/services/VidsrcConfigurationManager.ts:216:21)
          at async Promise.all (index 1)

    console.log
      [Vidsrc] Health check failed: vidsrc.xyz (status: 500)

      at log (src/features/vidsrc-streaming/services/VidsrcConfigurationManager.ts:216:21)
          at async Promise.all (index 2)

    console.log
      [Vidsrc] Health check failed: vidsrc.net (status: 500)

      at log (src/features/vidsrc-streaming/services/VidsrcConfigurationManager.ts:216:21)
          at async Promise.all (index 3)

    console.log
      [Vidsrc] Health check failed: vidsrc.pm (status: 500)

      at log (src/features/vidsrc-streaming/services/VidsrcConfigurationManager.ts:216:21)
          at async Promise.all (index 4)

    console.log
      [Vidsrc] Health check failed: vidsrc.icu (status: 500)

      at log (src/features/vidsrc-streaming/services/VidsrcConfigurationManager.ts:216:21)
          at async Promise.all (index 5)

    console.log
      [Vidsrc] Health check failed: vidsrc.me (status: 500)

      at log (src/features/vidsrc-streaming/services/VidsrcConfigurationManager.ts:216:21)
          at async Promise.all (index 6)

    console.log
      [Vidsrc] Starting health check for all domains

      at VidsrcConfigurationManager.log [as performHealthCheck] (src/features/vidsrc-streaming/services/VidsrcConfigurationManager.ts:176:13)

    console.log
      [Vidsrc] Health check failed: vidsrc.in (status: 500)

      at log (src/features/vidsrc-streaming/services/VidsrcConfigurationManager.ts:216:21)
          at async Promise.all (index 0)

    console.log
      [Vidsrc] Health check failed: vidsrc.to (status: 500)

      at log (src/features/vidsrc-streaming/services/VidsrcConfigurationManager.ts:216:21)
          at async Promise.all (index 1)

    console.log
      [Vidsrc] Health check failed: vidsrc.xyz (status: 500)

      at log (src/features/vidsrc-streaming/services/VidsrcConfigurationManager.ts:216:21)
          at async Promise.all (index 2)

    console.log
      [Vidsrc] Health check failed: vidsrc.net (status: 500)

      at log (src/features/vidsrc-streaming/services/VidsrcConfigurationManager.ts:216:21)
          at async Promise.all (index 3)

    console.log
      [Vidsrc] Health check failed: vidsrc.pm (status: 500)

      at log (src/features/vidsrc-streaming/services/VidsrcConfigurationManager.ts:216:21)
          at async Promise.all (index 4)

    console.log
      [Vidsrc] Health check failed: vidsrc.icu (status: 500)

      at log (src/features/vidsrc-streaming/services/VidsrcConfigurationManager.ts:216:21)
          at async Promise.all (index 5)

    console.log
      [Vidsrc] Health check failed: vidsrc.me (status: 500)

      at log (src/features/vidsrc-streaming/services/VidsrcConfigurationManager.ts:216:21)
          at async Promise.all (index 6)

    console.log
      [Vidsrc] Starting health check for all domains

      at VidsrcConfigurationManager.log [as performHealthCheck] (src/features/vidsrc-streaming/services/VidsrcConfigurationManager.ts:176:13)

    console.log
      [Vidsrc] Health check failed: vidsrc.in (status: 500)

      at log (src/features/vidsrc-streaming/services/VidsrcConfigurationManager.ts:216:21)
          at async Promise.all (index 0)

    console.log
      [Vidsrc] Health check failed: vidsrc.to (status: 500)

      at log (src/features/vidsrc-streaming/services/VidsrcConfigurationManager.ts:216:21)
          at async Promise.all (index 1)

    console.log
      [Vidsrc] Health check failed: vidsrc.xyz (status: 500)

      at log (src/features/vidsrc-streaming/services/VidsrcConfigurationManager.ts:216:21)
          at async Promise.all (index 2)

    console.log
      [Vidsrc] Health check failed: vidsrc.net (status: 500)

      at log (src/features/vidsrc-streaming/services/VidsrcConfigurationManager.ts:216:21)
          at async Promise.all (index 3)

    console.log
      [Vidsrc] Health check failed: vidsrc.pm (status: 500)

      at log (src/features/vidsrc-streaming/services/VidsrcConfigurationManager.ts:216:21)
          at async Promise.all (index 4)

    console.log
      [Vidsrc] Health check failed: vidsrc.icu (status: 500)

      at log (src/features/vidsrc-streaming/services/VidsrcConfigurationManager.ts:216:21)
          at async Promise.all (index 5)

    console.log
      [Vidsrc] Health check failed: vidsrc.me (status: 500)

      at log (src/features/vidsrc-streaming/services/VidsrcConfigurationManager.ts:216:21)
          at async Promise.all (index 6)

    console.log
      [Vidsrc] Starting health check for all domains

      at VidsrcConfigurationManager.log [as performHealthCheck] (src/features/vidsrc-streaming/services/VidsrcConfigurationManager.ts:176:13)

    console.log
      [Vidsrc] Health check error: vidsrc.in (Timeout)

      at log (src/features/vidsrc-streaming/services/VidsrcConfigurationManager.ts:235:19)
          at Array.map (<anonymous>)

    console.log
      [Vidsrc] Health check error: vidsrc.to (Cannot read properties of undefined (reading 'status'))

      at log (src/features/vidsrc-streaming/services/VidsrcConfigurationManager.ts:235:19)
          at async Promise.all (index 1)

    console.log
      [Vidsrc] Health check error: vidsrc.xyz (Cannot read properties of undefined (reading 'status'))

      at log (src/features/vidsrc-streaming/services/VidsrcConfigurationManager.ts:235:19)
          at async Promise.all (index 2)

    console.log
      [Vidsrc] Health check error: vidsrc.net (Cannot read properties of undefined (reading 'status'))

      at log (src/features/vidsrc-streaming/services/VidsrcConfigurationManager.ts:235:19)
          at async Promise.all (index 3)

    console.log
      [Vidsrc] Health check error: vidsrc.pm (Cannot read properties of undefined (reading 'status'))

      at log (src/features/vidsrc-streaming/services/VidsrcConfigurationManager.ts:235:19)
          at async Promise.all (index 4)

    console.log
      [Vidsrc] Health check error: vidsrc.icu (Cannot read properties of undefined (reading 'status'))

      at log (src/features/vidsrc-streaming/services/VidsrcConfigurationManager.ts:235:19)
          at async Promise.all (index 5)

    console.log
      [Vidsrc] Health check error: vidsrc.me (Cannot read properties of undefined (reading 'status'))

      at log (src/features/vidsrc-streaming/services/VidsrcConfigurationManager.ts:235:19)
          at async Promise.all (index 6)

    console.log
      [Vidsrc] Starting health check for all domains

      at VidsrcConfigurationManager.log [as performHealthCheck] (src/features/vidsrc-streaming/services/VidsrcConfigurationManager.ts:176:13)

    console.log
      [Vidsrc] Health check passed: vidsrc.in

      at log (src/features/vidsrc-streaming/services/VidsrcConfigurationManager.ts:206:21)
          at async Promise.all (index 0)

    console.log
      [Vidsrc] Health check error: vidsrc.to (Cannot read properties of undefined (reading 'status'))

      at log (src/features/vidsrc-streaming/services/VidsrcConfigurationManager.ts:235:19)
          at async Promise.all (index 1)

    console.log
      [Vidsrc] Health check error: vidsrc.xyz (Cannot read properties of undefined (reading 'status'))

      at log (src/features/vidsrc-streaming/services/VidsrcConfigurationManager.ts:235:19)
          at async Promise.all (index 2)

    console.log
      [Vidsrc] Health check error: vidsrc.net (Cannot read properties of undefined (reading 'status'))

      at log (src/features/vidsrc-streaming/services/VidsrcConfigurationManager.ts:235:19)
          at async Promise.all (index 3)

    console.log
      [Vidsrc] Health check error: vidsrc.pm (Cannot read properties of undefined (reading 'status'))

      at log (src/features/vidsrc-streaming/services/VidsrcConfigurationManager.ts:235:19)
          at async Promise.all (index 4)

    console.log
      [Vidsrc] Health check error: vidsrc.icu (Cannot read properties of undefined (reading 'status'))

      at log (src/features/vidsrc-streaming/services/VidsrcConfigurationManager.ts:235:19)
          at async Promise.all (index 5)

    console.log
      [Vidsrc] Health check error: vidsrc.me (Cannot read properties of undefined (reading 'status'))

      at log (src/features/vidsrc-streaming/services/VidsrcConfigurationManager.ts:235:19)
          at async Promise.all (index 6)

    console.log
      [Vidsrc] Starting health check for all domains

      at VidsrcConfigurationManager.log [as performHealthCheck] (src/features/vidsrc-streaming/services/VidsrcConfigurationManager.ts:176:13)

    console.log
      [Vidsrc] Health check passed: vidsrc.in

      at log (src/features/vidsrc-streaming/services/VidsrcConfigurationManager.ts:206:21)
          at async Promise.all (index 0)

    console.log
      [Vidsrc] Health check passed: vidsrc.to

      at log (src/features/vidsrc-streaming/services/VidsrcConfigurationManager.ts:206:21)
          at async Promise.all (index 1)

    console.log
      [Vidsrc] Health check passed: vidsrc.xyz

      at log (src/features/vidsrc-streaming/services/VidsrcConfigurationManager.ts:206:21)
          at async Promise.all (index 2)

    console.log
      [Vidsrc] Health check passed: vidsrc.net

      at log (src/features/vidsrc-streaming/services/VidsrcConfigurationManager.ts:206:21)
          at async Promise.all (index 3)

    console.log
      [Vidsrc] Health check passed: vidsrc.pm

      at log (src/features/vidsrc-streaming/services/VidsrcConfigurationManager.ts:206:21)
          at async Promise.all (index 4)

    console.log
      [Vidsrc] Health check passed: vidsrc.icu

      at log (src/features/vidsrc-streaming/services/VidsrcConfigurationManager.ts:206:21)
          at async Promise.all (index 5)

    console.log
      [Vidsrc] Health check passed: vidsrc.me

      at log (src/features/vidsrc-streaming/services/VidsrcConfigurationManager.ts:206:21)
          at async Promise.all (index 6)

    console.log
      [Vidsrc] Starting health check for all domains

      at VidsrcConfigurationManager.log [as performHealthCheck] (src/features/vidsrc-streaming/services/VidsrcConfigurationManager.ts:176:13)

    console.log
      [Vidsrc] Health check passed: vidsrc.in

      at log (src/features/vidsrc-streaming/services/VidsrcConfigurationManager.ts:206:21)
          at async Promise.all (index 0)

    console.log
      [Vidsrc] Health check passed: vidsrc.to

      at log (src/features/vidsrc-streaming/services/VidsrcConfigurationManager.ts:206:21)
          at async Promise.all (index 1)

    console.log
      [Vidsrc] Health check passed: vidsrc.xyz

      at log (src/features/vidsrc-streaming/services/VidsrcConfigurationManager.ts:206:21)
          at async Promise.all (index 2)

    console.log
      [Vidsrc] Health check passed: vidsrc.net

      at log (src/features/vidsrc-streaming/services/VidsrcConfigurationManager.ts:206:21)
          at async Promise.all (index 3)

    console.log
      [Vidsrc] Health check passed: vidsrc.pm

      at log (src/features/vidsrc-streaming/services/VidsrcConfigurationManager.ts:206:21)
          at async Promise.all (index 4)

    console.log
      [Vidsrc] Health check passed: vidsrc.icu

      at log (src/features/vidsrc-streaming/services/VidsrcConfigurationManager.ts:206:21)
          at async Promise.all (index 5)

    console.log
      [Vidsrc] Health check passed: vidsrc.me

      at log (src/features/vidsrc-streaming/services/VidsrcConfigurationManager.ts:206:21)
          at async Promise.all (index 6)

    console.log
      [Vidsrc] Domain failure recorded: vidsrc.in (failures: 1/3)

      at VidsrcConfigurationManager.log [as markDomainFailed] (src/features/vidsrc-streaming/services/VidsrcConfigurationManager.ts:102:15)

    console.log
      [Vidsrc] Domain failure recorded: vidsrc.in (failures: 2/3)

      at VidsrcConfigurationManager.log [as markDomainFailed] (src/features/vidsrc-streaming/services/VidsrcConfigurationManager.ts:102:15)

    console.log
      [Vidsrc] Domain failure recorded: vidsrc.in (failures: 3/3)

      at VidsrcConfigurationManager.log [as markDomainFailed] (src/features/vidsrc-streaming/services/VidsrcConfigurationManager.ts:102:15)

    console.log
      [Vidsrc] Domain marked as unhealthy: vidsrc.in (failures: 4)

      at VidsrcConfigurationManager.log [as markDomainFailed] (src/features/vidsrc-streaming/services/VidsrcConfigurationManager.ts:98:15)

    console.log
      [Vidsrc] All domains reset to healthy state

      at VidsrcConfigurationManager.log [as resetDomains] (src/features/vidsrc-streaming/services/VidsrcConfigurationManager.ts:123:13)

    console.log
      [Vidsrc] Domain failure recorded: vidsrc.in (failures: 1/3)

      at VidsrcConfigurationManager.log [as markDomainFailed] (src/features/vidsrc-streaming/services/VidsrcConfigurationManager.ts:102:15)

    console.log
      [Vidsrc] Domain failure recorded: vidsrc.in (failures: 2/3)

      at VidsrcConfigurationManager.log [as markDomainFailed] (src/features/vidsrc-streaming/services/VidsrcConfigurationManager.ts:102:15)

    console.log
      [Vidsrc] Domain failure recorded: vidsrc.in (failures: 3/3)

      at VidsrcConfigurationManager.log [as markDomainFailed] (src/features/vidsrc-streaming/services/VidsrcConfigurationManager.ts:102:15)

    console.log
      [Vidsrc] Domain marked as unhealthy: vidsrc.in (failures: 4)

      at VidsrcConfigurationManager.log [as markDomainFailed] (src/features/vidsrc-streaming/services/VidsrcConfigurationManager.ts:98:15)

    console.log
      [Vidsrc] Domain failure recorded: vidsrc.to (failures: 1/3)

      at VidsrcConfigurationManager.log [as markDomainFailed] (src/features/vidsrc-streaming/services/VidsrcConfigurationManager.ts:102:15)

    console.log
      [Vidsrc] Domain failure recorded: vidsrc.to (failures: 2/3)

      at VidsrcConfigurationManager.log [as markDomainFailed] (src/features/vidsrc-streaming/services/VidsrcConfigurationManager.ts:102:15)

    console.log
      [Vidsrc] Domain failure recorded: vidsrc.to (failures: 3/3)

      at VidsrcConfigurationManager.log [as markDomainFailed] (src/features/vidsrc-streaming/services/VidsrcConfigurationManager.ts:102:15)

    console.log
      [Vidsrc] Domain marked as unhealthy: vidsrc.to (failures: 4)

      at VidsrcConfigurationManager.log [as markDomainFailed] (src/features/vidsrc-streaming/services/VidsrcConfigurationManager.ts:98:15)

PASS src/features/movies/components/MovieCard.preservation.test.tsx
  ΓùÅ Console

    console.error
      Received `true` for a non-boolean attribute `fill`.
      
      If you want to write it to the DOM, pass a string instead: fill="true" or fill={value.toString()}.

    [0m [90m 103 |[39m [90m     */[39m
     [90m 104 |[39m     it([32m'should invoke onClick callback when card is clicked'[39m[33m,[39m () [33m=>[39m {
    [31m[1m>[22m[39m[90m 105 |[39m       render([33m<[39m[33mMovieCard[39m movie[33m=[39m{testMovies[[35m0[39m]} 
onClick[33m=[39m{mockOnClick} [33m/[39m[33m>[39m)[33m;[39m
     [90m     |[39m             [31m[1m^[22m[39m
     [90m 106 |[39m
     [90m 107 |[39m       [36mconst[39m card [33m=[39m screen[33m.[39mgetByRole([32m'article'[39m)[33m;[39m
     [90m 108 |[39m       fireEvent[33m.[39mclick(card)[33m;[39m[0m

      at validateProperty (node_modules/react-dom/cjs/react-dom-client.development.js:3070:27)
      at warnUnknownProperties (node_modules/react-dom/cjs/react-dom-client.development.js:3146:9)
      at validatePropertiesInDevelopment (node_modules/react-dom/cjs/react-dom-client.development.js:19868:9)
      at setInitialProperties (node_modules/react-dom/cjs/react-dom-client.development.js:20491:7)
      at completeWork (node_modules/react-dom/cjs/react-dom-client.development.js:12662:18)
      at runWithFiberInDEV (node_modules/react-dom/cjs/react-dom-client.development.js:874:13)
      at completeUnitOfWork (node_modules/react-dom/cjs/react-dom-client.development.js:17777:19)
      at performUnitOfWork (node_modules/react-dom/cjs/react-dom-client.development.js:17658:11)
      at workLoopSync (node_modules/react-dom/cjs/react-dom-client.development.js:17469:41)
      at renderRootSync (node_modules/react-dom/cjs/react-dom-client.development.js:17450:11)
      at performWorkOnRoot (node_modules/react-dom/cjs/react-dom-client.development.js:16504:11)
      at performWorkOnRootViaSchedulerTask (node_modules/react-dom/cjs/react-dom-client.development.js:18957:7)
      at flushActQueue (node_modules/react/cjs/react.development.js:590:34)
      at process.env.NODE_ENV.exports.act (node_modules/react/cjs/react.development.js:884:10)
      at node_modules/@testing-library/react/dist/act-compat.js:46:25
      at renderRoot (node_modules/@testing-library/react/dist/pure.js:189:26)
      at render (node_modules/@testing-library/react/dist/pure.js:291:10)
      at Object.<anonymous> (src/features/movies/components/MovieCard.preservation.test.tsx:105:13)

    console.error
      Received `false` for a non-boolean attribute `priority`.
      
      If you want to write it to the DOM, pass a string instead: priority="false" or priority={value.toString()}.
      
      If you used to conditionally omit it with priority={condition && value}, pass priority={condition ? value : undefined} instead.

    [0m [90m 103 |[39m [90m     */[39m
     [90m 104 |[39m     it([32m'should invoke onClick callback when card is clicked'[39m[33m,[39m () [33m=>[39m {
    [31m[1m>[22m[39m[90m 105 |[39m       render([33m<[39m[33mMovieCard[39m movie[33m=[39m{testMovies[[35m0[39m]} 
onClick[33m=[39m{mockOnClick} [33m/[39m[33m>[39m)[33m;[39m
     [90m     |[39m             [31m[1m^[22m[39m
     [90m 106 |[39m
     [90m 107 |[39m       [36mconst[39m card [33m=[39m screen[33m.[39mgetByRole([32m'article'[39m)[33m;[39m
     [90m 108 |[39m       fireEvent[33m.[39mclick(card)[33m;[39m[0m

      at validateProperty (node_modules/react-dom/cjs/react-dom-client.development.js:3078:27)
      at warnUnknownProperties (node_modules/react-dom/cjs/react-dom-client.development.js:3146:9)
      at validatePropertiesInDevelopment (node_modules/react-dom/cjs/react-dom-client.development.js:19868:9)
      at setInitialProperties (node_modules/react-dom/cjs/react-dom-client.development.js:20491:7)
      at completeWork (node_modules/react-dom/cjs/react-dom-client.development.js:12662:18)
      at runWithFiberInDEV (node_modules/react-dom/cjs/react-dom-client.development.js:874:13)
      at completeUnitOfWork (node_modules/react-dom/cjs/react-dom-client.development.js:17777:19)
      at performUnitOfWork (node_modules/react-dom/cjs/react-dom-client.development.js:17658:11)
      at workLoopSync (node_modules/react-dom/cjs/react-dom-client.development.js:17469:41)
      at renderRootSync (node_modules/react-dom/cjs/react-dom-client.development.js:17450:11)
      at performWorkOnRoot (node_modules/react-dom/cjs/react-dom-client.development.js:16504:11)
      at performWorkOnRootViaSchedulerTask (node_modules/react-dom/cjs/react-dom-client.development.js:18957:7)
      at flushActQueue (node_modules/react/cjs/react.development.js:590:34)
      at process.env.NODE_ENV.exports.act (node_modules/react/cjs/react.development.js:884:10)
      at node_modules/@testing-library/react/dist/act-compat.js:46:25
      at renderRoot (node_modules/@testing-library/react/dist/pure.js:189:26)
      at render (node_modules/@testing-library/react/dist/pure.js:291:10)
      at Object.<anonymous> (src/features/movies/components/MovieCard.preservation.test.tsx:105:13)

PASS src/features/vidsrc-streaming/components/VidsrcStreamingPlayer.test.tsx
PASS src/features/vidsrc-streaming/components/VidsrcStreamingPlayer.responsive.test.tsx
PASS src/features/vidsrc-streaming/utils/logging.test.ts
PASS src/features/vidsrc-streaming/components/SubtitleLanguageSelector.test.tsx
PASS src/features/search/components/SearchResultsList.exploration.test.tsx
  ΓùÅ Console

    console.error
      Received `true` for a non-boolean attribute `fill`.
      
      If you want to write it to the DOM, pass a string instead: fill="true" or fill={value.toString()}.

    [0m [90m 130 |[39m [90m     */[39m
     [90m 131 |[39m     it([32m'should navigate to /movies/[id] when clicking a movie in search results'[39m[33m,[39m [36masync[39m 
() [33m=>[39m {
    [31m[1m>[22m[39m[90m 132 |[39m       render([33m<[39m[33mSearchResultsList[39m results[33m=[39m{mockMovies} 
[33m/[39m[33m>[39m)[33m;[39m
     [90m     |[39m             [31m[1m^[22m[39m
     [90m 133 |[39m
     [90m 134 |[39m       [90m// Find and click the first movie card[39m
     [90m 135 |[39m       [36mconst[39m movieCards [33m=[39m screen[33m.[39mgetAllByRole([32m'article'[39m)[33m;[39m[0m

      at validateProperty (node_modules/react-dom/cjs/react-dom-client.development.js:3070:27)
      at warnUnknownProperties (node_modules/react-dom/cjs/react-dom-client.development.js:3146:9)
      at validatePropertiesInDevelopment (node_modules/react-dom/cjs/react-dom-client.development.js:19868:9)
      at setInitialProperties (node_modules/react-dom/cjs/react-dom-client.development.js:20491:7)
      at completeWork (node_modules/react-dom/cjs/react-dom-client.development.js:12662:18)
      at runWithFiberInDEV (node_modules/react-dom/cjs/react-dom-client.development.js:874:13)
      at completeUnitOfWork (node_modules/react-dom/cjs/react-dom-client.development.js:17777:19)
      at performUnitOfWork (node_modules/react-dom/cjs/react-dom-client.development.js:17658:11)
      at workLoopSync (node_modules/react-dom/cjs/react-dom-client.development.js:17469:41)
      at renderRootSync (node_modules/react-dom/cjs/react-dom-client.development.js:17450:11)
      at performWorkOnRoot (node_modules/react-dom/cjs/react-dom-client.development.js:16504:11)
      at performWorkOnRootViaSchedulerTask (node_modules/react-dom/cjs/react-dom-client.development.js:18957:7)
      at flushActQueue (node_modules/react/cjs/react.development.js:590:34)
      at process.env.NODE_ENV.exports.act (node_modules/react/cjs/react.development.js:884:10)
      at node_modules/@testing-library/react/dist/act-compat.js:46:25
      at renderRoot (node_modules/@testing-library/react/dist/pure.js:189:26)
      at render (node_modules/@testing-library/react/dist/pure.js:291:10)
      at Object.<anonymous> (src/features/search/components/SearchResultsList.exploration.test.tsx:132:13)

    console.error
      Received `false` for a non-boolean attribute `priority`.
      
      If you want to write it to the DOM, pass a string instead: priority="false" or priority={value.toString()}.
      
      If you used to conditionally omit it with priority={condition && value}, pass priority={condition ? value : undefined} instead.

    [0m [90m 130 |[39m [90m     */[39m
     [90m 131 |[39m     it([32m'should navigate to /movies/[id] when clicking a movie in search results'[39m[33m,[39m [36masync[39m 
() [33m=>[39m {
    [31m[1m>[22m[39m[90m 132 |[39m       render([33m<[39m[33mSearchResultsList[39m results[33m=[39m{mockMovies} 
[33m/[39m[33m>[39m)[33m;[39m
     [90m     |[39m             [31m[1m^[22m[39m
     [90m 133 |[39m
     [90m 134 |[39m       [90m// Find and click the first movie card[39m
     [90m 135 |[39m       [36mconst[39m movieCards [33m=[39m screen[33m.[39mgetAllByRole([32m'article'[39m)[33m;[39m[0m

      at validateProperty (node_modules/react-dom/cjs/react-dom-client.development.js:3078:27)
      at warnUnknownProperties (node_modules/react-dom/cjs/react-dom-client.development.js:3146:9)
      at validatePropertiesInDevelopment (node_modules/react-dom/cjs/react-dom-client.development.js:19868:9)
      at setInitialProperties (node_modules/react-dom/cjs/react-dom-client.development.js:20491:7)
      at completeWork (node_modules/react-dom/cjs/react-dom-client.development.js:12662:18)
      at runWithFiberInDEV (node_modules/react-dom/cjs/react-dom-client.development.js:874:13)
      at completeUnitOfWork (node_modules/react-dom/cjs/react-dom-client.development.js:17777:19)
      at performUnitOfWork (node_modules/react-dom/cjs/react-dom-client.development.js:17658:11)
      at workLoopSync (node_modules/react-dom/cjs/react-dom-client.development.js:17469:41)
      at renderRootSync (node_modules/react-dom/cjs/react-dom-client.development.js:17450:11)
      at performWorkOnRoot (node_modules/react-dom/cjs/react-dom-client.development.js:16504:11)
      at performWorkOnRootViaSchedulerTask (node_modules/react-dom/cjs/react-dom-client.development.js:18957:7)
      at flushActQueue (node_modules/react/cjs/react.development.js:590:34)
      at process.env.NODE_ENV.exports.act (node_modules/react/cjs/react.development.js:884:10)
      at node_modules/@testing-library/react/dist/act-compat.js:46:25
      at renderRoot (node_modules/@testing-library/react/dist/pure.js:189:26)
      at render (node_modules/@testing-library/react/dist/pure.js:291:10)
      at Object.<anonymous> (src/features/search/components/SearchResultsList.exploration.test.tsx:132:13)

PASS src/features/movies/components/MovieCard.test.tsx
  ΓùÅ Console

    console.error
      Received `true` for a non-boolean attribute `fill`.
      
      If you want to write it to the DOM, pass a string instead: fill="true" or fill={value.toString()}.

    [0m [90m 50 |[39m   describe([32m'Component Rendering'[39m[33m,[39m () [33m=>[39m {
     [90m 51 |[39m     it([32m'should render without crashing'[39m[33m,[39m () [33m=>[39m {
    [31m[1m>[22m[39m[90m 52 |[39m       render([33m<[39m[33mMovieCard[39m movie[33m=[39m{mockMovie} 
onClick[33m=[39m{mockOnClick} [33m/[39m[33m>[39m)[33m;[39m
     [90m    |[39m             [31m[1m^[22m[39m
     [90m 53 |[39m       expect(screen[33m.[39mgetByRole([32m'article'[39m))[33m.[39mtoBeInTheDocument()[33m;[39m
     [90m 54 |[39m     })[33m;[39m
     [90m 55 |[39m[0m

      at validateProperty (node_modules/react-dom/cjs/react-dom-client.development.js:3070:27)
      at warnUnknownProperties (node_modules/react-dom/cjs/react-dom-client.development.js:3146:9)
      at validatePropertiesInDevelopment (node_modules/react-dom/cjs/react-dom-client.development.js:19868:9)
      at setInitialProperties (node_modules/react-dom/cjs/react-dom-client.development.js:20491:7)
      at completeWork (node_modules/react-dom/cjs/react-dom-client.development.js:12662:18)
      at runWithFiberInDEV (node_modules/react-dom/cjs/react-dom-client.development.js:874:13)
      at completeUnitOfWork (node_modules/react-dom/cjs/react-dom-client.development.js:17777:19)
      at performUnitOfWork (node_modules/react-dom/cjs/react-dom-client.development.js:17658:11)
      at workLoopSync (node_modules/react-dom/cjs/react-dom-client.development.js:17469:41)
      at renderRootSync (node_modules/react-dom/cjs/react-dom-client.development.js:17450:11)
      at performWorkOnRoot (node_modules/react-dom/cjs/react-dom-client.development.js:16504:11)
      at performWorkOnRootViaSchedulerTask (node_modules/react-dom/cjs/react-dom-client.development.js:18957:7)
      at flushActQueue (node_modules/react/cjs/react.development.js:590:34)
      at process.env.NODE_ENV.exports.act (node_modules/react/cjs/react.development.js:884:10)
      at node_modules/@testing-library/react/dist/act-compat.js:46:25
      at renderRoot (node_modules/@testing-library/react/dist/pure.js:189:26)
      at render (node_modules/@testing-library/react/dist/pure.js:291:10)
      at Object.<anonymous> (src/features/movies/components/MovieCard.test.tsx:52:13)

    console.error
      Received `false` for a non-boolean attribute `priority`.
      
      If you want to write it to the DOM, pass a string instead: priority="false" or priority={value.toString()}.
      
      If you used to conditionally omit it with priority={condition && value}, pass priority={condition ? value : undefined} instead.

    [0m [90m 50 |[39m   describe([32m'Component Rendering'[39m[33m,[39m () [33m=>[39m {
     [90m 51 |[39m     it([32m'should render without crashing'[39m[33m,[39m () [33m=>[39m {
    [31m[1m>[22m[39m[90m 52 |[39m       render([33m<[39m[33mMovieCard[39m movie[33m=[39m{mockMovie} 
onClick[33m=[39m{mockOnClick} [33m/[39m[33m>[39m)[33m;[39m
     [90m    |[39m             [31m[1m^[22m[39m
     [90m 53 |[39m       expect(screen[33m.[39mgetByRole([32m'article'[39m))[33m.[39mtoBeInTheDocument()[33m;[39m
     [90m 54 |[39m     })[33m;[39m
     [90m 55 |[39m[0m

      at validateProperty (node_modules/react-dom/cjs/react-dom-client.development.js:3078:27)
      at warnUnknownProperties (node_modules/react-dom/cjs/react-dom-client.development.js:3146:9)
      at validatePropertiesInDevelopment (node_modules/react-dom/cjs/react-dom-client.development.js:19868:9)
      at setInitialProperties (node_modules/react-dom/cjs/react-dom-client.development.js:20491:7)
      at completeWork (node_modules/react-dom/cjs/react-dom-client.development.js:12662:18)
      at runWithFiberInDEV (node_modules/react-dom/cjs/react-dom-client.development.js:874:13)
      at completeUnitOfWork (node_modules/react-dom/cjs/react-dom-client.development.js:17777:19)
      at performUnitOfWork (node_modules/react-dom/cjs/react-dom-client.development.js:17658:11)
      at workLoopSync (node_modules/react-dom/cjs/react-dom-client.development.js:17469:41)
      at renderRootSync (node_modules/react-dom/cjs/react-dom-client.development.js:17450:11)
      at performWorkOnRoot (node_modules/react-dom/cjs/react-dom-client.development.js:16504:11)
      at performWorkOnRootViaSchedulerTask (node_modules/react-dom/cjs/react-dom-client.development.js:18957:7)
      at flushActQueue (node_modules/react/cjs/react.development.js:590:34)
      at process.env.NODE_ENV.exports.act (node_modules/react/cjs/react.development.js:884:10)
      at node_modules/@testing-library/react/dist/act-compat.js:46:25
      at renderRoot (node_modules/@testing-library/react/dist/pure.js:189:26)
      at render (node_modules/@testing-library/react/dist/pure.js:291:10)
      at Object.<anonymous> (src/features/movies/components/MovieCard.test.tsx:52:13)

FAIL src/lib/api/tmdb-client.preservation.test.ts
  ΓùÅ Console

    console.error
      [TMDb API Error] APIResponseError: The resource you requested could not be found.

    [0m [90m 88 |[39m [90m */[39m
     [90m 89 |[39m [36mfunction[39m logError(error[33m:[39m [33mError[39m[33m,[39m endpoint[33m?[39m[33m:[39m string[33m,[39m 
retryAttempt[33m?[39m[33m:[39m number)[33m:[39m [36mvoid[39m {
    [31m[1m>[22m[39m[90m 90 |[39m   console[33m.[39merror([32m`[TMDb API Error] ${error.name}: ${error.message}`[39m)[33m;[39m
     [90m    |[39m           [31m[1m^[22m[39m
     [90m 91 |[39m   [36mif[39m (endpoint) {
     [90m 92 |[39m     console[33m.[39merror([32m`[TMDb API Error] Endpoint: ${endpoint}`[39m)[33m;[39m
     [90m 93 |[39m   }[0m

      at error (src/lib/api/tmdb-client.ts:90:11)
      at logError (src/lib/api/tmdb-client.ts:150:7)
      at src/lib/api/tmdb-client.ts:259:20
      at Object.<anonymous> (src/lib/api/tmdb-client.preservation.test.ts:31:7)

    console.error
      [TMDb API Error] Endpoint: /search/movie?query=nonexistent&page=1

    [0m [90m 90 |[39m   console[33m.[39merror([32m`[TMDb API Error] ${error.name}: ${error.message}`[39m)[33m;[39m
     [90m 91 |[39m   [36mif[39m (endpoint) {
    [31m[1m>[22m[39m[90m 92 |[39m     console[33m.[39merror([32m`[TMDb API Error] Endpoint: ${endpoint}`[39m)[33m;[39m
     [90m    |[39m             [31m[1m^[22m[39m
     [90m 93 |[39m   }
     [90m 94 |[39m   [36mif[39m (retryAttempt [33m!==[39m undefined) {
     [90m 95 |[39m     console[33m.[39merror([32m`[TMDb API Error] Retry Attempt: ${retryAttempt}`[39m)[33m;[39m[0m

      at error (src/lib/api/tmdb-client.ts:92:13)
      at logError (src/lib/api/tmdb-client.ts:150:7)
      at src/lib/api/tmdb-client.ts:259:20
      at Object.<anonymous> (src/lib/api/tmdb-client.preservation.test.ts:31:7)

    console.error
      [TMDb API Error] Retry Attempt: 0

    [0m [90m 93 |[39m   }
     [90m 94 |[39m   [36mif[39m (retryAttempt [33m!==[39m undefined) {
    [31m[1m>[22m[39m[90m 95 |[39m     console[33m.[39merror([32m`[TMDb API Error] Retry Attempt: ${retryAttempt}`[39m)[33m;[39m
     [90m    |[39m             [31m[1m^[22m[39m
     [90m 96 |[39m   }
     [90m 97 |[39m
     [90m 98 |[39m   [90m// Send to monitoring service[39m[0m

      at error (src/lib/api/tmdb-client.ts:95:13)
      at logError (src/lib/api/tmdb-client.ts:150:7)
      at src/lib/api/tmdb-client.ts:259:20
      at Object.<anonymous> (src/lib/api/tmdb-client.preservation.test.ts:31:7)

    console.error
      [TMDb API Error] APIResponseError: Invalid API key.

    [0m [90m 88 |[39m [90m */[39m
     [90m 89 |[39m [36mfunction[39m logError(error[33m:[39m [33mError[39m[33m,[39m endpoint[33m?[39m[33m:[39m string[33m,[39m 
retryAttempt[33m?[39m[33m:[39m number)[33m:[39m [36mvoid[39m {
    [31m[1m>[22m[39m[90m 90 |[39m   console[33m.[39merror([32m`[TMDb API Error] ${error.name}: ${error.message}`[39m)[33m;[39m
     [90m    |[39m           [31m[1m^[22m[39m
     [90m 91 |[39m   [36mif[39m (endpoint) {
     [90m 92 |[39m     console[33m.[39merror([32m`[TMDb API Error] Endpoint: ${endpoint}`[39m)[33m;[39m
     [90m 93 |[39m   }[0m

      at error (src/lib/api/tmdb-client.ts:90:11)
      at logError (src/lib/api/tmdb-client.ts:150:7)
      at src/lib/api/tmdb-client.ts:259:20
      at Object.<anonymous> (src/lib/api/tmdb-client.preservation.test.ts:44:7)

    console.error
      [TMDb API Error] Endpoint: /search/movie?query=test&page=1

    [0m [90m 90 |[39m   console[33m.[39merror([32m`[TMDb API Error] ${error.name}: ${error.message}`[39m)[33m;[39m
     [90m 91 |[39m   [36mif[39m (endpoint) {
    [31m[1m>[22m[39m[90m 92 |[39m     console[33m.[39merror([32m`[TMDb API Error] Endpoint: ${endpoint}`[39m)[33m;[39m
     [90m    |[39m             [31m[1m^[22m[39m
     [90m 93 |[39m   }
     [90m 94 |[39m   [36mif[39m (retryAttempt [33m!==[39m undefined) {
     [90m 95 |[39m     console[33m.[39merror([32m`[TMDb API Error] Retry Attempt: ${retryAttempt}`[39m)[33m;[39m[0m

      at error (src/lib/api/tmdb-client.ts:92:13)
      at logError (src/lib/api/tmdb-client.ts:150:7)
      at src/lib/api/tmdb-client.ts:259:20
      at Object.<anonymous> (src/lib/api/tmdb-client.preservation.test.ts:44:7)

    console.error
      [TMDb API Error] Retry Attempt: 0

    [0m [90m 93 |[39m   }
     [90m 94 |[39m   [36mif[39m (retryAttempt [33m!==[39m undefined) {
    [31m[1m>[22m[39m[90m 95 |[39m     console[33m.[39merror([32m`[TMDb API Error] Retry Attempt: ${retryAttempt}`[39m)[33m;[39m
     [90m    |[39m             [31m[1m^[22m[39m
     [90m 96 |[39m   }
     [90m 97 |[39m
     [90m 98 |[39m   [90m// Send to monitoring service[39m[0m

      at error (src/lib/api/tmdb-client.ts:95:13)
      at logError (src/lib/api/tmdb-client.ts:150:7)
      at src/lib/api/tmdb-client.ts:259:20
      at Object.<anonymous> (src/lib/api/tmdb-client.preservation.test.ts:44:7)

    console.error
      [TMDb API Error] NetworkError: Network error: Network request failed

    [0m [90m 88 |[39m [90m */[39m
     [90m 89 |[39m [36mfunction[39m logError(error[33m:[39m [33mError[39m[33m,[39m endpoint[33m?[39m[33m:[39m string[33m,[39m 
retryAttempt[33m?[39m[33m:[39m number)[33m:[39m [36mvoid[39m {
    [31m[1m>[22m[39m[90m 90 |[39m   console[33m.[39merror([32m`[TMDb API Error] ${error.name}: ${error.message}`[39m)[33m;[39m
     [90m    |[39m           [31m[1m^[22m[39m
     [90m 91 |[39m   [36mif[39m (endpoint) {
     [90m 92 |[39m     console[33m.[39merror([32m`[TMDb API Error] Endpoint: ${endpoint}`[39m)[33m;[39m
     [90m 93 |[39m   }[0m

      at error (src/lib/api/tmdb-client.ts:90:11)
      at logError (src/lib/api/tmdb-client.ts:184:5)
      at src/lib/api/tmdb-client.ts:259:20

    console.error
      [TMDb API Error] Endpoint: /search/movie?query=test&page=1

    [0m [90m 90 |[39m   console[33m.[39merror([32m`[TMDb API Error] ${error.name}: ${error.message}`[39m)[33m;[39m
     [90m 91 |[39m   [36mif[39m (endpoint) {
    [31m[1m>[22m[39m[90m 92 |[39m     console[33m.[39merror([32m`[TMDb API Error] Endpoint: ${endpoint}`[39m)[33m;[39m
     [90m    |[39m             [31m[1m^[22m[39m
     [90m 93 |[39m   }
     [90m 94 |[39m   [36mif[39m (retryAttempt [33m!==[39m undefined) {
     [90m 95 |[39m     console[33m.[39merror([32m`[TMDb API Error] Retry Attempt: ${retryAttempt}`[39m)[33m;[39m[0m

      at error (src/lib/api/tmdb-client.ts:92:13)
      at logError (src/lib/api/tmdb-client.ts:184:5)
      at src/lib/api/tmdb-client.ts:259:20

    console.error
      [TMDb API Error] Retry Attempt: 0

    [0m [90m 93 |[39m   }
     [90m 94 |[39m   [36mif[39m (retryAttempt [33m!==[39m undefined) {
    [31m[1m>[22m[39m[90m 95 |[39m     console[33m.[39merror([32m`[TMDb API Error] Retry Attempt: ${retryAttempt}`[39m)[33m;[39m
     [90m    |[39m             [31m[1m^[22m[39m
     [90m 96 |[39m   }
     [90m 97 |[39m
     [90m 98 |[39m   [90m// Send to monitoring service[39m[0m

      at error (src/lib/api/tmdb-client.ts:95:13)
      at logError (src/lib/api/tmdb-client.ts:184:5)
      at src/lib/api/tmdb-client.ts:259:20

    console.log
      [TMDb API] Retrying after 107.63187117066803ms (attempt 1/3)

      at log (src/lib/api/tmdb-client.ts:189:15)

    console.error
      [TMDb API Error] NetworkError: Network error: Cannot read properties of undefined (reading 'json')

    [0m [90m 88 |[39m [90m */[39m
     [90m 89 |[39m [36mfunction[39m logError(error[33m:[39m [33mError[39m[33m,[39m endpoint[33m?[39m[33m:[39m string[33m,[39m 
retryAttempt[33m?[39m[33m:[39m number)[33m:[39m [36mvoid[39m {
    [31m[1m>[22m[39m[90m 90 |[39m   console[33m.[39merror([32m`[TMDb API Error] ${error.name}: ${error.message}`[39m)[33m;[39m
     [90m    |[39m           [31m[1m^[22m[39m
     [90m 91 |[39m   [36mif[39m (endpoint) {
     [90m 92 |[39m     console[33m.[39merror([32m`[TMDb API Error] Endpoint: ${endpoint}`[39m)[33m;[39m
     [90m 93 |[39m   }[0m

      at error (src/lib/api/tmdb-client.ts:90:11)
      at logError (src/lib/api/tmdb-client.ts:184:5)

    console.error
      [TMDb API Error] Endpoint: /search/movie?query=test&page=1

    [0m [90m 90 |[39m   console[33m.[39merror([32m`[TMDb API Error] ${error.name}: ${error.message}`[39m)[33m;[39m
     [90m 91 |[39m   [36mif[39m (endpoint) {
    [31m[1m>[22m[39m[90m 92 |[39m     console[33m.[39merror([32m`[TMDb API Error] Endpoint: ${endpoint}`[39m)[33m;[39m
     [90m    |[39m             [31m[1m^[22m[39m
     [90m 93 |[39m   }
     [90m 94 |[39m   [36mif[39m (retryAttempt [33m!==[39m undefined) {
     [90m 95 |[39m     console[33m.[39merror([32m`[TMDb API Error] Retry Attempt: ${retryAttempt}`[39m)[33m;[39m[0m

      at error (src/lib/api/tmdb-client.ts:92:13)
      at logError (src/lib/api/tmdb-client.ts:184:5)

    console.error
      [TMDb API Error] Retry Attempt: 1

    [0m [90m 93 |[39m   }
     [90m 94 |[39m   [36mif[39m (retryAttempt [33m!==[39m undefined) {
    [31m[1m>[22m[39m[90m 95 |[39m     console[33m.[39merror([32m`[TMDb API Error] Retry Attempt: ${retryAttempt}`[39m)[33m;[39m
     [90m    |[39m             [31m[1m^[22m[39m
     [90m 96 |[39m   }
     [90m 97 |[39m
     [90m 98 |[39m   [90m// Send to monitoring service[39m[0m

      at error (src/lib/api/tmdb-client.ts:95:13)
      at logError (src/lib/api/tmdb-client.ts:184:5)

    console.log
      [TMDb API] Retrying after 200.88536340785862ms (attempt 2/3)

      at log (src/lib/api/tmdb-client.ts:189:15)

    console.error
      [TMDb API Error] NetworkError: Network error: Cannot read properties of undefined (reading 'json')

    [0m [90m 88 |[39m [90m */[39m
     [90m 89 |[39m [36mfunction[39m logError(error[33m:[39m [33mError[39m[33m,[39m endpoint[33m?[39m[33m:[39m string[33m,[39m 
retryAttempt[33m?[39m[33m:[39m number)[33m:[39m [36mvoid[39m {
    [31m[1m>[22m[39m[90m 90 |[39m   console[33m.[39merror([32m`[TMDb API Error] ${error.name}: ${error.message}`[39m)[33m;[39m
     [90m    |[39m           [31m[1m^[22m[39m
     [90m 91 |[39m   [36mif[39m (endpoint) {
     [90m 92 |[39m     console[33m.[39merror([32m`[TMDb API Error] Endpoint: ${endpoint}`[39m)[33m;[39m
     [90m 93 |[39m   }[0m

      at error (src/lib/api/tmdb-client.ts:90:11)
      at logError (src/lib/api/tmdb-client.ts:184:5)

    console.error
      [TMDb API Error] Endpoint: /search/movie?query=test&page=1

    [0m [90m 90 |[39m   console[33m.[39merror([32m`[TMDb API Error] ${error.name}: ${error.message}`[39m)[33m;[39m
     [90m 91 |[39m   [36mif[39m (endpoint) {
    [31m[1m>[22m[39m[90m 92 |[39m     console[33m.[39merror([32m`[TMDb API Error] Endpoint: ${endpoint}`[39m)[33m;[39m
     [90m    |[39m             [31m[1m^[22m[39m
     [90m 93 |[39m   }
     [90m 94 |[39m   [36mif[39m (retryAttempt [33m!==[39m undefined) {
     [90m 95 |[39m     console[33m.[39merror([32m`[TMDb API Error] Retry Attempt: ${retryAttempt}`[39m)[33m;[39m[0m

      at error (src/lib/api/tmdb-client.ts:92:13)
      at logError (src/lib/api/tmdb-client.ts:184:5)

    console.error
      [TMDb API Error] Retry Attempt: 2

    [0m [90m 93 |[39m   }
     [90m 94 |[39m   [36mif[39m (retryAttempt [33m!==[39m undefined) {
    [31m[1m>[22m[39m[90m 95 |[39m     console[33m.[39merror([32m`[TMDb API Error] Retry Attempt: ${retryAttempt}`[39m)[33m;[39m
     [90m    |[39m             [31m[1m^[22m[39m
     [90m 96 |[39m   }
     [90m 97 |[39m
     [90m 98 |[39m   [90m// Send to monitoring service[39m[0m

      at error (src/lib/api/tmdb-client.ts:95:13)
      at logError (src/lib/api/tmdb-client.ts:184:5)

    console.log
      [TMDb API] Retrying after 423.47758945927836ms (attempt 3/3)

      at log (src/lib/api/tmdb-client.ts:189:15)

    console.error
      [TMDb API Error] NetworkError: Network error: Cannot read properties of undefined (reading 'json')

    [0m [90m 88 |[39m [90m */[39m
     [90m 89 |[39m [36mfunction[39m logError(error[33m:[39m [33mError[39m[33m,[39m endpoint[33m?[39m[33m:[39m string[33m,[39m 
retryAttempt[33m?[39m[33m:[39m number)[33m:[39m [36mvoid[39m {
    [31m[1m>[22m[39m[90m 90 |[39m   console[33m.[39merror([32m`[TMDb API Error] ${error.name}: ${error.message}`[39m)[33m;[39m
     [90m    |[39m           [31m[1m^[22m[39m
     [90m 91 |[39m   [36mif[39m (endpoint) {
     [90m 92 |[39m     console[33m.[39merror([32m`[TMDb API Error] Endpoint: ${endpoint}`[39m)[33m;[39m
     [90m 93 |[39m   }[0m

      at error (src/lib/api/tmdb-client.ts:90:11)
      at logError (src/lib/api/tmdb-client.ts:184:5)

    console.error
      [TMDb API Error] Endpoint: /search/movie?query=test&page=1

    [0m [90m 90 |[39m   console[33m.[39merror([32m`[TMDb API Error] ${error.name}: ${error.message}`[39m)[33m;[39m
     [90m 91 |[39m   [36mif[39m (endpoint) {
    [31m[1m>[22m[39m[90m 92 |[39m     console[33m.[39merror([32m`[TMDb API Error] Endpoint: ${endpoint}`[39m)[33m;[39m
     [90m    |[39m             [31m[1m^[22m[39m
     [90m 93 |[39m   }
     [90m 94 |[39m   [36mif[39m (retryAttempt [33m!==[39m undefined) {
     [90m 95 |[39m     console[33m.[39merror([32m`[TMDb API Error] Retry Attempt: ${retryAttempt}`[39m)[33m;[39m[0m

      at error (src/lib/api/tmdb-client.ts:92:13)
      at logError (src/lib/api/tmdb-client.ts:184:5)

    console.error
      [TMDb API Error] Retry Attempt: 3

    [0m [90m 93 |[39m   }
     [90m 94 |[39m   [36mif[39m (retryAttempt [33m!==[39m undefined) {
    [31m[1m>[22m[39m[90m 95 |[39m     console[33m.[39merror([32m`[TMDb API Error] Retry Attempt: ${retryAttempt}`[39m)[33m;[39m
     [90m    |[39m             [31m[1m^[22m[39m
     [90m 96 |[39m   }
     [90m 97 |[39m
     [90m 98 |[39m   [90m// Send to monitoring service[39m[0m

      at error (src/lib/api/tmdb-client.ts:95:13)
      at logError (src/lib/api/tmdb-client.ts:184:5)

    console.error
      [TMDb API Error] APIResponseError: The resource you requested could not be found.

    [0m [90m 88 |[39m [90m */[39m
     [90m 89 |[39m [36mfunction[39m logError(error[33m:[39m [33mError[39m[33m,[39m endpoint[33m?[39m[33m:[39m string[33m,[39m 
retryAttempt[33m?[39m[33m:[39m number)[33m:[39m [36mvoid[39m {
    [31m[1m>[22m[39m[90m 90 |[39m   console[33m.[39merror([32m`[TMDb API Error] ${error.name}: ${error.message}`[39m)[33m;[39m
     [90m    |[39m           [31m[1m^[22m[39m
     [90m 91 |[39m   [36mif[39m (endpoint) {
     [90m 92 |[39m     console[33m.[39merror([32m`[TMDb API Error] Endpoint: ${endpoint}`[39m)[33m;[39m
     [90m 93 |[39m   }[0m

      at error (src/lib/api/tmdb-client.ts:90:11)
      at logError (src/lib/api/tmdb-client.ts:150:7)
      at src/lib/api/tmdb-client.ts:259:20
      at Object.<anonymous> (src/lib/api/tmdb-client.preservation.test.ts:69:9)

    console.error
      [TMDb API Error] Endpoint: /search/movie?query=test&page=1

    [0m [90m 90 |[39m   console[33m.[39merror([32m`[TMDb API Error] ${error.name}: ${error.message}`[39m)[33m;[39m
     [90m 91 |[39m   [36mif[39m (endpoint) {
    [31m[1m>[22m[39m[90m 92 |[39m     console[33m.[39merror([32m`[TMDb API Error] Endpoint: ${endpoint}`[39m)[33m;[39m
     [90m    |[39m             [31m[1m^[22m[39m
     [90m 93 |[39m   }
     [90m 94 |[39m   [36mif[39m (retryAttempt [33m!==[39m undefined) {
     [90m 95 |[39m     console[33m.[39merror([32m`[TMDb API Error] Retry Attempt: ${retryAttempt}`[39m)[33m;[39m[0m

      at error (src/lib/api/tmdb-client.ts:92:13)
      at logError (src/lib/api/tmdb-client.ts:150:7)
      at src/lib/api/tmdb-client.ts:259:20
      at Object.<anonymous> (src/lib/api/tmdb-client.preservation.test.ts:69:9)

    console.error
      [TMDb API Error] Retry Attempt: 0

    [0m [90m 93 |[39m   }
     [90m 94 |[39m   [36mif[39m (retryAttempt [33m!==[39m undefined) {
    [31m[1m>[22m[39m[90m 95 |[39m     console[33m.[39merror([32m`[TMDb API Error] Retry Attempt: ${retryAttempt}`[39m)[33m;[39m
     [90m    |[39m             [31m[1m^[22m[39m
     [90m 96 |[39m   }
     [90m 97 |[39m
     [90m 98 |[39m   [90m// Send to monitoring service[39m[0m

      at error (src/lib/api/tmdb-client.ts:95:13)
      at logError (src/lib/api/tmdb-client.ts:150:7)
      at src/lib/api/tmdb-client.ts:259:20
      at Object.<anonymous> (src/lib/api/tmdb-client.preservation.test.ts:69:9)

    console.error
      [TMDb API Error] APIResponseError: Not found

    [0m [90m 88 |[39m [90m */[39m
     [90m 89 |[39m [36mfunction[39m logError(error[33m:[39m [33mError[39m[33m,[39m endpoint[33m?[39m[33m:[39m string[33m,[39m 
retryAttempt[33m?[39m[33m:[39m number)[33m:[39m [36mvoid[39m {
    [31m[1m>[22m[39m[90m 90 |[39m   console[33m.[39merror([32m`[TMDb API Error] ${error.name}: ${error.message}`[39m)[33m;[39m
     [90m    |[39m           [31m[1m^[22m[39m
     [90m 91 |[39m   [36mif[39m (endpoint) {
     [90m 92 |[39m     console[33m.[39merror([32m`[TMDb API Error] Endpoint: ${endpoint}`[39m)[33m;[39m
     [90m 93 |[39m   }[0m

      at error (src/lib/api/tmdb-client.ts:90:11)
      at logError (src/lib/api/tmdb-client.ts:150:7)
      at src/lib/api/tmdb-client.ts:259:20
      at Object.<anonymous> (src/lib/api/tmdb-client.preservation.test.ts:88:9)

    console.error
      [TMDb API Error] Endpoint: /search/movie?query=test&page=1

    [0m [90m 90 |[39m   console[33m.[39merror([32m`[TMDb API Error] ${error.name}: ${error.message}`[39m)[33m;[39m
     [90m 91 |[39m   [36mif[39m (endpoint) {
    [31m[1m>[22m[39m[90m 92 |[39m     console[33m.[39merror([32m`[TMDb API Error] Endpoint: ${endpoint}`[39m)[33m;[39m
     [90m    |[39m             [31m[1m^[22m[39m
     [90m 93 |[39m   }
     [90m 94 |[39m   [36mif[39m (retryAttempt [33m!==[39m undefined) {
     [90m 95 |[39m     console[33m.[39merror([32m`[TMDb API Error] Retry Attempt: ${retryAttempt}`[39m)[33m;[39m[0m

      at error (src/lib/api/tmdb-client.ts:92:13)
      at logError (src/lib/api/tmdb-client.ts:150:7)
      at src/lib/api/tmdb-client.ts:259:20
      at Object.<anonymous> (src/lib/api/tmdb-client.preservation.test.ts:88:9)

    console.error
      [TMDb API Error] Retry Attempt: 0

    [0m [90m 93 |[39m   }
     [90m 94 |[39m   [36mif[39m (retryAttempt [33m!==[39m undefined) {
    [31m[1m>[22m[39m[90m 95 |[39m     console[33m.[39merror([32m`[TMDb API Error] Retry Attempt: ${retryAttempt}`[39m)[33m;[39m
     [90m    |[39m             [31m[1m^[22m[39m
     [90m 96 |[39m   }
     [90m 97 |[39m
     [90m 98 |[39m   [90m// Send to monitoring service[39m[0m

      at error (src/lib/api/tmdb-client.ts:95:13)
      at logError (src/lib/api/tmdb-client.ts:150:7)
      at src/lib/api/tmdb-client.ts:259:20
      at Object.<anonymous> (src/lib/api/tmdb-client.preservation.test.ts:88:9)

    console.error
      [TMDb API Error] APIResponseError: Not found

    [0m [90m 88 |[39m [90m */[39m
     [90m 89 |[39m [36mfunction[39m logError(error[33m:[39m [33mError[39m[33m,[39m endpoint[33m?[39m[33m:[39m string[33m,[39m 
retryAttempt[33m?[39m[33m:[39m number)[33m:[39m [36mvoid[39m {
    [31m[1m>[22m[39m[90m 90 |[39m   console[33m.[39merror([32m`[TMDb API Error] ${error.name}: ${error.message}`[39m)[33m;[39m
     [90m    |[39m           [31m[1m^[22m[39m
     [90m 91 |[39m   [36mif[39m (endpoint) {
     [90m 92 |[39m     console[33m.[39merror([32m`[TMDb API Error] Endpoint: ${endpoint}`[39m)[33m;[39m
     [90m 93 |[39m   }[0m

      at error (src/lib/api/tmdb-client.ts:90:11)
      at logError (src/lib/api/tmdb-client.ts:150:7)
      at src/lib/api/tmdb-client.ts:259:20
      at Object.<anonymous> (src/lib/api/tmdb-client.preservation.test.ts:108:7)

    console.error
      [TMDb API Error] Endpoint: /search/movie?query=test&page=1

    [0m [90m 90 |[39m   console[33m.[39merror([32m`[TMDb API Error] ${error.name}: ${error.message}`[39m)[33m;[39m
     [90m 91 |[39m   [36mif[39m (endpoint) {
    [31m[1m>[22m[39m[90m 92 |[39m     console[33m.[39merror([32m`[TMDb API Error] Endpoint: ${endpoint}`[39m)[33m;[39m
     [90m    |[39m             [31m[1m^[22m[39m
     [90m 93 |[39m   }
     [90m 94 |[39m   [36mif[39m (retryAttempt [33m!==[39m undefined) {
     [90m 95 |[39m     console[33m.[39merror([32m`[TMDb API Error] Retry Attempt: ${retryAttempt}`[39m)[33m;[39m[0m

      at error (src/lib/api/tmdb-client.ts:92:13)
      at logError (src/lib/api/tmdb-client.ts:150:7)
      at src/lib/api/tmdb-client.ts:259:20
      at Object.<anonymous> (src/lib/api/tmdb-client.preservation.test.ts:108:7)

    console.error
      [TMDb API Error] Retry Attempt: 0

    [0m [90m 93 |[39m   }
     [90m 94 |[39m   [36mif[39m (retryAttempt [33m!==[39m undefined) {
    [31m[1m>[22m[39m[90m 95 |[39m     console[33m.[39merror([32m`[TMDb API Error] Retry Attempt: ${retryAttempt}`[39m)[33m;[39m
     [90m    |[39m             [31m[1m^[22m[39m
     [90m 96 |[39m   }
     [90m 97 |[39m
     [90m 98 |[39m   [90m// Send to monitoring service[39m[0m

      at error (src/lib/api/tmdb-client.ts:95:13)
      at logError (src/lib/api/tmdb-client.ts:150:7)
      at src/lib/api/tmdb-client.ts:259:20
      at Object.<anonymous> (src/lib/api/tmdb-client.preservation.test.ts:108:7)

    console.error
      [TMDb API Error] NetworkError: Network error: Network request failed

    [0m [90m 88 |[39m [90m */[39m
     [90m 89 |[39m [36mfunction[39m logError(error[33m:[39m [33mError[39m[33m,[39m endpoint[33m?[39m[33m:[39m string[33m,[39m 
retryAttempt[33m?[39m[33m:[39m number)[33m:[39m [36mvoid[39m {
    [31m[1m>[22m[39m[90m 90 |[39m   console[33m.[39merror([32m`[TMDb API Error] ${error.name}: ${error.message}`[39m)[33m;[39m
     [90m    |[39m           [31m[1m^[22m[39m
     [90m 91 |[39m   [36mif[39m (endpoint) {
     [90m 92 |[39m     console[33m.[39merror([32m`[TMDb API Error] Endpoint: ${endpoint}`[39m)[33m;[39m
     [90m 93 |[39m   }[0m

      at error (src/lib/api/tmdb-client.ts:90:11)
      at logError (src/lib/api/tmdb-client.ts:184:5)
      at src/lib/api/tmdb-client.ts:259:20

    console.error
      [TMDb API Error] Endpoint: /search/movie?query=inception&page=1

    [0m [90m 90 |[39m   console[33m.[39merror([32m`[TMDb API Error] ${error.name}: ${error.message}`[39m)[33m;[39m
     [90m 91 |[39m   [36mif[39m (endpoint) {
    [31m[1m>[22m[39m[90m 92 |[39m     console[33m.[39merror([32m`[TMDb API Error] Endpoint: ${endpoint}`[39m)[33m;[39m
     [90m    |[39m             [31m[1m^[22m[39m
     [90m 93 |[39m   }
     [90m 94 |[39m   [36mif[39m (retryAttempt [33m!==[39m undefined) {
     [90m 95 |[39m     console[33m.[39merror([32m`[TMDb API Error] Retry Attempt: ${retryAttempt}`[39m)[33m;[39m[0m

      at error (src/lib/api/tmdb-client.ts:92:13)
      at logError (src/lib/api/tmdb-client.ts:184:5)
      at src/lib/api/tmdb-client.ts:259:20

    console.error
      [TMDb API Error] Retry Attempt: 0

    [0m [90m 93 |[39m   }
     [90m 94 |[39m   [36mif[39m (retryAttempt [33m!==[39m undefined) {
    [31m[1m>[22m[39m[90m 95 |[39m     console[33m.[39merror([32m`[TMDb API Error] Retry Attempt: ${retryAttempt}`[39m)[33m;[39m
     [90m    |[39m             [31m[1m^[22m[39m
     [90m 96 |[39m   }
     [90m 97 |[39m
     [90m 98 |[39m   [90m// Send to monitoring service[39m[0m

      at error (src/lib/api/tmdb-client.ts:95:13)
      at logError (src/lib/api/tmdb-client.ts:184:5)
      at src/lib/api/tmdb-client.ts:259:20

    console.log
      [TMDb API] Retrying after 106.14615917328939ms (attempt 1/3)

      at log (src/lib/api/tmdb-client.ts:189:15)

    console.error
      [TMDb API Error] APIResponseError: Not found

    [0m [90m 88 |[39m [90m */[39m
     [90m 89 |[39m [36mfunction[39m logError(error[33m:[39m [33mError[39m[33m,[39m endpoint[33m?[39m[33m:[39m string[33m,[39m 
retryAttempt[33m?[39m[33m:[39m number)[33m:[39m [36mvoid[39m {
    [31m[1m>[22m[39m[90m 90 |[39m   console[33m.[39merror([32m`[TMDb API Error] ${error.name}: ${error.message}`[39m)[33m;[39m
     [90m    |[39m           [31m[1m^[22m[39m
     [90m 91 |[39m   [36mif[39m (endpoint) {
     [90m 92 |[39m     console[33m.[39merror([32m`[TMDb API Error] Endpoint: ${endpoint}`[39m)[33m;[39m
     [90m 93 |[39m   }[0m

      at error (src/lib/api/tmdb-client.ts:90:11)
      at logError (src/lib/api/tmdb-client.ts:150:7)
      at src/lib/api/tmdb-client.ts:259:20
      at Object.<anonymous> (src/lib/api/tmdb-client.preservation.test.ts:174:7)

    console.error
      [TMDb API Error] Endpoint: /search/movie?query=inception&page=1

    [0m [90m 90 |[39m   console[33m.[39merror([32m`[TMDb API Error] ${error.name}: ${error.message}`[39m)[33m;[39m
     [90m 91 |[39m   [36mif[39m (endpoint) {
    [31m[1m>[22m[39m[90m 92 |[39m     console[33m.[39merror([32m`[TMDb API Error] Endpoint: ${endpoint}`[39m)[33m;[39m
     [90m    |[39m             [31m[1m^[22m[39m
     [90m 93 |[39m   }
     [90m 94 |[39m   [36mif[39m (retryAttempt [33m!==[39m undefined) {
     [90m 95 |[39m     console[33m.[39merror([32m`[TMDb API Error] Retry Attempt: ${retryAttempt}`[39m)[33m;[39m[0m

      at error (src/lib/api/tmdb-client.ts:92:13)
      at logError (src/lib/api/tmdb-client.ts:150:7)
      at src/lib/api/tmdb-client.ts:259:20
      at Object.<anonymous> (src/lib/api/tmdb-client.preservation.test.ts:174:7)

    console.error
      [TMDb API Error] Retry Attempt: 1

    [0m [90m 93 |[39m   }
     [90m 94 |[39m   [36mif[39m (retryAttempt [33m!==[39m undefined) {
    [31m[1m>[22m[39m[90m 95 |[39m     console[33m.[39merror([32m`[TMDb API Error] Retry Attempt: ${retryAttempt}`[39m)[33m;[39m
     [90m    |[39m             [31m[1m^[22m[39m
     [90m 96 |[39m   }
     [90m 97 |[39m
     [90m 98 |[39m   [90m// Send to monitoring service[39m[0m

      at error (src/lib/api/tmdb-client.ts:95:13)
      at logError (src/lib/api/tmdb-client.ts:150:7)
      at src/lib/api/tmdb-client.ts:259:20
      at Object.<anonymous> (src/lib/api/tmdb-client.preservation.test.ts:174:7)

    console.error
      [TMDb API Error] APIResponseError: Not found

    [0m [90m 88 |[39m [90m */[39m
     [90m 89 |[39m [36mfunction[39m logError(error[33m:[39m [33mError[39m[33m,[39m endpoint[33m?[39m[33m:[39m string[33m,[39m 
retryAttempt[33m?[39m[33m:[39m number)[33m:[39m [36mvoid[39m {
    [31m[1m>[22m[39m[90m 90 |[39m   console[33m.[39merror([32m`[TMDb API Error] ${error.name}: ${error.message}`[39m)[33m;[39m
     [90m    |[39m           [31m[1m^[22m[39m
     [90m 91 |[39m   [36mif[39m (endpoint) {
     [90m 92 |[39m     console[33m.[39merror([32m`[TMDb API Error] Endpoint: ${endpoint}`[39m)[33m;[39m
     [90m 93 |[39m   }[0m

      at error (src/lib/api/tmdb-client.ts:90:11)
      at logError (src/lib/api/tmdb-client.ts:150:7)
      at src/lib/api/tmdb-client.ts:259:20
      at Object.<anonymous> (src/lib/api/tmdb-client.preservation.test.ts:279:22)

    console.error
      [TMDb API Error] Endpoint: /search/movie?query=inception&page=1

    [0m [90m 90 |[39m   console[33m.[39merror([32m`[TMDb API Error] ${error.name}: ${error.message}`[39m)[33m;[39m
     [90m 91 |[39m   [36mif[39m (endpoint) {
    [31m[1m>[22m[39m[90m 92 |[39m     console[33m.[39merror([32m`[TMDb API Error] Endpoint: ${endpoint}`[39m)[33m;[39m
     [90m    |[39m             [31m[1m^[22m[39m
     [90m 93 |[39m   }
     [90m 94 |[39m   [36mif[39m (retryAttempt [33m!==[39m undefined) {
     [90m 95 |[39m     console[33m.[39merror([32m`[TMDb API Error] Retry Attempt: ${retryAttempt}`[39m)[33m;[39m[0m

      at error (src/lib/api/tmdb-client.ts:92:13)
      at logError (src/lib/api/tmdb-client.ts:150:7)
      at src/lib/api/tmdb-client.ts:259:20
      at Object.<anonymous> (src/lib/api/tmdb-client.preservation.test.ts:279:22)

    console.error
      [TMDb API Error] Retry Attempt: 0

    [0m [90m 93 |[39m   }
     [90m 94 |[39m   [36mif[39m (retryAttempt [33m!==[39m undefined) {
    [31m[1m>[22m[39m[90m 95 |[39m     console[33m.[39merror([32m`[TMDb API Error] Retry Attempt: ${retryAttempt}`[39m)[33m;[39m
     [90m    |[39m             [31m[1m^[22m[39m
     [90m 96 |[39m   }
     [90m 97 |[39m
     [90m 98 |[39m   [90m// Send to monitoring service[39m[0m

      at error (src/lib/api/tmdb-client.ts:95:13)
      at logError (src/lib/api/tmdb-client.ts:150:7)
      at src/lib/api/tmdb-client.ts:259:20
      at Object.<anonymous> (src/lib/api/tmdb-client.preservation.test.ts:279:22)

    console.error
      [TMDb API Error] APIResponseError: Not found

    [0m [90m 88 |[39m [90m */[39m
     [90m 89 |[39m [36mfunction[39m logError(error[33m:[39m [33mError[39m[33m,[39m endpoint[33m?[39m[33m:[39m string[33m,[39m 
retryAttempt[33m?[39m[33m:[39m number)[33m:[39m [36mvoid[39m {
    [31m[1m>[22m[39m[90m 90 |[39m   console[33m.[39merror([32m`[TMDb API Error] ${error.name}: ${error.message}`[39m)[33m;[39m
     [90m    |[39m           [31m[1m^[22m[39m
     [90m 91 |[39m   [36mif[39m (endpoint) {
     [90m 92 |[39m     console[33m.[39merror([32m`[TMDb API Error] Endpoint: ${endpoint}`[39m)[33m;[39m
     [90m 93 |[39m   }[0m

      at error (src/lib/api/tmdb-client.ts:90:11)
      at logError (src/lib/api/tmdb-client.ts:150:7)
      at getMovieDetails (src/lib/api/tmdb-client.ts:300:18)
      at Object.<anonymous> (src/lib/api/tmdb-client.preservation.test.ts:301:22)

    console.error
      [TMDb API Error] Endpoint: /movie/1

    [0m [90m 90 |[39m   console[33m.[39merror([32m`[TMDb API Error] ${error.name}: ${error.message}`[39m)[33m;[39m
     [90m 91 |[39m   [36mif[39m (endpoint) {
    [31m[1m>[22m[39m[90m 92 |[39m     console[33m.[39merror([32m`[TMDb API Error] Endpoint: ${endpoint}`[39m)[33m;[39m
     [90m    |[39m             [31m[1m^[22m[39m
     [90m 93 |[39m   }
     [90m 94 |[39m   [36mif[39m (retryAttempt [33m!==[39m undefined) {
     [90m 95 |[39m     console[33m.[39merror([32m`[TMDb API Error] Retry Attempt: ${retryAttempt}`[39m)[33m;[39m[0m

      at error (src/lib/api/tmdb-client.ts:92:13)
      at logError (src/lib/api/tmdb-client.ts:150:7)
      at getMovieDetails (src/lib/api/tmdb-client.ts:300:18)
      at Object.<anonymous> (src/lib/api/tmdb-client.preservation.test.ts:301:22)

    console.error
      [TMDb API Error] Retry Attempt: 0

    [0m [90m 93 |[39m   }
     [90m 94 |[39m   [36mif[39m (retryAttempt [33m!==[39m undefined) {
    [31m[1m>[22m[39m[90m 95 |[39m     console[33m.[39merror([32m`[TMDb API Error] Retry Attempt: ${retryAttempt}`[39m)[33m;[39m
     [90m    |[39m             [31m[1m^[22m[39m
     [90m 96 |[39m   }
     [90m 97 |[39m
     [90m 98 |[39m   [90m// Send to monitoring service[39m[0m

      at error (src/lib/api/tmdb-client.ts:95:13)
      at logError (src/lib/api/tmdb-client.ts:150:7)
      at getMovieDetails (src/lib/api/tmdb-client.ts:300:18)
      at Object.<anonymous> (src/lib/api/tmdb-client.preservation.test.ts:301:22)

    console.error
      [TMDb API Error] ValidationError: Invalid API response format: [
        {
          "expected": "array",
          "code": "invalid_type",
          "path": [
            "results"
          ],
          "message": "Invalid input: expected array, received undefined"
        },
        {
          "expected": "number",
          "code": "invalid_type",
          "path": [
            "page"
          ],
          "message": "Invalid input: expected number, received undefined"
        },
        {
          "expected": "number",
          "code": "invalid_type",
          "path": [
            "total_pages"
          ],
          "message": "Invalid input: expected number, received undefined"
        }
      ]

    [0m [90m 88 |[39m [90m */[39m
     [90m 89 |[39m [36mfunction[39m logError(error[33m:[39m [33mError[39m[33m,[39m endpoint[33m?[39m[33m:[39m string[33m,[39m 
retryAttempt[33m?[39m[33m:[39m number)[33m:[39m [36mvoid[39m {
    [31m[1m>[22m[39m[90m 90 |[39m   console[33m.[39merror([32m`[TMDb API Error] ${error.name}: ${error.message}`[39m)[33m;[39m
     [90m    |[39m           [31m[1m^[22m[39m
     [90m 91 |[39m   [36mif[39m (endpoint) {
     [90m 92 |[39m     console[33m.[39merror([32m`[TMDb API Error] Endpoint: ${endpoint}`[39m)[33m;[39m
     [90m 93 |[39m   }[0m

      at error (src/lib/api/tmdb-client.ts:90:11)
      at logError (src/lib/api/tmdb-client.ts:225:7)
      at Object.<anonymous> (src/lib/api/tmdb-client.preservation.test.ts:351:22)

    console.error
      [TMDb API Error] Endpoint: /trending/movie/day?page=1

    [0m [90m 90 |[39m   console[33m.[39merror([32m`[TMDb API Error] ${error.name}: ${error.message}`[39m)[33m;[39m
     [90m 91 |[39m   [36mif[39m (endpoint) {
    [31m[1m>[22m[39m[90m 92 |[39m     console[33m.[39merror([32m`[TMDb API Error] Endpoint: ${endpoint}`[39m)[33m;[39m
     [90m    |[39m             [31m[1m^[22m[39m
     [90m 93 |[39m   }
     [90m 94 |[39m   [36mif[39m (retryAttempt [33m!==[39m undefined) {
     [90m 95 |[39m     console[33m.[39merror([32m`[TMDb API Error] Retry Attempt: ${retryAttempt}`[39m)[33m;[39m[0m

      at error (src/lib/api/tmdb-client.ts:92:13)
      at logError (src/lib/api/tmdb-client.ts:225:7)
      at Object.<anonymous> (src/lib/api/tmdb-client.preservation.test.ts:351:22)

  ΓùÅ TMDb API Client - Preservation Property Tests for Error Handling ΓÇ║ Property: Search Can Recover From Errors ΓÇ║ should recover from 
network error and succeed on retry

    expect(received).rejects.toThrow()

    Received promise resolved instead of rejected
    Resolved to value: {"page": 1, "results": [{"id": 1, "poster_path": "/test.jpg", "release_date": "2020-01-01", "title": "Test Movie"}], 
"total_pages": 1}

    [0m [90m 137 |[39m       )[33m;[39m
     [90m 138 |[39m
    [31m[1m>[22m[39m[90m 139 |[39m       [36mawait[39m 
expect(searchMovies([32m'test'[39m))[33m.[39mrejects[33m.[39mtoThrow([33mNetworkError[39m)[33m;[39m
     [90m     |[39m             [31m[1m^[22m[39m
     [90m 140 |[39m
     [90m 141 |[39m       (global[33m.[39mfetch [36mas[39m jest[33m.[39m[33mMock[39m)[33m.[39mmockResolvedValueOnce({
     [90m 142 |[39m         ok[33m:[39m [36mtrue[39m[33m,[39m[0m

      at expect (node_modules/expect/build/index.js:2116:15)
      at Object.expect (src/lib/api/tmdb-client.preservation.test.ts:139:13)

  ΓùÅ TMDb API Client - Preservation Property Tests for Error Handling ΓÇ║ Property: Error Handling Does Not Break Application State ΓÇ║ 
should not leave partial results after error

    expect(received).toBeInstanceOf(expected)

    Expected constructor: APIResponseError
    Received constructor: ReferenceError

    [0m [90m 214 |[39m         fail([32m'Should have thrown an error'[39m)[33m;[39m
     [90m 215 |[39m       } [36mcatch[39m (error) {
    [31m[1m>[22m[39m[90m 216 |[39m         expect(error)[33m.[39mtoBeInstanceOf([33mAPIResponseError[39m)[33m;[39m
     [90m     |[39m                       [31m[1m^[22m[39m
     [90m 217 |[39m       }
     [90m 218 |[39m     })[33m;[39m
     [90m 219 |[39m[0m

      at Object.toBeInstanceOf (src/lib/api/tmdb-client.preservation.test.ts:216:23)

  ΓùÅ TMDb API Client - Preservation Property Tests for Error Handling ΓÇ║ Property: Error Handling Does Not Break Application State ΓÇ║ 
should handle consecutive errors without state corruption

    expect(received).rejects.toThrow()

    Received promise resolved instead of rejected
    Resolved to value: {"page": 1, "results": [{"id": 1, "poster_path": "/test.jpg", "release_date": "2020-01-01", "title": "Test Movie"}], 
"total_pages": 1}

    [0m [90m 229 |[39m         })[33m;[39m
     [90m 230 |[39m
    [31m[1m>[22m[39m[90m 231 |[39m         [36mawait[39m 
expect(searchMovies([32m'test'[39m))[33m.[39mrejects[33m.[39mtoThrow([33mAPIResponseError[39m)[33m;[39m
     [90m     |[39m               [31m[1m^[22m[39m
     [90m 232 |[39m       }
     [90m 233 |[39m
     [90m 234 |[39m       (global[33m.[39mfetch [36mas[39m jest[33m.[39m[33mMock[39m)[33m.[39mmockResolvedValueOnce({[0m

      at expect (node_modules/expect/build/index.js:2116:15)
      at Object.expect (src/lib/api/tmdb-client.preservation.test.ts:231:15)

  ΓùÅ TMDb API Client - Preservation Property Tests for Error Handling ΓÇ║ Property: Error Handling Preserves API Behavior ΓÇ║ should 
successfully search for movies

    APIResponseError: Not found

    [0m [90m 147 |[39m         [32m`HTTP ${response.status}: ${response.statusText}`[39m[33m;[39m
     [90m 148 |[39m
    [31m[1m>[22m[39m[90m 149 |[39m       [36mconst[39m error [33m=[39m [36mnew[39m 
[33mAPIResponseError[39m(response[33m.[39mstatus[33m,[39m errorMessage[33m,[39m data)[33m;[39m
     [90m     |[39m                     [31m[1m^[22m[39m
     [90m 150 |[39m       logError(error[33m,[39m endpoint[33m,[39m attemptNumber)[33m;[39m
     [90m 151 |[39m
     [90m 152 |[39m       [90m// Retry if error is retryable and we haven't exceeded max retries[39m[0m

      at makeRequest (src/lib/api/tmdb-client.ts:149:21)
      at src/lib/api/tmdb-client.ts:259:20
      at Object.<anonymous> (src/lib/api/tmdb-client.preservation.test.ts:279:22)

  ΓùÅ TMDb API Client - Preservation Property Tests for Error Handling ΓÇ║ Property: Error Handling Preserves API Behavior ΓÇ║ should 
successfully get movie details

    APIResponseError: Not found

    [0m [90m 147 |[39m         [32m`HTTP ${response.status}: ${response.statusText}`[39m[33m;[39m
     [90m 148 |[39m
    [31m[1m>[22m[39m[90m 149 |[39m       [36mconst[39m error [33m=[39m [36mnew[39m 
[33mAPIResponseError[39m(response[33m.[39mstatus[33m,[39m errorMessage[33m,[39m data)[33m;[39m
     [90m     |[39m                     [31m[1m^[22m[39m
     [90m 150 |[39m       logError(error[33m,[39m endpoint[33m,[39m attemptNumber)[33m;[39m
     [90m 151 |[39m
     [90m 152 |[39m       [90m// Retry if error is retryable and we haven't exceeded max retries[39m[0m

      at makeRequest (src/lib/api/tmdb-client.ts:149:21)
      at getMovieDetails (src/lib/api/tmdb-client.ts:300:18)
      at Object.<anonymous> (src/lib/api/tmdb-client.preservation.test.ts:301:22)

  ΓùÅ TMDb API Client - Preservation Property Tests for Error Handling ΓÇ║ Property: Error Handling Preserves API Behavior ΓÇ║ should 
successfully get similar movies

    expect(received).toBe(expected) // Object.is equality

    Expected: "Interstellar"
    Received: "Inception"

    [0m [90m 326 |[39m       [36mconst[39m result [33m=[39m [36mawait[39m getSimilarMovies([35m1[39m)[33m;[39m
     [90m 327 |[39m       expect(result[33m.[39mresults)[33m.[39mtoHaveLength([35m1[39m)[33m;[39m
    [31m[1m>[22m[39m[90m 328 |[39m       
expect(result[33m.[39mresults[[35m0[39m][33m.[39mtitle)[33m.[39mtoBe([32m'Interstellar'[39m)[33m;[39m
     [90m     |[39m                                       [31m[1m^[22m[39m
     [90m 329 |[39m     })[33m;[39m
     [90m 330 |[39m
     [90m 331 |[39m     it([32m'should successfully get trending movies'[39m[33m,[39m [36masync[39m () [33m=>[39m {[0m

      at Object.toBe (src/lib/api/tmdb-client.preservation.test.ts:328:39)

  ΓùÅ TMDb API Client - Preservation Property Tests for Error Handling ΓÇ║ Property: Error Handling Preserves API Behavior ΓÇ║ should 
successfully get trending movies

    ValidationError: Invalid API response format: [
      {
        "expected": "array",
        "code": "invalid_type",
        "path": [
          "results"
        ],
        "message": "Invalid input: expected array, received undefined"
      },
      {
        "expected": "number",
        "code": "invalid_type",
        "path": [
          "page"
        ],
        "message": "Invalid input: expected number, received undefined"
      },
      {
        "expected": "number",
        "code": "invalid_type",
        "path": [
          "total_pages"
        ],
        "message": "Invalid input: expected number, received undefined"
      }
    ]

    [0m [90m 219 |[39m   } [36mcatch[39m (error) {
     [90m 220 |[39m     [36mif[39m (error [36minstanceof[39m [33mError[39m [33m&&[39m error[33m.[39mname [33m===[39m 
[32m'ZodError'[39m) {
    [31m[1m>[22m[39m[90m 221 |[39m       [36mconst[39m validationError [33m=[39m [36mnew[39m [33mValidationError[39m(
     [90m     |[39m                               [31m[1m^[22m[39m
     [90m 222 |[39m         [32m`Invalid API response format: ${error.message}`[39m[33m,[39m
     [90m 223 |[39m         error
     [90m 224 |[39m       )[33m;[39m[0m

      at getMoviesByTrending (src/lib/api/tmdb-client.ts:221:31)
      at Object.<anonymous> (src/lib/api/tmdb-client.preservation.test.ts:351:22)

PASS src/features/vidsrc-streaming/hooks/useVidsrcPlayer.test.ts
PASS src/features/movies/components/TrendingMovies.test.tsx
PASS src/features/movies/components/RelatedMovies.test.tsx
PASS src/lib/parsers/movie-parser.test.ts
PASS src/features/vidsrc-streaming/components/StreamErrorBoundary.test.tsx
PASS src/features/search/components/SearchBar.test.tsx
PASS src/features/vidsrc-streaming/hooks/useHealthCheck.test.ts
  ΓùÅ Console

    console.error
      An update to TestComponent inside a test was not wrapped in act(...).
      
      When testing, code that causes React state updates should be wrapped into act(...):
      
      act(() => {
        /* fire events that update state */
      });
      /* assert on the output */
      
      This ensures that you're testing the behavior the user would see in the browser. Learn more at 
https://react.dev/link/wrap-tests-with-act

    [0m [90m 36 |[39m
     [90m 37 |[39m           [36mif[39m (isMounted) {
    [31m[1m>[22m[39m[90m 38 |[39m             setLastCheckTime([33mDate[39m[33m.[39mnow())[33m;[39m
     [90m    |[39m             [31m[1m^[22m[39m
     [90m 39 |[39m
     [90m 40 |[39m             [90m// Check if any domains are healthy[39m
     [90m 41 |[39m             [36mconst[39m statuses [33m=[39m 
managerRef[33m.[39mcurrent[33m.[39mgetDomainStatuses()[33m;[39m[0m

      at node_modules/react-dom/cjs/react-dom-client.development.js:18758:19
      at runWithFiberInDEV (node_modules/react-dom/cjs/react-dom-client.development.js:874:13)
      at warnIfUpdatesNotWrappedWithActDEV (node_modules/react-dom/cjs/react-dom-client.development.js:18757:9)
      at scheduleUpdateOnFiber (node_modules/react-dom/cjs/react-dom-client.development.js:16409:11)
      at dispatchSetStateInternal (node_modules/react-dom/cjs/react-dom-client.development.js:9170:13)
      at dispatchSetState (node_modules/react-dom/cjs/react-dom-client.development.js:9127:7)
      at setLastCheckTime (src/features/vidsrc-streaming/hooks/useHealthCheck.ts:38:13)

    console.error
      An update to TestComponent inside a test was not wrapped in act(...).
      
      When testing, code that causes React state updates should be wrapped into act(...):
      
      act(() => {
        /* fire events that update state */
      });
      /* assert on the output */
      
      This ensures that you're testing the behavior the user would see in the browser. Learn more at 
https://react.dev/link/wrap-tests-with-act

    [0m [90m 41 |[39m             [36mconst[39m statuses [33m=[39m 
managerRef[33m.[39mcurrent[33m.[39mgetDomainStatuses()[33m;[39m
     [90m 42 |[39m             [36mconst[39m anyHealthy [33m=[39m statuses[33m.[39msome((status) [33m=>[39m 
status[33m.[39misHealthy)[33m;[39m
    [31m[1m>[22m[39m[90m 43 |[39m             setIsHealthy(anyHealthy)[33m;[39m
     [90m    |[39m             [31m[1m^[22m[39m
     [90m 44 |[39m           }
     [90m 45 |[39m         }
     [90m 46 |[39m       } [36mcatch[39m (error) {[0m

      at node_modules/react-dom/cjs/react-dom-client.development.js:18758:19
      at runWithFiberInDEV (node_modules/react-dom/cjs/react-dom-client.development.js:874:13)
      at warnIfUpdatesNotWrappedWithActDEV (node_modules/react-dom/cjs/react-dom-client.development.js:18757:9)
      at scheduleUpdateOnFiber (node_modules/react-dom/cjs/react-dom-client.development.js:16409:11)
      at dispatchSetStateInternal (node_modules/react-dom/cjs/react-dom-client.development.js:9170:13)
      at dispatchSetState (node_modules/react-dom/cjs/react-dom-client.development.js:9127:7)
      at setIsHealthy (src/features/vidsrc-streaming/hooks/useHealthCheck.ts:43:13)

PASS src/features/ui/components/LoadingSkeleton.test.tsx
PASS src/features/ui/components/ErrorBoundary.test.tsx
PASS src/features/watchlist/components/AddToWatchlistButton.test.tsx
PASS src/features/vidsrc-streaming/hooks/useSubtitlePreference.test.ts
PASS src/features/vidsrc-streaming/utils/url-validation.test.ts
PASS src/lib/api/tmdb-client.test.ts
  ΓùÅ Console

    console.error
      [TMDb API Error] ValidationError: Invalid API response format: [
        {
          "expected": "string",
          "code": "invalid_type",
          "path": [
            "results",
            0,
            "poster_path"
          ],
          "message": "Invalid input: expected string, received undefined"
        },
        {
          "expected": "string",
          "code": "invalid_type",
          "path": [
            "results",
            0,
            "release_date"
          ],
          "message": "Invalid input: expected string, received undefined"
        }
      ]

    [0m [90m 88 |[39m [90m */[39m
     [90m 89 |[39m [36mfunction[39m logError(error[33m:[39m [33mError[39m[33m,[39m endpoint[33m?[39m[33m:[39m string[33m,[39m 
retryAttempt[33m?[39m[33m:[39m number)[33m:[39m [36mvoid[39m {
    [31m[1m>[22m[39m[90m 90 |[39m   console[33m.[39merror([32m`[TMDb API Error] ${error.name}: ${error.message}`[39m)[33m;[39m
     [90m    |[39m           [31m[1m^[22m[39m
     [90m 91 |[39m   [36mif[39m (endpoint) {
     [90m 92 |[39m     console[33m.[39merror([32m`[TMDb API Error] Endpoint: ${endpoint}`[39m)[33m;[39m
     [90m 93 |[39m   }[0m

      at error (src/lib/api/tmdb-client.ts:90:11)
      at logError (src/lib/api/tmdb-client.ts:225:7)
      at Object.<anonymous> (src/lib/api/tmdb-client.test.ts:85:7)

    console.error
      [TMDb API Error] Endpoint: /trending/movie/day?page=1

    [0m [90m 90 |[39m   console[33m.[39merror([32m`[TMDb API Error] ${error.name}: ${error.message}`[39m)[33m;[39m
     [90m 91 |[39m   [36mif[39m (endpoint) {
    [31m[1m>[22m[39m[90m 92 |[39m     console[33m.[39merror([32m`[TMDb API Error] Endpoint: ${endpoint}`[39m)[33m;[39m
     [90m    |[39m             [31m[1m^[22m[39m
     [90m 93 |[39m   }
     [90m 94 |[39m   [36mif[39m (retryAttempt [33m!==[39m undefined) {
     [90m 95 |[39m     console[33m.[39merror([32m`[TMDb API Error] Retry Attempt: ${retryAttempt}`[39m)[33m;[39m[0m

      at error (src/lib/api/tmdb-client.ts:92:13)
      at logError (src/lib/api/tmdb-client.ts:225:7)
      at Object.<anonymous> (src/lib/api/tmdb-client.test.ts:85:7)

    console.error
      [TMDb API Error] ValidationError: Invalid API response format: [
        {
          "expected": "string",
          "code": "invalid_type",
          "path": [
            "results",
            0,
            "title"
          ],
          "message": "Invalid input: expected string, received undefined"
        },
        {
          "expected": "string",
          "code": "invalid_type",
          "path": [
            "results",
            0,
            "poster_path"
          ],
          "message": "Invalid input: expected string, received undefined"
        },
        {
          "expected": "string",
          "code": "invalid_type",
          "path": [
            "results",
            0,
            "release_date"
          ],
          "message": "Invalid input: expected string, received undefined"
        }
      ]

    [0m [90m 88 |[39m [90m */[39m
     [90m 89 |[39m [36mfunction[39m logError(error[33m:[39m [33mError[39m[33m,[39m endpoint[33m?[39m[33m:[39m string[33m,[39m 
retryAttempt[33m?[39m[33m:[39m number)[33m:[39m [36mvoid[39m {
    [31m[1m>[22m[39m[90m 90 |[39m   console[33m.[39merror([32m`[TMDb API Error] ${error.name}: ${error.message}`[39m)[33m;[39m
     [90m    |[39m           [31m[1m^[22m[39m
     [90m 91 |[39m   [36mif[39m (endpoint) {
     [90m 92 |[39m     console[33m.[39merror([32m`[TMDb API Error] Endpoint: ${endpoint}`[39m)[33m;[39m
     [90m 93 |[39m   }[0m

      at error (src/lib/api/tmdb-client.ts:90:11)
      at logError (src/lib/api/tmdb-client.ts:276:9)
      at Object.<anonymous> (src/lib/api/tmdb-client.test.ts:150:7)

    console.error
      [TMDb API Error] Endpoint: /search/movie?query=test&page=1

    [0m [90m 90 |[39m   console[33m.[39merror([32m`[TMDb API Error] ${error.name}: ${error.message}`[39m)[33m;[39m
     [90m 91 |[39m   [36mif[39m (endpoint) {
    [31m[1m>[22m[39m[90m 92 |[39m     console[33m.[39merror([32m`[TMDb API Error] Endpoint: ${endpoint}`[39m)[33m;[39m
     [90m    |[39m             [31m[1m^[22m[39m
     [90m 93 |[39m   }
     [90m 94 |[39m   [36mif[39m (retryAttempt [33m!==[39m undefined) {
     [90m 95 |[39m     console[33m.[39merror([32m`[TMDb API Error] Retry Attempt: ${retryAttempt}`[39m)[33m;[39m[0m

      at error (src/lib/api/tmdb-client.ts:92:13)
      at logError (src/lib/api/tmdb-client.ts:276:9)
      at Object.<anonymous> (src/lib/api/tmdb-client.test.ts:150:7)

    console.error
      [TMDb API Error] ValidationError: Invalid API response format: [
        {
          "expected": "string",
          "code": "invalid_type",
          "path": [
            "poster_path"
          ],
          "message": "Invalid input: expected string, received undefined"
        },
        {
          "expected": "string",
          "code": "invalid_type",
          "path": [
            "release_date"
          ],
          "message": "Invalid input: expected string, received undefined"
        }
      ]

    [0m [90m 88 |[39m [90m */[39m
     [90m 89 |[39m [36mfunction[39m logError(error[33m:[39m [33mError[39m[33m,[39m endpoint[33m?[39m[33m:[39m string[33m,[39m 
retryAttempt[33m?[39m[33m:[39m number)[33m:[39m [36mvoid[39m {
    [31m[1m>[22m[39m[90m 90 |[39m   console[33m.[39merror([32m`[TMDb API Error] ${error.name}: ${error.message}`[39m)[33m;[39m
     [90m    |[39m           [31m[1m^[22m[39m
     [90m 91 |[39m   [36mif[39m (endpoint) {
     [90m 92 |[39m     console[33m.[39merror([32m`[TMDb API Error] Endpoint: ${endpoint}`[39m)[33m;[39m
     [90m 93 |[39m   }[0m

      at error (src/lib/api/tmdb-client.ts:90:11)
      at logError (src/lib/api/tmdb-client.ts:313:7)
      at Object.<anonymous> (src/lib/api/tmdb-client.test.ts:213:7)

    console.error
      [TMDb API Error] Endpoint: /movie/550

    [0m [90m 90 |[39m   console[33m.[39merror([32m`[TMDb API Error] ${error.name}: ${error.message}`[39m)[33m;[39m
     [90m 91 |[39m   [36mif[39m (endpoint) {
    [31m[1m>[22m[39m[90m 92 |[39m     console[33m.[39merror([32m`[TMDb API Error] Endpoint: ${endpoint}`[39m)[33m;[39m
     [90m    |[39m             [31m[1m^[22m[39m
     [90m 93 |[39m   }
     [90m 94 |[39m   [36mif[39m (retryAttempt [33m!==[39m undefined) {
     [90m 95 |[39m     console[33m.[39merror([32m`[TMDb API Error] Retry Attempt: ${retryAttempt}`[39m)[33m;[39m[0m

      at error (src/lib/api/tmdb-client.ts:92:13)
      at logError (src/lib/api/tmdb-client.ts:313:7)
      at Object.<anonymous> (src/lib/api/tmdb-client.test.ts:213:7)

    console.error
      [TMDb API Error] APIResponseError: Invalid API key

    [0m [90m 88 |[39m [90m */[39m
     [90m 89 |[39m [36mfunction[39m logError(error[33m:[39m [33mError[39m[33m,[39m endpoint[33m?[39m[33m:[39m string[33m,[39m 
retryAttempt[33m?[39m[33m:[39m number)[33m:[39m [36mvoid[39m {
    [31m[1m>[22m[39m[90m 90 |[39m   console[33m.[39merror([32m`[TMDb API Error] ${error.name}: ${error.message}`[39m)[33m;[39m
     [90m    |[39m           [31m[1m^[22m[39m
     [90m 91 |[39m   [36mif[39m (endpoint) {
     [90m 92 |[39m     console[33m.[39merror([32m`[TMDb API Error] Endpoint: ${endpoint}`[39m)[33m;[39m
     [90m 93 |[39m   }[0m

      at error (src/lib/api/tmdb-client.ts:90:11)
      at logError (src/lib/api/tmdb-client.ts:150:7)
      at getMoviesByTrending (src/lib/api/tmdb-client.ts:212:18)
      at Object.<anonymous> (src/lib/api/tmdb-client.test.ts:277:7)

    console.error
      [TMDb API Error] Endpoint: /trending/movie/day?page=1

    [0m [90m 90 |[39m   console[33m.[39merror([32m`[TMDb API Error] ${error.name}: ${error.message}`[39m)[33m;[39m
     [90m 91 |[39m   [36mif[39m (endpoint) {
    [31m[1m>[22m[39m[90m 92 |[39m     console[33m.[39merror([32m`[TMDb API Error] Endpoint: ${endpoint}`[39m)[33m;[39m
     [90m    |[39m             [31m[1m^[22m[39m
     [90m 93 |[39m   }
     [90m 94 |[39m   [36mif[39m (retryAttempt [33m!==[39m undefined) {
     [90m 95 |[39m     console[33m.[39merror([32m`[TMDb API Error] Retry Attempt: ${retryAttempt}`[39m)[33m;[39m[0m

      at error (src/lib/api/tmdb-client.ts:92:13)
      at logError (src/lib/api/tmdb-client.ts:150:7)
      at getMoviesByTrending (src/lib/api/tmdb-client.ts:212:18)
      at Object.<anonymous> (src/lib/api/tmdb-client.test.ts:277:7)

    console.error
      [TMDb API Error] Retry Attempt: 0

    [0m [90m 93 |[39m   }
     [90m 94 |[39m   [36mif[39m (retryAttempt [33m!==[39m undefined) {
    [31m[1m>[22m[39m[90m 95 |[39m     console[33m.[39merror([32m`[TMDb API Error] Retry Attempt: ${retryAttempt}`[39m)[33m;[39m
     [90m    |[39m             [31m[1m^[22m[39m
     [90m 96 |[39m   }
     [90m 97 |[39m
     [90m 98 |[39m   [90m// Send to monitoring service[39m[0m

      at error (src/lib/api/tmdb-client.ts:95:13)
      at logError (src/lib/api/tmdb-client.ts:150:7)
      at getMoviesByTrending (src/lib/api/tmdb-client.ts:212:18)
      at Object.<anonymous> (src/lib/api/tmdb-client.test.ts:277:7)

    console.error
      [TMDb API Error] APIResponseError: Service Unavailable

    [0m [90m 88 |[39m [90m */[39m
     [90m 89 |[39m [36mfunction[39m logError(error[33m:[39m [33mError[39m[33m,[39m endpoint[33m?[39m[33m:[39m string[33m,[39m 
retryAttempt[33m?[39m[33m:[39m number)[33m:[39m [36mvoid[39m {
    [31m[1m>[22m[39m[90m 90 |[39m   console[33m.[39merror([32m`[TMDb API Error] ${error.name}: ${error.message}`[39m)[33m;[39m
     [90m    |[39m           [31m[1m^[22m[39m
     [90m 91 |[39m   [36mif[39m (endpoint) {
     [90m 92 |[39m     console[33m.[39merror([32m`[TMDb API Error] Endpoint: ${endpoint}`[39m)[33m;[39m
     [90m 93 |[39m   }[0m

      at error (src/lib/api/tmdb-client.ts:90:11)
      at logError (src/lib/api/tmdb-client.ts:150:7)
      at getMoviesByTrending (src/lib/api/tmdb-client.ts:212:18)
      at Object.<anonymous> (src/lib/api/tmdb-client.test.ts:322:22)

    console.error
      [TMDb API Error] Endpoint: /trending/movie/day?page=1

    [0m [90m 90 |[39m   console[33m.[39merror([32m`[TMDb API Error] ${error.name}: ${error.message}`[39m)[33m;[39m
     [90m 91 |[39m   [36mif[39m (endpoint) {
    [31m[1m>[22m[39m[90m 92 |[39m     console[33m.[39merror([32m`[TMDb API Error] Endpoint: ${endpoint}`[39m)[33m;[39m
     [90m    |[39m             [31m[1m^[22m[39m
     [90m 93 |[39m   }
     [90m 94 |[39m   [36mif[39m (retryAttempt [33m!==[39m undefined) {
     [90m 95 |[39m     console[33m.[39merror([32m`[TMDb API Error] Retry Attempt: ${retryAttempt}`[39m)[33m;[39m[0m

      at error (src/lib/api/tmdb-client.ts:92:13)
      at logError (src/lib/api/tmdb-client.ts:150:7)
      at getMoviesByTrending (src/lib/api/tmdb-client.ts:212:18)
      at Object.<anonymous> (src/lib/api/tmdb-client.test.ts:322:22)

    console.error
      [TMDb API Error] Retry Attempt: 0

    [0m [90m 93 |[39m   }
     [90m 94 |[39m   [36mif[39m (retryAttempt [33m!==[39m undefined) {
    [31m[1m>[22m[39m[90m 95 |[39m     console[33m.[39merror([32m`[TMDb API Error] Retry Attempt: ${retryAttempt}`[39m)[33m;[39m
     [90m    |[39m             [31m[1m^[22m[39m
     [90m 96 |[39m   }
     [90m 97 |[39m
     [90m 98 |[39m   [90m// Send to monitoring service[39m[0m

      at error (src/lib/api/tmdb-client.ts:95:13)
      at logError (src/lib/api/tmdb-client.ts:150:7)
      at getMoviesByTrending (src/lib/api/tmdb-client.ts:212:18)
      at Object.<anonymous> (src/lib/api/tmdb-client.test.ts:322:22)

    console.log
      [TMDb API] Retrying after 107.65697137809087ms (attempt 1/3)

      at log (src/lib/api/tmdb-client.ts:155:17)

    console.error
      [TMDb API Error] NetworkError: Network error: Network timeout

    [0m [90m 88 |[39m [90m */[39m
     [90m 89 |[39m [36mfunction[39m logError(error[33m:[39m [33mError[39m[33m,[39m endpoint[33m?[39m[33m:[39m string[33m,[39m 
retryAttempt[33m?[39m[33m:[39m number)[33m:[39m [36mvoid[39m {
    [31m[1m>[22m[39m[90m 90 |[39m   console[33m.[39merror([32m`[TMDb API Error] ${error.name}: ${error.message}`[39m)[33m;[39m
     [90m    |[39m           [31m[1m^[22m[39m
     [90m 91 |[39m   [36mif[39m (endpoint) {
     [90m 92 |[39m     console[33m.[39merror([32m`[TMDb API Error] Endpoint: ${endpoint}`[39m)[33m;[39m
     [90m 93 |[39m   }[0m

      at error (src/lib/api/tmdb-client.ts:90:11)
      at logError (src/lib/api/tmdb-client.ts:184:5)
      at getMoviesByTrending (src/lib/api/tmdb-client.ts:212:18)
      at Object.<anonymous> (src/lib/api/tmdb-client.test.ts:352:22)

    console.error
      [TMDb API Error] Endpoint: /trending/movie/day?page=1

    [0m [90m 90 |[39m   console[33m.[39merror([32m`[TMDb API Error] ${error.name}: ${error.message}`[39m)[33m;[39m
     [90m 91 |[39m   [36mif[39m (endpoint) {
    [31m[1m>[22m[39m[90m 92 |[39m     console[33m.[39merror([32m`[TMDb API Error] Endpoint: ${endpoint}`[39m)[33m;[39m
     [90m    |[39m             [31m[1m^[22m[39m
     [90m 93 |[39m   }
     [90m 94 |[39m   [36mif[39m (retryAttempt [33m!==[39m undefined) {
     [90m 95 |[39m     console[33m.[39merror([32m`[TMDb API Error] Retry Attempt: ${retryAttempt}`[39m)[33m;[39m[0m

      at error (src/lib/api/tmdb-client.ts:92:13)
      at logError (src/lib/api/tmdb-client.ts:184:5)
      at getMoviesByTrending (src/lib/api/tmdb-client.ts:212:18)
      at Object.<anonymous> (src/lib/api/tmdb-client.test.ts:352:22)

    console.error
      [TMDb API Error] Retry Attempt: 0

    [0m [90m 93 |[39m   }
     [90m 94 |[39m   [36mif[39m (retryAttempt [33m!==[39m undefined) {
    [31m[1m>[22m[39m[90m 95 |[39m     console[33m.[39merror([32m`[TMDb API Error] Retry Attempt: ${retryAttempt}`[39m)[33m;[39m
     [90m    |[39m             [31m[1m^[22m[39m
     [90m 96 |[39m   }
     [90m 97 |[39m
     [90m 98 |[39m   [90m// Send to monitoring service[39m[0m

      at error (src/lib/api/tmdb-client.ts:95:13)
      at logError (src/lib/api/tmdb-client.ts:184:5)
      at getMoviesByTrending (src/lib/api/tmdb-client.ts:212:18)
      at Object.<anonymous> (src/lib/api/tmdb-client.test.ts:352:22)

    console.log
      [TMDb API] Retrying after 105.361332689855ms (attempt 1/3)

      at log (src/lib/api/tmdb-client.ts:189:15)

    console.error
      [TMDb API Error] APIResponseError: Invalid API key

    [0m [90m 88 |[39m [90m */[39m
     [90m 89 |[39m [36mfunction[39m logError(error[33m:[39m [33mError[39m[33m,[39m endpoint[33m?[39m[33m:[39m string[33m,[39m 
retryAttempt[33m?[39m[33m:[39m number)[33m:[39m [36mvoid[39m {
    [31m[1m>[22m[39m[90m 90 |[39m   console[33m.[39merror([32m`[TMDb API Error] ${error.name}: ${error.message}`[39m)[33m;[39m
     [90m    |[39m           [31m[1m^[22m[39m
     [90m 91 |[39m   [36mif[39m (endpoint) {
     [90m 92 |[39m     console[33m.[39merror([32m`[TMDb API Error] Endpoint: ${endpoint}`[39m)[33m;[39m
     [90m 93 |[39m   }[0m

      at error (src/lib/api/tmdb-client.ts:90:11)
      at logError (src/lib/api/tmdb-client.ts:150:7)
      at getMoviesByTrending (src/lib/api/tmdb-client.ts:212:18)
      at Object.<anonymous> (src/lib/api/tmdb-client.test.ts:370:7)

    console.error
      [TMDb API Error] Endpoint: /trending/movie/day?page=1

    [0m [90m 90 |[39m   console[33m.[39merror([32m`[TMDb API Error] ${error.name}: ${error.message}`[39m)[33m;[39m
     [90m 91 |[39m   [36mif[39m (endpoint) {
    [31m[1m>[22m[39m[90m 92 |[39m     console[33m.[39merror([32m`[TMDb API Error] Endpoint: ${endpoint}`[39m)[33m;[39m
     [90m    |[39m             [31m[1m^[22m[39m
     [90m 93 |[39m   }
     [90m 94 |[39m   [36mif[39m (retryAttempt [33m!==[39m undefined) {
     [90m 95 |[39m     console[33m.[39merror([32m`[TMDb API Error] Retry Attempt: ${retryAttempt}`[39m)[33m;[39m[0m

      at error (src/lib/api/tmdb-client.ts:92:13)
      at logError (src/lib/api/tmdb-client.ts:150:7)
      at getMoviesByTrending (src/lib/api/tmdb-client.ts:212:18)
      at Object.<anonymous> (src/lib/api/tmdb-client.test.ts:370:7)

    console.error
      [TMDb API Error] Retry Attempt: 0

    [0m [90m 93 |[39m   }
     [90m 94 |[39m   [36mif[39m (retryAttempt [33m!==[39m undefined) {
    [31m[1m>[22m[39m[90m 95 |[39m     console[33m.[39merror([32m`[TMDb API Error] Retry Attempt: ${retryAttempt}`[39m)[33m;[39m
     [90m    |[39m             [31m[1m^[22m[39m
     [90m 96 |[39m   }
     [90m 97 |[39m
     [90m 98 |[39m   [90m// Send to monitoring service[39m[0m

      at error (src/lib/api/tmdb-client.ts:95:13)
      at logError (src/lib/api/tmdb-client.ts:150:7)
      at getMoviesByTrending (src/lib/api/tmdb-client.ts:212:18)
      at Object.<anonymous> (src/lib/api/tmdb-client.test.ts:370:7)

    console.error
      [TMDb API Error] APIResponseError: Too Many Requests

    [0m [90m 88 |[39m [90m */[39m
     [90m 89 |[39m [36mfunction[39m logError(error[33m:[39m [33mError[39m[33m,[39m endpoint[33m?[39m[33m:[39m string[33m,[39m 
retryAttempt[33m?[39m[33m:[39m number)[33m:[39m [36mvoid[39m {
    [31m[1m>[22m[39m[90m 90 |[39m   console[33m.[39merror([32m`[TMDb API Error] ${error.name}: ${error.message}`[39m)[33m;[39m
     [90m    |[39m           [31m[1m^[22m[39m
     [90m 91 |[39m   [36mif[39m (endpoint) {
     [90m 92 |[39m     console[33m.[39merror([32m`[TMDb API Error] Endpoint: ${endpoint}`[39m)[33m;[39m
     [90m 93 |[39m   }[0m

      at error (src/lib/api/tmdb-client.ts:90:11)
      at logError (src/lib/api/tmdb-client.ts:150:7)
      at getMoviesByTrending (src/lib/api/tmdb-client.ts:212:18)
      at Object.<anonymous> (src/lib/api/tmdb-client.test.ts:403:22)

    console.error
      [TMDb API Error] Endpoint: /trending/movie/day?page=1

    [0m [90m 90 |[39m   console[33m.[39merror([32m`[TMDb API Error] ${error.name}: ${error.message}`[39m)[33m;[39m
     [90m 91 |[39m   [36mif[39m (endpoint) {
    [31m[1m>[22m[39m[90m 92 |[39m     console[33m.[39merror([32m`[TMDb API Error] Endpoint: ${endpoint}`[39m)[33m;[39m
     [90m    |[39m             [31m[1m^[22m[39m
     [90m 93 |[39m   }
     [90m 94 |[39m   [36mif[39m (retryAttempt [33m!==[39m undefined) {
     [90m 95 |[39m     console[33m.[39merror([32m`[TMDb API Error] Retry Attempt: ${retryAttempt}`[39m)[33m;[39m[0m

      at error (src/lib/api/tmdb-client.ts:92:13)
      at logError (src/lib/api/tmdb-client.ts:150:7)
      at getMoviesByTrending (src/lib/api/tmdb-client.ts:212:18)
      at Object.<anonymous> (src/lib/api/tmdb-client.test.ts:403:22)

    console.error
      [TMDb API Error] Retry Attempt: 0

    [0m [90m 93 |[39m   }
     [90m 94 |[39m   [36mif[39m (retryAttempt [33m!==[39m undefined) {
    [31m[1m>[22m[39m[90m 95 |[39m     console[33m.[39merror([32m`[TMDb API Error] Retry Attempt: ${retryAttempt}`[39m)[33m;[39m
     [90m    |[39m             [31m[1m^[22m[39m
     [90m 96 |[39m   }
     [90m 97 |[39m
     [90m 98 |[39m   [90m// Send to monitoring service[39m[0m

      at error (src/lib/api/tmdb-client.ts:95:13)
      at logError (src/lib/api/tmdb-client.ts:150:7)
      at getMoviesByTrending (src/lib/api/tmdb-client.ts:212:18)
      at Object.<anonymous> (src/lib/api/tmdb-client.test.ts:403:22)

    console.log
      [TMDb API] Retrying after 104.0419365942517ms (attempt 1/3)

      at log (src/lib/api/tmdb-client.ts:155:17)

    console.error
      [TMDb API Error] APIResponseError: Service Unavailable

    [0m [90m 88 |[39m [90m */[39m
     [90m 89 |[39m [36mfunction[39m logError(error[33m:[39m [33mError[39m[33m,[39m endpoint[33m?[39m[33m:[39m string[33m,[39m 
retryAttempt[33m?[39m[33m:[39m number)[33m:[39m [36mvoid[39m {
    [31m[1m>[22m[39m[90m 90 |[39m   console[33m.[39merror([32m`[TMDb API Error] ${error.name}: ${error.message}`[39m)[33m;[39m
     [90m    |[39m           [31m[1m^[22m[39m
     [90m 91 |[39m   [36mif[39m (endpoint) {
     [90m 92 |[39m     console[33m.[39merror([32m`[TMDb API Error] Endpoint: ${endpoint}`[39m)[33m;[39m
     [90m 93 |[39m   }[0m

      at error (src/lib/api/tmdb-client.ts:90:11)
      at logError (src/lib/api/tmdb-client.ts:150:7)
      at getMoviesByTrending (src/lib/api/tmdb-client.ts:212:18)
      at Object.<anonymous> (src/lib/api/tmdb-client.test.ts:418:7)

    console.error
      [TMDb API Error] Endpoint: /trending/movie/day?page=1

    [0m [90m 90 |[39m   console[33m.[39merror([32m`[TMDb API Error] ${error.name}: ${error.message}`[39m)[33m;[39m
     [90m 91 |[39m   [36mif[39m (endpoint) {
    [31m[1m>[22m[39m[90m 92 |[39m     console[33m.[39merror([32m`[TMDb API Error] Endpoint: ${endpoint}`[39m)[33m;[39m
     [90m    |[39m             [31m[1m^[22m[39m
     [90m 93 |[39m   }
     [90m 94 |[39m   [36mif[39m (retryAttempt [33m!==[39m undefined) {
     [90m 95 |[39m     console[33m.[39merror([32m`[TMDb API Error] Retry Attempt: ${retryAttempt}`[39m)[33m;[39m[0m

      at error (src/lib/api/tmdb-client.ts:92:13)
      at logError (src/lib/api/tmdb-client.ts:150:7)
      at getMoviesByTrending (src/lib/api/tmdb-client.ts:212:18)
      at Object.<anonymous> (src/lib/api/tmdb-client.test.ts:418:7)

    console.error
      [TMDb API Error] Retry Attempt: 0

    [0m [90m 93 |[39m   }
     [90m 94 |[39m   [36mif[39m (retryAttempt [33m!==[39m undefined) {
    [31m[1m>[22m[39m[90m 95 |[39m     console[33m.[39merror([32m`[TMDb API Error] Retry Attempt: ${retryAttempt}`[39m)[33m;[39m
     [90m    |[39m             [31m[1m^[22m[39m
     [90m 96 |[39m   }
     [90m 97 |[39m
     [90m 98 |[39m   [90m// Send to monitoring service[39m[0m

      at error (src/lib/api/tmdb-client.ts:95:13)
      at logError (src/lib/api/tmdb-client.ts:150:7)
      at getMoviesByTrending (src/lib/api/tmdb-client.ts:212:18)
      at Object.<anonymous> (src/lib/api/tmdb-client.test.ts:418:7)

    console.log
      [TMDb API] Retrying after 105.91537293671877ms (attempt 1/3)

      at log (src/lib/api/tmdb-client.ts:155:17)

    console.error
      [TMDb API Error] APIResponseError: Service Unavailable

    [0m [90m 88 |[39m [90m */[39m
     [90m 89 |[39m [36mfunction[39m logError(error[33m:[39m [33mError[39m[33m,[39m endpoint[33m?[39m[33m:[39m string[33m,[39m 
retryAttempt[33m?[39m[33m:[39m number)[33m:[39m [36mvoid[39m {
    [31m[1m>[22m[39m[90m 90 |[39m   console[33m.[39merror([32m`[TMDb API Error] ${error.name}: ${error.message}`[39m)[33m;[39m
     [90m    |[39m           [31m[1m^[22m[39m
     [90m 91 |[39m   [36mif[39m (endpoint) {
     [90m 92 |[39m     console[33m.[39merror([32m`[TMDb API Error] Endpoint: ${endpoint}`[39m)[33m;[39m
     [90m 93 |[39m   }[0m

      at error (src/lib/api/tmdb-client.ts:90:11)
      at logError (src/lib/api/tmdb-client.ts:150:7)
      at getMoviesByTrending (src/lib/api/tmdb-client.ts:212:18)
      at Object.<anonymous> (src/lib/api/tmdb-client.test.ts:418:7)

    console.error
      [TMDb API Error] Endpoint: /trending/movie/day?page=1

    [0m [90m 90 |[39m   console[33m.[39merror([32m`[TMDb API Error] ${error.name}: ${error.message}`[39m)[33m;[39m
     [90m 91 |[39m   [36mif[39m (endpoint) {
    [31m[1m>[22m[39m[90m 92 |[39m     console[33m.[39merror([32m`[TMDb API Error] Endpoint: ${endpoint}`[39m)[33m;[39m
     [90m    |[39m             [31m[1m^[22m[39m
     [90m 93 |[39m   }
     [90m 94 |[39m   [36mif[39m (retryAttempt [33m!==[39m undefined) {
     [90m 95 |[39m     console[33m.[39merror([32m`[TMDb API Error] Retry Attempt: ${retryAttempt}`[39m)[33m;[39m[0m

      at error (src/lib/api/tmdb-client.ts:92:13)
      at logError (src/lib/api/tmdb-client.ts:150:7)
      at getMoviesByTrending (src/lib/api/tmdb-client.ts:212:18)
      at Object.<anonymous> (src/lib/api/tmdb-client.test.ts:418:7)

    console.error
      [TMDb API Error] Retry Attempt: 1

    [0m [90m 93 |[39m   }
     [90m 94 |[39m   [36mif[39m (retryAttempt [33m!==[39m undefined) {
    [31m[1m>[22m[39m[90m 95 |[39m     console[33m.[39merror([32m`[TMDb API Error] Retry Attempt: ${retryAttempt}`[39m)[33m;[39m
     [90m    |[39m             [31m[1m^[22m[39m
     [90m 96 |[39m   }
     [90m 97 |[39m
     [90m 98 |[39m   [90m// Send to monitoring service[39m[0m

      at error (src/lib/api/tmdb-client.ts:95:13)
      at logError (src/lib/api/tmdb-client.ts:150:7)
      at getMoviesByTrending (src/lib/api/tmdb-client.ts:212:18)
      at Object.<anonymous> (src/lib/api/tmdb-client.test.ts:418:7)

    console.log
      [TMDb API] Retrying after 219.37761552745238ms (attempt 2/3)

      at log (src/lib/api/tmdb-client.ts:155:17)

    console.error
      [TMDb API Error] APIResponseError: Service Unavailable

    [0m [90m 88 |[39m [90m */[39m
     [90m 89 |[39m [36mfunction[39m logError(error[33m:[39m [33mError[39m[33m,[39m endpoint[33m?[39m[33m:[39m string[33m,[39m 
retryAttempt[33m?[39m[33m:[39m number)[33m:[39m [36mvoid[39m {
    [31m[1m>[22m[39m[90m 90 |[39m   console[33m.[39merror([32m`[TMDb API Error] ${error.name}: ${error.message}`[39m)[33m;[39m
     [90m    |[39m           [31m[1m^[22m[39m
     [90m 91 |[39m   [36mif[39m (endpoint) {
     [90m 92 |[39m     console[33m.[39merror([32m`[TMDb API Error] Endpoint: ${endpoint}`[39m)[33m;[39m
     [90m 93 |[39m   }[0m

      at error (src/lib/api/tmdb-client.ts:90:11)
      at logError (src/lib/api/tmdb-client.ts:150:7)
      at getMoviesByTrending (src/lib/api/tmdb-client.ts:212:18)
      at Object.<anonymous> (src/lib/api/tmdb-client.test.ts:418:7)

    console.error
      [TMDb API Error] Endpoint: /trending/movie/day?page=1

    [0m [90m 90 |[39m   console[33m.[39merror([32m`[TMDb API Error] ${error.name}: ${error.message}`[39m)[33m;[39m
     [90m 91 |[39m   [36mif[39m (endpoint) {
    [31m[1m>[22m[39m[90m 92 |[39m     console[33m.[39merror([32m`[TMDb API Error] Endpoint: ${endpoint}`[39m)[33m;[39m
     [90m    |[39m             [31m[1m^[22m[39m
     [90m 93 |[39m   }
     [90m 94 |[39m   [36mif[39m (retryAttempt [33m!==[39m undefined) {
     [90m 95 |[39m     console[33m.[39merror([32m`[TMDb API Error] Retry Attempt: ${retryAttempt}`[39m)[33m;[39m[0m

      at error (src/lib/api/tmdb-client.ts:92:13)
      at logError (src/lib/api/tmdb-client.ts:150:7)
      at getMoviesByTrending (src/lib/api/tmdb-client.ts:212:18)
      at Object.<anonymous> (src/lib/api/tmdb-client.test.ts:418:7)

    console.error
      [TMDb API Error] Retry Attempt: 2

    [0m [90m 93 |[39m   }
     [90m 94 |[39m   [36mif[39m (retryAttempt [33m!==[39m undefined) {
    [31m[1m>[22m[39m[90m 95 |[39m     console[33m.[39merror([32m`[TMDb API Error] Retry Attempt: ${retryAttempt}`[39m)[33m;[39m
     [90m    |[39m             [31m[1m^[22m[39m
     [90m 96 |[39m   }
     [90m 97 |[39m
     [90m 98 |[39m   [90m// Send to monitoring service[39m[0m

      at error (src/lib/api/tmdb-client.ts:95:13)
      at logError (src/lib/api/tmdb-client.ts:150:7)
      at getMoviesByTrending (src/lib/api/tmdb-client.ts:212:18)
      at Object.<anonymous> (src/lib/api/tmdb-client.test.ts:418:7)

    console.log
      [TMDb API] Retrying after 411.1949403726303ms (attempt 3/3)

      at log (src/lib/api/tmdb-client.ts:155:17)

    console.error
      [TMDb API Error] APIResponseError: Service Unavailable

    [0m [90m 88 |[39m [90m */[39m
     [90m 89 |[39m [36mfunction[39m logError(error[33m:[39m [33mError[39m[33m,[39m endpoint[33m?[39m[33m:[39m string[33m,[39m 
retryAttempt[33m?[39m[33m:[39m number)[33m:[39m [36mvoid[39m {
    [31m[1m>[22m[39m[90m 90 |[39m   console[33m.[39merror([32m`[TMDb API Error] ${error.name}: ${error.message}`[39m)[33m;[39m
     [90m    |[39m           [31m[1m^[22m[39m
     [90m 91 |[39m   [36mif[39m (endpoint) {
     [90m 92 |[39m     console[33m.[39merror([32m`[TMDb API Error] Endpoint: ${endpoint}`[39m)[33m;[39m
     [90m 93 |[39m   }[0m

      at error (src/lib/api/tmdb-client.ts:90:11)
      at logError (src/lib/api/tmdb-client.ts:150:7)
      at getMoviesByTrending (src/lib/api/tmdb-client.ts:212:18)
      at Object.<anonymous> (src/lib/api/tmdb-client.test.ts:418:7)

    console.error
      [TMDb API Error] Endpoint: /trending/movie/day?page=1

    [0m [90m 90 |[39m   console[33m.[39merror([32m`[TMDb API Error] ${error.name}: ${error.message}`[39m)[33m;[39m
     [90m 91 |[39m   [36mif[39m (endpoint) {
    [31m[1m>[22m[39m[90m 92 |[39m     console[33m.[39merror([32m`[TMDb API Error] Endpoint: ${endpoint}`[39m)[33m;[39m
     [90m    |[39m             [31m[1m^[22m[39m
     [90m 93 |[39m   }
     [90m 94 |[39m   [36mif[39m (retryAttempt [33m!==[39m undefined) {
     [90m 95 |[39m     console[33m.[39merror([32m`[TMDb API Error] Retry Attempt: ${retryAttempt}`[39m)[33m;[39m[0m

      at error (src/lib/api/tmdb-client.ts:92:13)
      at logError (src/lib/api/tmdb-client.ts:150:7)
      at getMoviesByTrending (src/lib/api/tmdb-client.ts:212:18)
      at Object.<anonymous> (src/lib/api/tmdb-client.test.ts:418:7)

    console.error
      [TMDb API Error] Retry Attempt: 3

    [0m [90m 93 |[39m   }
     [90m 94 |[39m   [36mif[39m (retryAttempt [33m!==[39m undefined) {
    [31m[1m>[22m[39m[90m 95 |[39m     console[33m.[39merror([32m`[TMDb API Error] Retry Attempt: ${retryAttempt}`[39m)[33m;[39m
     [90m    |[39m             [31m[1m^[22m[39m
     [90m 96 |[39m   }
     [90m 97 |[39m
     [90m 98 |[39m   [90m// Send to monitoring service[39m[0m

      at error (src/lib/api/tmdb-client.ts:95:13)
      at logError (src/lib/api/tmdb-client.ts:150:7)
      at getMoviesByTrending (src/lib/api/tmdb-client.ts:212:18)
      at Object.<anonymous> (src/lib/api/tmdb-client.test.ts:418:7)

    console.error
      [TMDb API Error] APIResponseError: Service Unavailable

    [0m [90m 88 |[39m [90m */[39m
     [90m 89 |[39m [36mfunction[39m logError(error[33m:[39m [33mError[39m[33m,[39m endpoint[33m?[39m[33m:[39m string[33m,[39m 
retryAttempt[33m?[39m[33m:[39m number)[33m:[39m [36mvoid[39m {
    [31m[1m>[22m[39m[90m 90 |[39m   console[33m.[39merror([32m`[TMDb API Error] ${error.name}: ${error.message}`[39m)[33m;[39m
     [90m    |[39m           [31m[1m^[22m[39m
     [90m 91 |[39m   [36mif[39m (endpoint) {
     [90m 92 |[39m     console[33m.[39merror([32m`[TMDb API Error] Endpoint: ${endpoint}`[39m)[33m;[39m
     [90m 93 |[39m   }[0m

      at error (src/lib/api/tmdb-client.ts:90:11)
      at logError (src/lib/api/tmdb-client.ts:150:7)
      at getMoviesByTrending (src/lib/api/tmdb-client.ts:212:18)
      at Object.<anonymous> (src/lib/api/tmdb-client.test.ts:444:22)

    console.error
      [TMDb API Error] Endpoint: /trending/movie/day?page=1

    [0m [90m 90 |[39m   console[33m.[39merror([32m`[TMDb API Error] ${error.name}: ${error.message}`[39m)[33m;[39m
     [90m 91 |[39m   [36mif[39m (endpoint) {
    [31m[1m>[22m[39m[90m 92 |[39m     console[33m.[39merror([32m`[TMDb API Error] Endpoint: ${endpoint}`[39m)[33m;[39m
     [90m    |[39m             [31m[1m^[22m[39m
     [90m 93 |[39m   }
     [90m 94 |[39m   [36mif[39m (retryAttempt [33m!==[39m undefined) {
     [90m 95 |[39m     console[33m.[39merror([32m`[TMDb API Error] Retry Attempt: ${retryAttempt}`[39m)[33m;[39m[0m

      at error (src/lib/api/tmdb-client.ts:92:13)
      at logError (src/lib/api/tmdb-client.ts:150:7)
      at getMoviesByTrending (src/lib/api/tmdb-client.ts:212:18)
      at Object.<anonymous> (src/lib/api/tmdb-client.test.ts:444:22)

    console.error
      [TMDb API Error] Retry Attempt: 0

    [0m [90m 93 |[39m   }
     [90m 94 |[39m   [36mif[39m (retryAttempt [33m!==[39m undefined) {
    [31m[1m>[22m[39m[90m 95 |[39m     console[33m.[39merror([32m`[TMDb API Error] Retry Attempt: ${retryAttempt}`[39m)[33m;[39m
     [90m    |[39m             [31m[1m^[22m[39m
     [90m 96 |[39m   }
     [90m 97 |[39m
     [90m 98 |[39m   [90m// Send to monitoring service[39m[0m

      at error (src/lib/api/tmdb-client.ts:95:13)
      at logError (src/lib/api/tmdb-client.ts:150:7)
      at getMoviesByTrending (src/lib/api/tmdb-client.ts:212:18)
      at Object.<anonymous> (src/lib/api/tmdb-client.test.ts:444:22)

    console.log
      [TMDb API] Retrying after 108.15649442089817ms (attempt 1/3)

      at log (src/lib/api/tmdb-client.ts:155:17)

PASS src/features/vidsrc-streaming/services/VidsrcEmbedURLGenerator.test.ts
PASS src/features/search/hooks/useSearchParams.test.ts
PASS src/lib/validation/validation.test.ts
PASS src/features/movies/components/TrendingMoviesSuspense.test.tsx
PASS src/lib/printers/movie-printer.test.ts
PASS src/features/watchlist/components/WatchlistContent.test.tsx
PASS src/features/watchlist/components/WatchlistItem.test.tsx
PASS src/features/movies/components/MovieCarousel.test.tsx
PASS src/lib/parsers/movie-parser.fail-function.exploration.test.ts
PASS src/features/movies/components/RelatedMoviesSuspense.test.tsx
PASS src/features/movies/components/MoviePoster.test.tsx
PASS src/features/search/components/SearchBar.preservation.test.tsx (5.32 s)
  ΓùÅ Console

    console.error
      Received `true` for a non-boolean attribute `fill`.
      
      If you want to write it to the DOM, pass a string instead: fill="true" or fill={value.toString()}.

      at validateProperty (node_modules/react-dom/cjs/react-dom-client.development.js:3070:27)
      at warnUnknownProperties (node_modules/react-dom/cjs/react-dom-client.development.js:3146:9)
      at validatePropertiesInDevelopment (node_modules/react-dom/cjs/react-dom-client.development.js:19868:9)
      at setInitialProperties (node_modules/react-dom/cjs/react-dom-client.development.js:20491:7)
      at completeWork (node_modules/react-dom/cjs/react-dom-client.development.js:12662:18)
      at runWithFiberInDEV (node_modules/react-dom/cjs/react-dom-client.development.js:874:13)
      at completeUnitOfWork (node_modules/react-dom/cjs/react-dom-client.development.js:17777:19)
      at performUnitOfWork (node_modules/react-dom/cjs/react-dom-client.development.js:17658:11)
      at workLoopSync (node_modules/react-dom/cjs/react-dom-client.development.js:17469:41)
      at renderRootSync (node_modules/react-dom/cjs/react-dom-client.development.js:17450:11)
      at performWorkOnRoot (node_modules/react-dom/cjs/react-dom-client.development.js:16504:11)
      at performWorkOnRootViaSchedulerTask (node_modules/react-dom/cjs/react-dom-client.development.js:18957:7)
      at performWorkUntilDeadline (node_modules/scheduler/cjs/scheduler.development.js:45:48)
      at Timeout.task [as _onTimeout] (node_modules/jsdom/lib/jsdom/browser/Window.js:579:19)


Summary of all failing tests
FAIL src/lib/api/tmdb-client.exploration.test.ts
  ΓùÅ searchMovies - Bug Condition Exploration: Excessive API Requests ΓÇ║ Property: Typing Simulation - Character by Character ΓÇ║ should 
not make API calls for each character typed

    expect(jest.fn()).toHaveBeenCalledTimes(expected)

    Expected number of calls: 1
    Received number of calls: 9

    [0m [90m 247 |[39m       [90m// On unfixed code, this will be 9 calls (one for each character)[39m
     [90m 248 |[39m       [90m// This demonstrates the bug: multiple API calls for typing[39m
    [31m[1m>[22m[39m[90m 249 |[39m       expect(mockFetch)[33m.[39mtoHaveBeenCalledTimes([35m1[39m)[33m;[39m
     [90m     |[39m                         [31m[1m^[22m[39m
     [90m 250 |[39m     })[33m;[39m
     [90m 251 |[39m
     [90m 252 |[39m     it([32m'should cache intermediate queries and final query'[39m[33m,[39m [36masync[39m () [33m=>[39m {[0m

      at Object.toHaveBeenCalledTimes (src/lib/api/tmdb-client.exploration.test.ts:249:25)

  ΓùÅ searchMovies - Bug Condition Exploration: Excessive API Requests ΓÇ║ Property: Typing Simulation - Character by Character ΓÇ║ should 
cache intermediate queries and final query

    expect(jest.fn()).toHaveBeenCalledTimes(expected)

    Expected number of calls: 1
    Received number of calls: 9

    [0m [90m 265 |[39m       [90m// EXPECTED: Only one API call total[39m
     [90m 266 |[39m       [90m// On unfixed code, this will be 10 calls (9 for typing + 1 for final)[39m
    [31m[1m>[22m[39m[90m 267 |[39m       expect(mockFetch)[33m.[39mtoHaveBeenCalledTimes([35m1[39m)[33m;[39m
     [90m     |[39m                         [31m[1m^[22m[39m
     [90m 268 |[39m     })[33m;[39m
     [90m 269 |[39m
     [90m 270 |[39m     it([32m'should handle typing with backspace (character removal)'[39m[33m,[39m [36masync[39m () [33m=>[39m 
{[0m

      at Object.toHaveBeenCalledTimes (src/lib/api/tmdb-client.exploration.test.ts:267:25)

  ΓùÅ searchMovies - Bug Condition Exploration: Excessive API Requests ΓÇ║ Property: Typing Simulation - Character by Character ΓÇ║ should 
demonstrate the bug: multiple calls for typing

    expect(jest.fn()).toHaveBeenCalledTimes(expected)

    Expected number of calls: 1
    Received number of calls: 4

    [0m [90m 310 |[39m       [90m// On unfixed code, this will be 4 calls (one for each character)[39m
     [90m 311 |[39m       [90m// This is the core of the bug - each keystroke makes an API call[39m
    [31m[1m>[22m[39m[90m 312 |[39m       expect(mockFetch)[33m.[39mtoHaveBeenCalledTimes([35m1[39m)[33m;[39m
     [90m     |[39m                         [31m[1m^[22m[39m
     [90m 313 |[39m     })[33m;[39m
     [90m 314 |[39m   })[33m;[39m
     [90m 315 |[39m[0m

      at Object.toHaveBeenCalledTimes (src/lib/api/tmdb-client.exploration.test.ts:312:25)

  ΓùÅ searchMovies - Bug Condition Exploration: Excessive API Requests ΓÇ║ Property: Cache Behavior Across Different Scenarios ΓÇ║ should 
demonstrate the bug: excessive API calls without caching

    expect(jest.fn()).toHaveBeenCalledTimes(expected)

    Expected number of calls: 1
    Received number of calls: 9

    [0m [90m 379 |[39m       [90m// On unfixed code, this will be 11 calls (9 for typing + 2 for duplicates)[39m
     [90m 380 |[39m       [90m// This demonstrates the bug: excessive API calls for realistic user behavior[39m
    [31m[1m>[22m[39m[90m 381 |[39m       expect(mockFetch)[33m.[39mtoHaveBeenCalledTimes([35m1[39m)[33m;[39m
     [90m     |[39m                         [31m[1m^[22m[39m
     [90m 382 |[39m     })[33m;[39m
     [90m 383 |[39m   })[33m;[39m
     [90m 384 |[39m[0m

      at Object.toHaveBeenCalledTimes (src/lib/api/tmdb-client.exploration.test.ts:381:25)

FAIL src/lib/api/tmdb-client.preservation.test.ts
  ΓùÅ TMDb API Client - Preservation Property Tests for Error Handling ΓÇ║ Property: Search Can Recover From Errors ΓÇ║ should recover from 
network error and succeed on retry

    expect(received).rejects.toThrow()

    Received promise resolved instead of rejected
    Resolved to value: {"page": 1, "results": [{"id": 1, "poster_path": "/test.jpg", "release_date": "2020-01-01", "title": "Test Movie"}], 
"total_pages": 1}

    [0m [90m 137 |[39m       )[33m;[39m
     [90m 138 |[39m
    [31m[1m>[22m[39m[90m 139 |[39m       [36mawait[39m 
expect(searchMovies([32m'test'[39m))[33m.[39mrejects[33m.[39mtoThrow([33mNetworkError[39m)[33m;[39m
     [90m     |[39m             [31m[1m^[22m[39m
     [90m 140 |[39m
     [90m 141 |[39m       (global[33m.[39mfetch [36mas[39m jest[33m.[39m[33mMock[39m)[33m.[39mmockResolvedValueOnce({
     [90m 142 |[39m         ok[33m:[39m [36mtrue[39m[33m,[39m[0m

      at expect (node_modules/expect/build/index.js:2116:15)
      at Object.expect (src/lib/api/tmdb-client.preservation.test.ts:139:13)

  ΓùÅ TMDb API Client - Preservation Property Tests for Error Handling ΓÇ║ Property: Error Handling Does Not Break Application State ΓÇ║ 
should not leave partial results after error

    expect(received).toBeInstanceOf(expected)

    Expected constructor: APIResponseError
    Received constructor: ReferenceError

    [0m [90m 214 |[39m         fail([32m'Should have thrown an error'[39m)[33m;[39m
     [90m 215 |[39m       } [36mcatch[39m (error) {
    [31m[1m>[22m[39m[90m 216 |[39m         expect(error)[33m.[39mtoBeInstanceOf([33mAPIResponseError[39m)[33m;[39m
     [90m     |[39m                       [31m[1m^[22m[39m
     [90m 217 |[39m       }
     [90m 218 |[39m     })[33m;[39m
     [90m 219 |[39m[0m

      at Object.toBeInstanceOf (src/lib/api/tmdb-client.preservation.test.ts:216:23)

  ΓùÅ TMDb API Client - Preservation Property Tests for Error Handling ΓÇ║ Property: Error Handling Does Not Break Application State ΓÇ║ 
should handle consecutive errors without state corruption

    expect(received).rejects.toThrow()

    Received promise resolved instead of rejected
    Resolved to value: {"page": 1, "results": [{"id": 1, "poster_path": "/test.jpg", "release_date": "2020-01-01", "title": "Test Movie"}], 
"total_pages": 1}

    [0m [90m 229 |[39m         })[33m;[39m
     [90m 230 |[39m
    [31m[1m>[22m[39m[90m 231 |[39m         [36mawait[39m 
expect(searchMovies([32m'test'[39m))[33m.[39mrejects[33m.[39mtoThrow([33mAPIResponseError[39m)[33m;[39m
     [90m     |[39m               [31m[1m^[22m[39m
     [90m 232 |[39m       }
     [90m 233 |[39m
     [90m 234 |[39m       (global[33m.[39mfetch [36mas[39m jest[33m.[39m[33mMock[39m)[33m.[39mmockResolvedValueOnce({[0m

      at expect (node_modules/expect/build/index.js:2116:15)
      at Object.expect (src/lib/api/tmdb-client.preservation.test.ts:231:15)

  ΓùÅ TMDb API Client - Preservation Property Tests for Error Handling ΓÇ║ Property: Error Handling Preserves API Behavior ΓÇ║ should 
successfully search for movies

    APIResponseError: Not found

    [0m [90m 147 |[39m         [32m`HTTP ${response.status}: ${response.statusText}`[39m[33m;[39m
     [90m 148 |[39m
    [31m[1m>[22m[39m[90m 149 |[39m       [36mconst[39m error [33m=[39m [36mnew[39m 
[33mAPIResponseError[39m(response[33m.[39mstatus[33m,[39m errorMessage[33m,[39m data)[33m;[39m
     [90m     |[39m                     [31m[1m^[22m[39m
     [90m 150 |[39m       logError(error[33m,[39m endpoint[33m,[39m attemptNumber)[33m;[39m
     [90m 151 |[39m
     [90m 152 |[39m       [90m// Retry if error is retryable and we haven't exceeded max retries[39m[0m

      at makeRequest (src/lib/api/tmdb-client.ts:149:21)
      at src/lib/api/tmdb-client.ts:259:20
      at Object.<anonymous> (src/lib/api/tmdb-client.preservation.test.ts:279:22)

  ΓùÅ TMDb API Client - Preservation Property Tests for Error Handling ΓÇ║ Property: Error Handling Preserves API Behavior ΓÇ║ should 
successfully get movie details

    APIResponseError: Not found

    [0m [90m 147 |[39m         [32m`HTTP ${response.status}: ${response.statusText}`[39m[33m;[39m
     [90m 148 |[39m
    [31m[1m>[22m[39m[90m 149 |[39m       [36mconst[39m error [33m=[39m [36mnew[39m 
[33mAPIResponseError[39m(response[33m.[39mstatus[33m,[39m errorMessage[33m,[39m data)[33m;[39m
     [90m     |[39m                     [31m[1m^[22m[39m
     [90m 150 |[39m       logError(error[33m,[39m endpoint[33m,[39m attemptNumber)[33m;[39m
     [90m 151 |[39m
     [90m 152 |[39m       [90m// Retry if error is retryable and we haven't exceeded max retries[39m[0m

      at makeRequest (src/lib/api/tmdb-client.ts:149:21)
      at getMovieDetails (src/lib/api/tmdb-client.ts:300:18)
      at Object.<anonymous> (src/lib/api/tmdb-client.preservation.test.ts:301:22)

  ΓùÅ TMDb API Client - Preservation Property Tests for Error Handling ΓÇ║ Property: Error Handling Preserves API Behavior ΓÇ║ should 
successfully get similar movies

    expect(received).toBe(expected) // Object.is equality

    Expected: "Interstellar"
    Received: "Inception"

    [0m [90m 326 |[39m       [36mconst[39m result [33m=[39m [36mawait[39m getSimilarMovies([35m1[39m)[33m;[39m
     [90m 327 |[39m       expect(result[33m.[39mresults)[33m.[39mtoHaveLength([35m1[39m)[33m;[39m
    [31m[1m>[22m[39m[90m 328 |[39m       
expect(result[33m.[39mresults[[35m0[39m][33m.[39mtitle)[33m.[39mtoBe([32m'Interstellar'[39m)[33m;[39m
     [90m     |[39m                                       [31m[1m^[22m[39m
     [90m 329 |[39m     })[33m;[39m
     [90m 330 |[39m
     [90m 331 |[39m     it([32m'should successfully get trending movies'[39m[33m,[39m [36masync[39m () [33m=>[39m {[0m

      at Object.toBe (src/lib/api/tmdb-client.preservation.test.ts:328:39)

  ΓùÅ TMDb API Client - Preservation Property Tests for Error Handling ΓÇ║ Property: Error Handling Preserves API Behavior ΓÇ║ should 
successfully get trending movies

    ValidationError: Invalid API response format: [
      {
        "expected": "array",
        "code": "invalid_type",
        "path": [
          "results"
        ],
        "message": "Invalid input: expected array, received undefined"
      },
      {
        "expected": "number",
        "code": "invalid_type",
        "path": [
          "page"
        ],
        "message": "Invalid input: expected number, received undefined"
      },
      {
        "expected": "number",
        "code": "invalid_type",
        "path": [
          "total_pages"
        ],
        "message": "Invalid input: expected number, received undefined"
      }
    ]

    [0m [90m 219 |[39m   } [36mcatch[39m (error) {
     [90m 220 |[39m     [36mif[39m (error [36minstanceof[39m [33mError[39m [33m&&[39m error[33m.[39mname [33m===[39m 
[32m'ZodError'[39m) {
    [31m[1m>[22m[39m[90m 221 |[39m       [36mconst[39m validationError [33m=[39m [36mnew[39m [33mValidationError[39m(
     [90m     |[39m                               [31m[1m^[22m[39m
     [90m 222 |[39m         [32m`Invalid API response format: ${error.message}`[39m[33m,[39m
     [90m 223 |[39m         error
     [90m 224 |[39m       )[33m;[39m[0m

      at getMoviesByTrending (src/lib/api/tmdb-client.ts:221:31)
      at Object.<anonymous> (src/lib/api/tmdb-client.preservation.test.ts:351:22)


Test Suites: 2 failed, 34 passed, 36 total
Tests:       11 failed, 879 passed, 890 total
Snapshots:   0 total
Time:        7.144 s
Ran all test suites.

